******************************************************************************
                  TI ARM Linker PC v5.2.5                      
******************************************************************************
>> Linked Fri Aug 26 04:55:15 2016

OUTPUT FILE NAME:   <Lab-04(b).out>
ENTRY POINT SYMBOL: "_c_int00"  address: 00003219


MEMORY CONFIGURATION

         name            origin    length      used     unused   attr    fill
----------------------  --------  ---------  --------  --------  ----  --------
  FLASH                 00000000   00040000  0000394e  0003c6b2  R  X
  SRAM                  20000000   00008000  000005d4  00007a2c  RW X


SEGMENT ALLOCATION MAP

run origin  load origin   length   init length attrs members
----------  ----------- ---------- ----------- ----- -------
00000000    00000000    00003950   00003950    r-x
  00000000    00000000    0000026c   0000026c    r-- .intvecs
  0000026c    0000026c    00003316   00003316    r-x .text
  00003584    00003584    0000034c   0000034c    r-- .const
  000038d0    000038d0    00000080   00000080    r-- .cinit
20000000    20000000    000005d8   00000000    rw-
  20000000    20000000    0000026c   00000000    rw- .vtable
  2000026c    2000026c    00000200   00000000    rw- .stack
  20000470    20000470    00000154   00000000    rw- .data
  200005c4    200005c4    00000014   00000000    rw- .bss


SECTION ALLOCATION MAP

 output                                  attributes/
section   page    origin      length       input sections
--------  ----  ----------  ----------   ----------------
.intvecs   0    00000000    0000026c     
                  00000000    0000026c     tm4c123gh6pm_startup_ccs.obj (.intvecs)

.text      0    0000026c    00003316     
                  0000026c    00002400     main.obj (.text)
                  0000266c    000001b6     rtsv7M4_T_le_v4SPD16_eabi.lib : fd_add_t2.obj (.text)
                  00002822    00000002     driverlib.lib : interrupt.obj (.text:_IntDefaultHandler)
                  00002824    00000148     rtsv7M4_T_le_v4SPD16_eabi.lib : sqrt.obj (.text)
                  0000296c    00000136                                   : fd_div_t2.obj (.text)
                  00002aa2    00000132     driverlib.lib : gpio.obj (.text:GPIOPadConfigSet)
                  00002bd4    00000110     rtsv7M4_T_le_v4SPD16_eabi.lib : xdscale.obj (.text)
                  00002ce4    000000fc                                   : fd_mul_t2.obj (.text)
                  00002de0    000000be                                   : xdnorm.obj (.text)
                  00002e9e    0000009c                                   : memcpy_t2.obj (.text)
                  00002f3a    0000007a                                   : memset_t2.obj (.text)
                  00002fb4    0000006c                                   : autoinit.obj (.text)
                  00003020    0000006a                                   : copy_decompress_rle.obj (.text)
                  0000308a    00000002     --HOLE-- [fill = 0]
                  0000308c    00000068     driverlib.lib : interrupt.obj (.text:IntDisable)
                  000030f4    00000068                   : interrupt.obj (.text:IntEnable)
                  0000315c    00000066     rtsv7M4_T_le_v4SPD16_eabi.lib : xdunscal.obj (.text)
                  000031c2    00000056                                   : ltoa.obj (.text)
                  00003218    00000050                                   : boot.obj (.text)
                  00003268    0000004c                                   : cpy_tbl.obj (.text)
                  000032b4    00000048     driverlib.lib : gpio.obj (.text:GPIOPinConfigure)
                  000032fc    00000048     rtsv7M4_T_le_v4SPD16_eabi.lib : fd_tos_t2.obj (.text)
                  00003344    00000044                                   : exit.obj (.text)
                  00003388    00000040                                   : signal.obj (.text)
                  000033c8    00000034     driverlib.lib : interrupt.obj (.text:IntRegister)
                  000033fc    00000034     rtsv7M4_T_le_v4SPD16_eabi.lib : feraiseexcept.obj (.text)
                  00003430    00000030                                   : xferaise.obj (.text)
                  00003460    0000002e                                   : raise.obj (.text)
                  0000348e    0000002a     driverlib.lib : gpio.obj (.text:GPIODirModeSet)
                  000034b8    00000020     rtsv7M4_T_le_v4SPD16_eabi.lib : u_tofd_t2.obj (.text)
                  000034d8    00000018     driverlib.lib : gpio.obj (.text:GPIOPinTypeGPIOOutput)
                  000034f0    00000018     rtsv7M4_T_le_v4SPD16_eabi.lib : args_main.obj (.text)
                  00003508    00000014     driverlib.lib : interrupt.obj (.text:IntUnregister)
                  0000351c    00000014     rtsv7M4_T_le_v4SPD16_eabi.lib : _lock.obj (.text)
                  00003530    00000012     driverlib.lib : gpio.obj (.text:GPIOPinTypeUART)
                  00003542    0000000e     rtsv7M4_T_le_v4SPD16_eabi.lib : copy_decompress_none.obj (.text:decompress:none)
                  00003550    0000000c                                   : copy_zero_init.obj (.text:decompress:ZI)
                  0000355c    0000000c     tm4c123gh6pm_startup_ccs.obj (.text)
                  00003568    00000006     driverlib.lib : gpio.obj (.text:GPIOPinWrite)
                  0000356e    00000006     main.obj (.text:SysCtlDelay)
                  00003574    00000006     rtsv7M4_T_le_v4SPD16_eabi.lib : copy_decompress_rle.obj (.text:decompress:rle24)
                  0000357a    00000004     driverlib.lib : cpu.obj (.text:CPUwfi)
                  0000357e    00000004     rtsv7M4_T_le_v4SPD16_eabi.lib : pre_init.obj (.text)

.const     0    00003584    0000034c     
                  00003584    00000120     main.obj (.const:g_pppui32XTALtoVCO)
                  000036a4    00000090     driverlib.lib : gpio.obj (.const:g_pui32GPIOBaseAddrs)
                  00003734    00000070                   : interrupt.obj (.const)
                  000037a4    0000006c     main.obj (.const:g_pui32Xtals)
                  00003810    00000040     main.obj (.const:g_ppui32UARTIntMap)
                  00003850    00000040     main.obj (.const:g_ppui32UARTIntMapSnowflake)
                  00003890    00000030     main.obj (.const:g_sXTALtoMEMTIM)
                  000038c0    00000010     main.obj (.const)

.cinit     0    000038d0    00000080     
                  000038d0    00000045     (.cinit..data.load) [load image, compression = rle]
                  00003915    00000003     --HOLE-- [fill = 0]
                  00003918    0000000c     (__TI_handler_table)
                  00003924    00000004     --HOLE-- [fill = 0]
                  00003928    00000008     (.cinit..bss.load) [load image, compression = zero_init]
                  00003930    00000008     (.cinit..vtable.load) [load image, compression = zero_init]
                  00003938    00000018     (__TI_cinit_table)

.init_array 
*          0    00000000    00000000     UNINITIALIZED

.vtable    0    20000000    0000026c     UNINITIALIZED
                  20000000    0000026c     driverlib.lib : interrupt.obj (.vtable)

.stack     0    2000026c    00000200     UNINITIALIZED
                  2000026c    00000200     --HOLE--

.data      0    20000470    00000154     UNINITIALIZED
                  20000470    000000b0     rtsv7M4_T_le_v4SPD16_eabi.lib : signal.obj (.data:sigtable)
                  20000520    00000080                                   : xvalues.obj (.data)
                  200005a0    00000008                                   : _lock.obj (.data)
                  200005a8    00000008                                   : exit.obj (.data)
                  200005b0    00000008                                   : feraiseexcept.obj (.data)
                  200005b8    00000004     main.obj (.data)
                  200005bc    00000004     rtsv7M4_T_le_v4SPD16_eabi.lib : errno.obj (.data)
                  200005c0    00000004                                   : stkdepth_vars.obj (.data)

.bss       0    200005c4    00000014     UNINITIALIZED
                  200005c4    0000000c     (.common:ulADC0Value)
                  200005d0    00000004     (.common:g_pui8OversampleFactor)
                  200005d4    00000004     (.common:temp)

.TI.persistent 
*          0    20000470    00000000     UNINITIALIZED

.TI.noinit 
*          0    200005c4    00000000     UNINITIALIZED


LINKER GENERATED COPY TABLES

__TI_cinit_table @ 00003938 records: 3, size/record: 8, table size: 24
	.data: load addr=000038d0, load size=00000045 bytes, run addr=20000470, run size=00000154 bytes, compression=rle
	.bss: load addr=00003928, load size=00000008 bytes, run addr=200005c4, run size=00000014 bytes, compression=zero_init
	.vtable: load addr=00003930, load size=00000008 bytes, run addr=20000000, run size=0000026c bytes, compression=zero_init


LINKER GENERATED HANDLER TABLE

__TI_handler_table @ 00003918 records: 3, size/record: 4, table size: 12
	index: 0, handler: __TI_zero_init
	index: 1, handler: __TI_decompress_rle24
	index: 2, handler: __TI_decompress_none


GLOBAL SYMBOLS: SORTED ALPHABETICALLY BY Name 

address   name                              
-------   ----                              
00000fdb  ADCBusy                           
00001023  ADCClockConfigGet                 
00000ff9  ADCClockConfigSet                 
00000dfb  ADCComparatorConfigure            
00000ecb  ADCComparatorIntClear             
00000e81  ADCComparatorIntDisable           
00000e9f  ADCComparatorIntEnable            
00000ebd  ADCComparatorIntStatus            
00000e17  ADCComparatorRegionSet            
00000e3b  ADCComparatorReset                
00000dc9  ADCHardwareOversampleConfigure    
000009df  ADCIntClear                       
00000f43  ADCIntClearEx                     
00000945  ADCIntDisable                     
00000edd  ADCIntDisableEx                   
00000961  ADCIntEnable                      
00000ef5  ADCIntEnableEx                    
000008ff  ADCIntRegister                    
00000987  ADCIntStatus                      
00000f11  ADCIntStatusEx                    
00000927  ADCIntUnregister                  
00000f95  ADCPhaseDelayGet                  
00000f83  ADCPhaseDelaySet                  
00000c3f  ADCProcessorTrigger               
00000f71  ADCReferenceGet                   
00000f55  ADCReferenceSet                   
00000a29  ADCSequenceConfigure              
00000fbf  ADCSequenceDMADisable             
00000fa3  ADCSequenceDMAEnable              
00000bfd  ADCSequenceDataGet                
00000a0f  ADCSequenceDisable                
000009f5  ADCSequenceEnable                 
00000ba1  ADCSequenceOverflow               
00000bb9  ADCSequenceOverflowClear          
00000aad  ADCSequenceStepConfigure          
00000bcf  ADCSequenceUnderflow              
00000be7  ADCSequenceUnderflowClear         
00000c63  ADCSoftwareOversampleConfigure    
00000d5b  ADCSoftwareOversampleDataGet      
00000c9b  ADCSoftwareOversampleStepConfigure
00003345  C$$EXIT                           
0000357b  CPUwfi                            
0000348f  GPIODirModeSet                    
00002aa3  GPIOPadConfigSet                  
000032b5  GPIOPinConfigure                  
000034d9  GPIOPinTypeGPIOOutput             
00003531  GPIOPinTypeUART                   
00003569  GPIOPinWrite                      
0000308d  IntDisable                        
000030f5  IntEnable                         
000033c9  IntRegister                       
00003509  IntUnregister                     
000024e3  LCDInit                           
000025bd  LCD_ClearScreen                   
000025d1  LCD_Go2Line1                      
000025e5  LCD_Go2Line2                      
00002561  LCD_WriteChar                     
00002531  LCD_WriteCommand                  
000025f5  LCD_WriteString                   
0000355d  ResetISR                          
UNDEFED   SHT$$INIT_ARRAY$$Base             
UNDEFED   SHT$$INIT_ARRAY$$Limit            
00001ef7  SysCtlAltClkConfig                
000016d1  SysCtlClockFreqSet                
00001bb5  SysCtlClockGet                    
00001edb  SysCtlClockOutConfig              
000019e9  SysCtlClockSet                    
000015d1  SysCtlDeepSleep                   
00001d7d  SysCtlDeepSleepClockConfigSet     
00001d61  SysCtlDeepSleepClockSet           
000015b1  SysCtlDeepSleepPowerSet           
0000356f  SysCtlDelay                       
0000115b  SysCtlFlashSectorSizeGet          
0000112f  SysCtlFlashSizeGet                
00001e53  SysCtlGPIOAHBDisable              
00001e37  SysCtlGPIOAHBEnable               
00001545  SysCtlIntClear                    
0000152d  SysCtlIntDisable                  
00001519  SysCtlIntEnable                   
000014f1  SysCtlIntRegister                 
00001555  SysCtlIntStatus                   
00001509  SysCtlIntUnregister               
00001597  SysCtlLDODeepSleepGet             
00001587  SysCtlLDODeepSleepSet             
00001581  SysCtlLDOSleepGet                 
00001571  SysCtlLDOSleepSet                 
00001607  SysCtlMOSCConfigSet               
00001ec7  SysCtlNMIClear                    
00001ec1  SysCtlNMIStatus                   
0000161d  SysCtlPIOSCCalibrate              
00001e21  SysCtlPWMClockGet                 
00001e07  SysCtlPWMClockSet                 
0000149d  SysCtlPeripheralClockGating       
00001455  SysCtlPeripheralDeepSleepDisable  
00001405  SysCtlPeripheralDeepSleepEnable   
0000133f  SysCtlPeripheralDisable           
00001303  SysCtlPeripheralEnable            
0000123f  SysCtlPeripheralPowerOff          
00001203  SysCtlPeripheralPowerOn           
00001183  SysCtlPeripheralPresent           
000011c3  SysCtlPeripheralReady             
0000127b  SysCtlPeripheralReset             
000013c9  SysCtlPeripheralSleepDisable      
00001385  SysCtlPeripheralSleepEnable       
000015c1  SysCtlReset                       
0000167d  SysCtlResetBehaviorGet            
0000166d  SysCtlResetBehaviorSet            
000015f3  SysCtlResetCauseClear             
000015ed  SysCtlResetCauseGet               
00001125  SysCtlSRAMSizeGet                 
000015c9  SysCtlSleep                       
0000159d  SysCtlSleepPowerSet               
00001e7b  SysCtlUSBPLLDisable               
00001e6f  SysCtlUSBPLLEnable                
00001ea9  SysCtlVoltageEventClear           
00001e8d  SysCtlVoltageEventConfig          
00001e9d  SysCtlVoltageEventStatus          
00000847  UART9BitAddrSend                  
00000821  UART9BitAddrSet                   
0000080b  UART9BitDisable                   
000007f5  UART9BitEnable                    
0000069b  UARTBreakCtl                      
000006c5  UARTBusy                          
00000643  UARTCharGet                       
00000627  UARTCharGetNonBlocking            
0000067d  UARTCharPut                       
00000659  UARTCharPutNonBlocking            
000005eb  UARTCharsAvail                    
000007e5  UARTClockSourceGet                
000007d1  UARTClockSourceSet                
000003b3  UARTConfigGetExpClk               
0000033d  UARTConfigSetExpClk               
00000797  UARTDMADisable                    
0000077f  UARTDMAEnable                     
00000423  UARTDisable                       
000004a7  UARTDisableSIR                    
000003ff  UARTEnable                        
00000479  UARTEnableSIR                     
00000463  UARTFIFODisable                   
0000044d  UARTFIFOEnable                    
00000315  UARTFIFOLevelGet                  
000002fd  UARTFIFOLevelSet                  
000005ab  UARTFlowControlGet                
0000058f  UARTFlowControlSet                
0000076d  UARTIntClear                      
00000737  UARTIntDisable                    
0000071f  UARTIntEnable                     
000006e3  UARTIntRegister                   
0000074f  UARTIntStatus                     
00000705  UARTIntUnregister                 
0000088f  UARTLoopbackEnable                
00000545  UARTModemControlClear             
00000569  UARTModemControlGet               
00000505  UARTModemControlSet               
0000057b  UARTModemStatusGet                
000002eb  UARTParityModeGet                 
000002cf  UARTParityModeSet                 
000007c1  UARTRxErrorClear                  
000007af  UARTRxErrorGet                    
000004ef  UARTSmartCardDisable              
000004bd  UARTSmartCardEnable               
00000609  UARTSpaceAvail                    
UNDEFED   UARTStdioConfig                   
000005d9  UARTTxIntModeGet                  
000005bd  UARTTxIntModeSet                  
UNDEFED   UARTprintf                        
20000520  _Denorm                           
00002de1  _Dnorm                            
00002bd5  _Dscale                           
0000315d  _Dunscale                         
20000530  _Eps                              
200005bc  _Errno                            
200005b0  _Fenv                             
00003431  _Feraise                          
20000540  _Hugeval                          
20000550  _Inf                              
20000560  _Nan                              
20000580  _Rteps                            
20000570  _Snan                             
200005b4  _Tls_setup__Fenv                  
20000590  _Xbig                             
20000598  _Zero                             
2000046c  __STACK_END                       
00000200  __STACK_SIZE                      
2000046c  __STACK_TOP                       
00003938  __TI_CINIT_Base                   
00003950  __TI_CINIT_Limit                  
00003918  __TI_Handler_Table_Base           
00003924  __TI_Handler_Table_Limit          
00002fb5  __TI_auto_init                    
200005a8  __TI_cleanup_ptr                  
00003543  __TI_decompress_none              
00003575  __TI_decompress_rle24             
200005ac  __TI_dtors_ptr                    
00000000  __TI_static_base__                
00003551  __TI_zero_init                    
000032fd  __aeabi_d2f                       
00002677  __aeabi_dadd                      
0000296d  __aeabi_ddiv                      
00002ce5  __aeabi_dmul                      
0000266d  __aeabi_dsub                      
00002f3b  __aeabi_memclr                    
00002f3b  __aeabi_memclr4                   
00002f3b  __aeabi_memclr8                   
00002e9f  __aeabi_memcpy                    
00002e9f  __aeabi_memcpy4                   
00002e9f  __aeabi_memcpy8                   
00002f3d  __aeabi_memset                    
00002f3d  __aeabi_memset4                   
00002f3d  __aeabi_memset8                   
000034b9  __aeabi_ui2d                      
ffffffff  __binit__                         
ffffffff  __c_args__                        
2000026c  __stack                           
000034f1  _args_main                        
00003219  _c_int00                          
200005a0  _lock                             
0000352b  _nop                              
00003523  _register_lock                    
0000351d  _register_unlock                  
0000357f  _system_pre_init                  
200005a4  _unlock                           
00003349  abort                             
00001f3d  adc_init                          
ffffffff  binit                             
00003269  copy_in                           
200005b8  count                             
000024d9  delay                             
00002583  enable                            
00003351  exit                              
000033fd  feraiseexcept                     
20000000  g_pfnRAMVectors                   
00000000  g_pfnVectors                      
00001f11  hardware_init                     
00002337  impact                            
00001fb1  inituart                          
000031c3  ltoa                              
00002045  main                              
200005c0  main_func_sp                      
00002e9f  memcpy                            
00002f43  memset                            
00003461  raise                             
00003389  signal                            
00002825  sqrt                              
200005d4  temp                              
200005c4  ulADC0Value                       


GLOBAL SYMBOLS: SORTED BY Symbol Address 

address   name                              
-------   ----                              
00000000  __TI_static_base__                
00000000  g_pfnVectors                      
00000200  __STACK_SIZE                      
000002cf  UARTParityModeSet                 
000002eb  UARTParityModeGet                 
000002fd  UARTFIFOLevelSet                  
00000315  UARTFIFOLevelGet                  
0000033d  UARTConfigSetExpClk               
000003b3  UARTConfigGetExpClk               
000003ff  UARTEnable                        
00000423  UARTDisable                       
0000044d  UARTFIFOEnable                    
00000463  UARTFIFODisable                   
00000479  UARTEnableSIR                     
000004a7  UARTDisableSIR                    
000004bd  UARTSmartCardEnable               
000004ef  UARTSmartCardDisable              
00000505  UARTModemControlSet               
00000545  UARTModemControlClear             
00000569  UARTModemControlGet               
0000057b  UARTModemStatusGet                
0000058f  UARTFlowControlSet                
000005ab  UARTFlowControlGet                
000005bd  UARTTxIntModeSet                  
000005d9  UARTTxIntModeGet                  
000005eb  UARTCharsAvail                    
00000609  UARTSpaceAvail                    
00000627  UARTCharGetNonBlocking            
00000643  UARTCharGet                       
00000659  UARTCharPutNonBlocking            
0000067d  UARTCharPut                       
0000069b  UARTBreakCtl                      
000006c5  UARTBusy                          
000006e3  UARTIntRegister                   
00000705  UARTIntUnregister                 
0000071f  UARTIntEnable                     
00000737  UARTIntDisable                    
0000074f  UARTIntStatus                     
0000076d  UARTIntClear                      
0000077f  UARTDMAEnable                     
00000797  UARTDMADisable                    
000007af  UARTRxErrorGet                    
000007c1  UARTRxErrorClear                  
000007d1  UARTClockSourceSet                
000007e5  UARTClockSourceGet                
000007f5  UART9BitEnable                    
0000080b  UART9BitDisable                   
00000821  UART9BitAddrSet                   
00000847  UART9BitAddrSend                  
0000088f  UARTLoopbackEnable                
000008ff  ADCIntRegister                    
00000927  ADCIntUnregister                  
00000945  ADCIntDisable                     
00000961  ADCIntEnable                      
00000987  ADCIntStatus                      
000009df  ADCIntClear                       
000009f5  ADCSequenceEnable                 
00000a0f  ADCSequenceDisable                
00000a29  ADCSequenceConfigure              
00000aad  ADCSequenceStepConfigure          
00000ba1  ADCSequenceOverflow               
00000bb9  ADCSequenceOverflowClear          
00000bcf  ADCSequenceUnderflow              
00000be7  ADCSequenceUnderflowClear         
00000bfd  ADCSequenceDataGet                
00000c3f  ADCProcessorTrigger               
00000c63  ADCSoftwareOversampleConfigure    
00000c9b  ADCSoftwareOversampleStepConfigure
00000d5b  ADCSoftwareOversampleDataGet      
00000dc9  ADCHardwareOversampleConfigure    
00000dfb  ADCComparatorConfigure            
00000e17  ADCComparatorRegionSet            
00000e3b  ADCComparatorReset                
00000e81  ADCComparatorIntDisable           
00000e9f  ADCComparatorIntEnable            
00000ebd  ADCComparatorIntStatus            
00000ecb  ADCComparatorIntClear             
00000edd  ADCIntDisableEx                   
00000ef5  ADCIntEnableEx                    
00000f11  ADCIntStatusEx                    
00000f43  ADCIntClearEx                     
00000f55  ADCReferenceSet                   
00000f71  ADCReferenceGet                   
00000f83  ADCPhaseDelaySet                  
00000f95  ADCPhaseDelayGet                  
00000fa3  ADCSequenceDMAEnable              
00000fbf  ADCSequenceDMADisable             
00000fdb  ADCBusy                           
00000ff9  ADCClockConfigSet                 
00001023  ADCClockConfigGet                 
00001125  SysCtlSRAMSizeGet                 
0000112f  SysCtlFlashSizeGet                
0000115b  SysCtlFlashSectorSizeGet          
00001183  SysCtlPeripheralPresent           
000011c3  SysCtlPeripheralReady             
00001203  SysCtlPeripheralPowerOn           
0000123f  SysCtlPeripheralPowerOff          
0000127b  SysCtlPeripheralReset             
00001303  SysCtlPeripheralEnable            
0000133f  SysCtlPeripheralDisable           
00001385  SysCtlPeripheralSleepEnable       
000013c9  SysCtlPeripheralSleepDisable      
00001405  SysCtlPeripheralDeepSleepEnable   
00001455  SysCtlPeripheralDeepSleepDisable  
0000149d  SysCtlPeripheralClockGating       
000014f1  SysCtlIntRegister                 
00001509  SysCtlIntUnregister               
00001519  SysCtlIntEnable                   
0000152d  SysCtlIntDisable                  
00001545  SysCtlIntClear                    
00001555  SysCtlIntStatus                   
00001571  SysCtlLDOSleepSet                 
00001581  SysCtlLDOSleepGet                 
00001587  SysCtlLDODeepSleepSet             
00001597  SysCtlLDODeepSleepGet             
0000159d  SysCtlSleepPowerSet               
000015b1  SysCtlDeepSleepPowerSet           
000015c1  SysCtlReset                       
000015c9  SysCtlSleep                       
000015d1  SysCtlDeepSleep                   
000015ed  SysCtlResetCauseGet               
000015f3  SysCtlResetCauseClear             
00001607  SysCtlMOSCConfigSet               
0000161d  SysCtlPIOSCCalibrate              
0000166d  SysCtlResetBehaviorSet            
0000167d  SysCtlResetBehaviorGet            
000016d1  SysCtlClockFreqSet                
000019e9  SysCtlClockSet                    
00001bb5  SysCtlClockGet                    
00001d61  SysCtlDeepSleepClockSet           
00001d7d  SysCtlDeepSleepClockConfigSet     
00001e07  SysCtlPWMClockSet                 
00001e21  SysCtlPWMClockGet                 
00001e37  SysCtlGPIOAHBEnable               
00001e53  SysCtlGPIOAHBDisable              
00001e6f  SysCtlUSBPLLEnable                
00001e7b  SysCtlUSBPLLDisable               
00001e8d  SysCtlVoltageEventConfig          
00001e9d  SysCtlVoltageEventStatus          
00001ea9  SysCtlVoltageEventClear           
00001ec1  SysCtlNMIStatus                   
00001ec7  SysCtlNMIClear                    
00001edb  SysCtlClockOutConfig              
00001ef7  SysCtlAltClkConfig                
00001f11  hardware_init                     
00001f3d  adc_init                          
00001fb1  inituart                          
00002045  main                              
00002337  impact                            
000024d9  delay                             
000024e3  LCDInit                           
00002531  LCD_WriteCommand                  
00002561  LCD_WriteChar                     
00002583  enable                            
000025bd  LCD_ClearScreen                   
000025d1  LCD_Go2Line1                      
000025e5  LCD_Go2Line2                      
000025f5  LCD_WriteString                   
0000266d  __aeabi_dsub                      
00002677  __aeabi_dadd                      
00002825  sqrt                              
0000296d  __aeabi_ddiv                      
00002aa3  GPIOPadConfigSet                  
00002bd5  _Dscale                           
00002ce5  __aeabi_dmul                      
00002de1  _Dnorm                            
00002e9f  __aeabi_memcpy                    
00002e9f  __aeabi_memcpy4                   
00002e9f  __aeabi_memcpy8                   
00002e9f  memcpy                            
00002f3b  __aeabi_memclr                    
00002f3b  __aeabi_memclr4                   
00002f3b  __aeabi_memclr8                   
00002f3d  __aeabi_memset                    
00002f3d  __aeabi_memset4                   
00002f3d  __aeabi_memset8                   
00002f43  memset                            
00002fb5  __TI_auto_init                    
0000308d  IntDisable                        
000030f5  IntEnable                         
0000315d  _Dunscale                         
000031c3  ltoa                              
00003219  _c_int00                          
00003269  copy_in                           
000032b5  GPIOPinConfigure                  
000032fd  __aeabi_d2f                       
00003345  C$$EXIT                           
00003349  abort                             
00003351  exit                              
00003389  signal                            
000033c9  IntRegister                       
000033fd  feraiseexcept                     
00003431  _Feraise                          
00003461  raise                             
0000348f  GPIODirModeSet                    
000034b9  __aeabi_ui2d                      
000034d9  GPIOPinTypeGPIOOutput             
000034f1  _args_main                        
00003509  IntUnregister                     
0000351d  _register_unlock                  
00003523  _register_lock                    
0000352b  _nop                              
00003531  GPIOPinTypeUART                   
00003543  __TI_decompress_none              
00003551  __TI_zero_init                    
0000355d  ResetISR                          
00003569  GPIOPinWrite                      
0000356f  SysCtlDelay                       
00003575  __TI_decompress_rle24             
0000357b  CPUwfi                            
0000357f  _system_pre_init                  
00003918  __TI_Handler_Table_Base           
00003924  __TI_Handler_Table_Limit          
00003938  __TI_CINIT_Base                   
00003950  __TI_CINIT_Limit                  
20000000  g_pfnRAMVectors                   
2000026c  __stack                           
2000046c  __STACK_END                       
2000046c  __STACK_TOP                       
20000520  _Denorm                           
20000530  _Eps                              
20000540  _Hugeval                          
20000550  _Inf                              
20000560  _Nan                              
20000570  _Snan                             
20000580  _Rteps                            
20000590  _Xbig                             
20000598  _Zero                             
200005a0  _lock                             
200005a4  _unlock                           
200005a8  __TI_cleanup_ptr                  
200005ac  __TI_dtors_ptr                    
200005b0  _Fenv                             
200005b4  _Tls_setup__Fenv                  
200005b8  count                             
200005bc  _Errno                            
200005c0  main_func_sp                      
200005c4  ulADC0Value                       
200005d4  temp                              
ffffffff  __binit__                         
ffffffff  __c_args__                        
ffffffff  binit                             
UNDEFED   SHT$$INIT_ARRAY$$Base             
UNDEFED   SHT$$INIT_ARRAY$$Limit            
UNDEFED   UARTStdioConfig                   
UNDEFED   UARTprintf                        

[246 symbols]
