<?xml version="1.0"?>
<link_info>
   <banner>TI ARM Linker PC v5.2.5</banner>
   <copyright>Copyright (c) 1996-2015 Texas Instruments Incorporated</copyright>
   <link_time>0x57bf7e5b</link_time>
   <link_errors>0x1</link_errors>
   <output_file>Lab-04(b).out</output_file>
   <entry_point>
      <name>_c_int00</name>
      <address>0x3219</address>
   </entry_point>
   <input_file_list>
      <input_file id="fl-2">
         <path>.\</path>
         <kind>object</kind>
         <file>main.obj</file>
         <name>main.obj</name>
      </input_file>
      <input_file id="fl-3">
         <path>.\</path>
         <kind>object</kind>
         <file>tm4c123gh6pm_startup_ccs.obj</file>
         <name>tm4c123gh6pm_startup_ccs.obj</name>
      </input_file>
      <input_file id="fl-9">
         <path>C:\ti\TivaWare_C_Series-2.1.2.111\driverlib\ccs\Debug\</path>
         <kind>archive</kind>
         <file>driverlib.lib</file>
         <name>cpu.obj</name>
      </input_file>
      <input_file id="fl-a">
         <path>C:\ti\TivaWare_C_Series-2.1.2.111\driverlib\ccs\Debug\</path>
         <kind>archive</kind>
         <file>driverlib.lib</file>
         <name>gpio.obj</name>
      </input_file>
      <input_file id="fl-b">
         <path>C:\ti\TivaWare_C_Series-2.1.2.111\driverlib\ccs\Debug\</path>
         <kind>archive</kind>
         <file>driverlib.lib</file>
         <name>interrupt.obj</name>
      </input_file>
      <input_file id="fl-12d">
         <path>C:\ti\ccsv6\tools\compiler\ti-cgt-arm_5.2.5\lib\</path>
         <kind>archive</kind>
         <file>rtsv7M4_T_le_v4SPD16_eabi.lib</file>
         <name>boot.obj</name>
      </input_file>
      <input_file id="fl-12e">
         <path>C:\ti\ccsv6\tools\compiler\ti-cgt-arm_5.2.5\lib\</path>
         <kind>archive</kind>
         <file>rtsv7M4_T_le_v4SPD16_eabi.lib</file>
         <name>copy_decompress_none.obj</name>
      </input_file>
      <input_file id="fl-12f">
         <path>C:\ti\ccsv6\tools\compiler\ti-cgt-arm_5.2.5\lib\</path>
         <kind>archive</kind>
         <file>rtsv7M4_T_le_v4SPD16_eabi.lib</file>
         <name>copy_decompress_rle.obj</name>
      </input_file>
      <input_file id="fl-130">
         <path>C:\ti\ccsv6\tools\compiler\ti-cgt-arm_5.2.5\lib\</path>
         <kind>archive</kind>
         <file>rtsv7M4_T_le_v4SPD16_eabi.lib</file>
         <name>copy_zero_init.obj</name>
      </input_file>
      <input_file id="fl-131">
         <path>C:\ti\ccsv6\tools\compiler\ti-cgt-arm_5.2.5\lib\</path>
         <kind>archive</kind>
         <file>rtsv7M4_T_le_v4SPD16_eabi.lib</file>
         <name>exit.obj</name>
      </input_file>
      <input_file id="fl-132">
         <path>C:\ti\ccsv6\tools\compiler\ti-cgt-arm_5.2.5\lib\</path>
         <kind>archive</kind>
         <file>rtsv7M4_T_le_v4SPD16_eabi.lib</file>
         <name>fd_tos_t2.obj</name>
      </input_file>
      <input_file id="fl-133">
         <path>C:\ti\ccsv6\tools\compiler\ti-cgt-arm_5.2.5\lib\</path>
         <kind>archive</kind>
         <file>rtsv7M4_T_le_v4SPD16_eabi.lib</file>
         <name>ltoa.obj</name>
      </input_file>
      <input_file id="fl-134">
         <path>C:\ti\ccsv6\tools\compiler\ti-cgt-arm_5.2.5\lib\</path>
         <kind>archive</kind>
         <file>rtsv7M4_T_le_v4SPD16_eabi.lib</file>
         <name>memcpy_t2.obj</name>
      </input_file>
      <input_file id="fl-135">
         <path>C:\ti\ccsv6\tools\compiler\ti-cgt-arm_5.2.5\lib\</path>
         <kind>archive</kind>
         <file>rtsv7M4_T_le_v4SPD16_eabi.lib</file>
         <name>memset_t2.obj</name>
      </input_file>
      <input_file id="fl-136">
         <path>C:\ti\ccsv6\tools\compiler\ti-cgt-arm_5.2.5\lib\</path>
         <kind>archive</kind>
         <file>rtsv7M4_T_le_v4SPD16_eabi.lib</file>
         <name>pre_init.obj</name>
      </input_file>
      <input_file id="fl-137">
         <path>C:\ti\ccsv6\tools\compiler\ti-cgt-arm_5.2.5\lib\</path>
         <kind>archive</kind>
         <file>rtsv7M4_T_le_v4SPD16_eabi.lib</file>
         <name>sqrt.obj</name>
      </input_file>
      <input_file id="fl-138">
         <path>C:\ti\ccsv6\tools\compiler\ti-cgt-arm_5.2.5\lib\</path>
         <kind>archive</kind>
         <file>rtsv7M4_T_le_v4SPD16_eabi.lib</file>
         <name>stkdepth_vars.obj</name>
      </input_file>
      <input_file id="fl-139">
         <path>C:\ti\ccsv6\tools\compiler\ti-cgt-arm_5.2.5\lib\</path>
         <kind>archive</kind>
         <file>rtsv7M4_T_le_v4SPD16_eabi.lib</file>
         <name>u_tofd_t2.obj</name>
      </input_file>
      <input_file id="fl-13a">
         <path>C:\ti\ccsv6\tools\compiler\ti-cgt-arm_5.2.5\lib\</path>
         <kind>archive</kind>
         <file>rtsv7M4_T_le_v4SPD16_eabi.lib</file>
         <name>xdscale.obj</name>
      </input_file>
      <input_file id="fl-13b">
         <path>C:\ti\ccsv6\tools\compiler\ti-cgt-arm_5.2.5\lib\</path>
         <kind>archive</kind>
         <file>rtsv7M4_T_le_v4SPD16_eabi.lib</file>
         <name>xdunscal.obj</name>
      </input_file>
      <input_file id="fl-13c">
         <path>C:\ti\ccsv6\tools\compiler\ti-cgt-arm_5.2.5\lib\</path>
         <kind>archive</kind>
         <file>rtsv7M4_T_le_v4SPD16_eabi.lib</file>
         <name>xferaise.obj</name>
      </input_file>
      <input_file id="fl-13d">
         <path>C:\ti\ccsv6\tools\compiler\ti-cgt-arm_5.2.5\lib\</path>
         <kind>archive</kind>
         <file>rtsv7M4_T_le_v4SPD16_eabi.lib</file>
         <name>xvalues.obj</name>
      </input_file>
      <input_file id="fl-13e">
         <path>C:\ti\ccsv6\tools\compiler\ti-cgt-arm_5.2.5\lib\</path>
         <kind>archive</kind>
         <file>rtsv7M4_T_le_v4SPD16_eabi.lib</file>
         <name>_lock.obj</name>
      </input_file>
      <input_file id="fl-13f">
         <path>C:\ti\ccsv6\tools\compiler\ti-cgt-arm_5.2.5\lib\</path>
         <kind>archive</kind>
         <file>rtsv7M4_T_le_v4SPD16_eabi.lib</file>
         <name>args_main.obj</name>
      </input_file>
      <input_file id="fl-140">
         <path>C:\ti\ccsv6\tools\compiler\ti-cgt-arm_5.2.5\lib\</path>
         <kind>archive</kind>
         <file>rtsv7M4_T_le_v4SPD16_eabi.lib</file>
         <name>autoinit.obj</name>
      </input_file>
      <input_file id="fl-141">
         <path>C:\ti\ccsv6\tools\compiler\ti-cgt-arm_5.2.5\lib\</path>
         <kind>archive</kind>
         <file>rtsv7M4_T_le_v4SPD16_eabi.lib</file>
         <name>cpy_tbl.obj</name>
      </input_file>
      <input_file id="fl-142">
         <path>C:\ti\ccsv6\tools\compiler\ti-cgt-arm_5.2.5\lib\</path>
         <kind>archive</kind>
         <file>rtsv7M4_T_le_v4SPD16_eabi.lib</file>
         <name>errno.obj</name>
      </input_file>
      <input_file id="fl-143">
         <path>C:\ti\ccsv6\tools\compiler\ti-cgt-arm_5.2.5\lib\</path>
         <kind>archive</kind>
         <file>rtsv7M4_T_le_v4SPD16_eabi.lib</file>
         <name>fd_add_t2.obj</name>
      </input_file>
      <input_file id="fl-144">
         <path>C:\ti\ccsv6\tools\compiler\ti-cgt-arm_5.2.5\lib\</path>
         <kind>archive</kind>
         <file>rtsv7M4_T_le_v4SPD16_eabi.lib</file>
         <name>fd_div_t2.obj</name>
      </input_file>
      <input_file id="fl-145">
         <path>C:\ti\ccsv6\tools\compiler\ti-cgt-arm_5.2.5\lib\</path>
         <kind>archive</kind>
         <file>rtsv7M4_T_le_v4SPD16_eabi.lib</file>
         <name>fd_mul_t2.obj</name>
      </input_file>
      <input_file id="fl-146">
         <path>C:\ti\ccsv6\tools\compiler\ti-cgt-arm_5.2.5\lib\</path>
         <kind>archive</kind>
         <file>rtsv7M4_T_le_v4SPD16_eabi.lib</file>
         <name>feraiseexcept.obj</name>
      </input_file>
      <input_file id="fl-147">
         <path>C:\ti\ccsv6\tools\compiler\ti-cgt-arm_5.2.5\lib\</path>
         <kind>archive</kind>
         <file>rtsv7M4_T_le_v4SPD16_eabi.lib</file>
         <name>raise.obj</name>
      </input_file>
      <input_file id="fl-148">
         <path>C:\ti\ccsv6\tools\compiler\ti-cgt-arm_5.2.5\lib\</path>
         <kind>archive</kind>
         <file>rtsv7M4_T_le_v4SPD16_eabi.lib</file>
         <name>signal.obj</name>
      </input_file>
      <input_file id="fl-149">
         <path>C:\ti\ccsv6\tools\compiler\ti-cgt-arm_5.2.5\lib\</path>
         <kind>archive</kind>
         <file>rtsv7M4_T_le_v4SPD16_eabi.lib</file>
         <name>xdnorm.obj</name>
      </input_file>
   </input_file_list>
   <object_component_list>
      <object_component id="oc-f">
         <name>.intvecs</name>
         <load_address>0x0</load_address>
         <run_address>0x0</run_address>
         <size>0x26c</size>
         <input_file_ref idref="fl-3"/>
      </object_component>
      <object_component id="oc-9d">
         <name>.text</name>
         <load_address>0x26c</load_address>
         <run_address>0x26c</run_address>
         <size>0x2400</size>
         <input_file_ref idref="fl-2"/>
      </object_component>
      <object_component id="oc-187">
         <name>.text</name>
         <load_address>0x266c</load_address>
         <run_address>0x266c</run_address>
         <size>0x1b6</size>
         <input_file_ref idref="fl-143"/>
      </object_component>
      <object_component id="oc-157">
         <name>.text:_IntDefaultHandler</name>
         <load_address>0x2822</load_address>
         <run_address>0x2822</run_address>
         <size>0x2</size>
         <input_file_ref idref="fl-b"/>
      </object_component>
      <object_component id="oc-114">
         <name>.text</name>
         <load_address>0x2824</load_address>
         <run_address>0x2824</run_address>
         <size>0x148</size>
         <input_file_ref idref="fl-137"/>
      </object_component>
      <object_component id="oc-191">
         <name>.text</name>
         <load_address>0x296c</load_address>
         <run_address>0x296c</run_address>
         <size>0x136</size>
         <input_file_ref idref="fl-144"/>
      </object_component>
      <object_component id="oc-16b">
         <name>.text:GPIOPadConfigSet</name>
         <load_address>0x2aa2</load_address>
         <run_address>0x2aa2</run_address>
         <size>0x132</size>
         <input_file_ref idref="fl-a"/>
      </object_component>
      <object_component id="oc-196">
         <name>.text</name>
         <load_address>0x2bd4</load_address>
         <run_address>0x2bd4</run_address>
         <size>0x110</size>
         <input_file_ref idref="fl-13a"/>
      </object_component>
      <object_component id="oc-18c">
         <name>.text</name>
         <load_address>0x2ce4</load_address>
         <run_address>0x2ce4</run_address>
         <size>0xfc</size>
         <input_file_ref idref="fl-145"/>
      </object_component>
      <object_component id="oc-1bc">
         <name>.text</name>
         <load_address>0x2de0</load_address>
         <run_address>0x2de0</run_address>
         <size>0xbe</size>
         <input_file_ref idref="fl-149"/>
      </object_component>
      <object_component id="oc-33">
         <name>.text</name>
         <load_address>0x2e9e</load_address>
         <run_address>0x2e9e</run_address>
         <size>0x9c</size>
         <input_file_ref idref="fl-134"/>
      </object_component>
      <object_component id="oc-4c">
         <name>.text</name>
         <load_address>0x2f3a</load_address>
         <run_address>0x2f3a</run_address>
         <size>0x7a</size>
         <input_file_ref idref="fl-135"/>
      </object_component>
      <object_component id="oc-5e">
         <name>.text</name>
         <load_address>0x2fb4</load_address>
         <run_address>0x2fb4</run_address>
         <size>0x6c</size>
         <input_file_ref idref="fl-140"/>
      </object_component>
      <object_component id="oc-3f">
         <name>.text</name>
         <load_address>0x3020</load_address>
         <run_address>0x3020</run_address>
         <size>0x6a</size>
         <input_file_ref idref="fl-12f"/>
      </object_component>
      <object_component id="oc-d8">
         <name>.text:IntDisable</name>
         <load_address>0x308c</load_address>
         <run_address>0x308c</run_address>
         <size>0x68</size>
         <input_file_ref idref="fl-b"/>
      </object_component>
      <object_component id="oc-d2">
         <name>.text:IntEnable</name>
         <load_address>0x30f4</load_address>
         <run_address>0x30f4</run_address>
         <size>0x68</size>
         <input_file_ref idref="fl-b"/>
      </object_component>
      <object_component id="oc-181">
         <name>.text</name>
         <load_address>0x315c</load_address>
         <run_address>0x315c</run_address>
         <size>0x66</size>
         <input_file_ref idref="fl-13b"/>
      </object_component>
      <object_component id="oc-109">
         <name>.text</name>
         <load_address>0x31c2</load_address>
         <run_address>0x31c2</run_address>
         <size>0x56</size>
         <input_file_ref idref="fl-133"/>
      </object_component>
      <object_component id="oc-24">
         <name>.text</name>
         <load_address>0x3218</load_address>
         <run_address>0x3218</run_address>
         <size>0x50</size>
         <input_file_ref idref="fl-12d"/>
      </object_component>
      <object_component id="oc-95">
         <name>.text</name>
         <load_address>0x3268</load_address>
         <run_address>0x3268</run_address>
         <size>0x4c</size>
         <input_file_ref idref="fl-141"/>
      </object_component>
      <object_component id="oc-fd">
         <name>.text:GPIOPinConfigure</name>
         <load_address>0x32b4</load_address>
         <run_address>0x32b4</run_address>
         <size>0x48</size>
         <input_file_ref idref="fl-a"/>
      </object_component>
      <object_component id="oc-11a">
         <name>.text</name>
         <load_address>0x32fc</load_address>
         <run_address>0x32fc</run_address>
         <size>0x48</size>
         <input_file_ref idref="fl-132"/>
      </object_component>
      <object_component id="oc-6a">
         <name>.text</name>
         <load_address>0x3344</load_address>
         <run_address>0x3344</run_address>
         <size>0x44</size>
         <input_file_ref idref="fl-131"/>
      </object_component>
      <object_component id="oc-1ef">
         <name>.text</name>
         <load_address>0x3388</load_address>
         <run_address>0x3388</run_address>
         <size>0x40</size>
         <input_file_ref idref="fl-148"/>
      </object_component>
      <object_component id="oc-cc">
         <name>.text:IntRegister</name>
         <load_address>0x33c8</load_address>
         <run_address>0x33c8</run_address>
         <size>0x34</size>
         <input_file_ref idref="fl-b"/>
      </object_component>
      <object_component id="oc-1c9">
         <name>.text</name>
         <load_address>0x33fc</load_address>
         <run_address>0x33fc</run_address>
         <size>0x34</size>
         <input_file_ref idref="fl-146"/>
      </object_component>
      <object_component id="oc-19c">
         <name>.text</name>
         <load_address>0x3430</load_address>
         <run_address>0x3430</run_address>
         <size>0x30</size>
         <input_file_ref idref="fl-13c"/>
      </object_component>
      <object_component id="oc-1e0">
         <name>.text</name>
         <load_address>0x3460</load_address>
         <run_address>0x3460</run_address>
         <size>0x2e</size>
         <input_file_ref idref="fl-147"/>
      </object_component>
      <object_component id="oc-171">
         <name>.text:GPIODirModeSet</name>
         <load_address>0x348e</load_address>
         <run_address>0x348e</run_address>
         <size>0x2a</size>
         <input_file_ref idref="fl-a"/>
      </object_component>
      <object_component id="oc-10f">
         <name>.text</name>
         <load_address>0x34b8</load_address>
         <run_address>0x34b8</run_address>
         <size>0x20</size>
         <input_file_ref idref="fl-139"/>
      </object_component>
      <object_component id="oc-f7">
         <name>.text:GPIOPinTypeGPIOOutput</name>
         <load_address>0x34d8</load_address>
         <run_address>0x34d8</run_address>
         <size>0x18</size>
         <input_file_ref idref="fl-a"/>
      </object_component>
      <object_component id="oc-64">
         <name>.text</name>
         <load_address>0x34f0</load_address>
         <run_address>0x34f0</run_address>
         <size>0x18</size>
         <input_file_ref idref="fl-13f"/>
      </object_component>
      <object_component id="oc-de">
         <name>.text:IntUnregister</name>
         <load_address>0x3508</load_address>
         <run_address>0x3508</run_address>
         <size>0x14</size>
         <input_file_ref idref="fl-b"/>
      </object_component>
      <object_component id="oc-132">
         <name>.text</name>
         <load_address>0x351c</load_address>
         <run_address>0x351c</run_address>
         <size>0x14</size>
         <input_file_ref idref="fl-13e"/>
      </object_component>
      <object_component id="oc-103">
         <name>.text:GPIOPinTypeUART</name>
         <load_address>0x3530</load_address>
         <run_address>0x3530</run_address>
         <size>0x12</size>
         <input_file_ref idref="fl-a"/>
      </object_component>
      <object_component id="oc-12">
         <name>.text:decompress:none</name>
         <load_address>0x3542</load_address>
         <run_address>0x3542</run_address>
         <size>0xe</size>
         <input_file_ref idref="fl-12e"/>
      </object_component>
      <object_component id="oc-1e">
         <name>.text:decompress:ZI</name>
         <load_address>0x3550</load_address>
         <run_address>0x3550</run_address>
         <size>0xc</size>
         <input_file_ref idref="fl-130"/>
      </object_component>
      <object_component id="oc-2a">
         <name>.text</name>
         <load_address>0x355c</load_address>
         <run_address>0x355c</run_address>
         <size>0xc</size>
         <input_file_ref idref="fl-3"/>
      </object_component>
      <object_component id="oc-11f">
         <name>.text:GPIOPinWrite</name>
         <load_address>0x3568</load_address>
         <run_address>0x3568</run_address>
         <size>0x6</size>
         <input_file_ref idref="fl-a"/>
      </object_component>
      <object_component id="oc-f6">
         <name>.text:SysCtlDelay</name>
         <load_address>0x356e</load_address>
         <run_address>0x356e</run_address>
         <size>0x6</size>
         <input_file_ref idref="fl-2"/>
      </object_component>
      <object_component id="oc-18">
         <name>.text:decompress:rle24</name>
         <load_address>0x3574</load_address>
         <run_address>0x3574</run_address>
         <size>0x6</size>
         <input_file_ref idref="fl-12f"/>
      </object_component>
      <object_component id="oc-ea">
         <name>.text:CPUwfi</name>
         <load_address>0x357a</load_address>
         <run_address>0x357a</run_address>
         <size>0x4</size>
         <input_file_ref idref="fl-9"/>
      </object_component>
      <object_component id="oc-58">
         <name>.text</name>
         <load_address>0x357e</load_address>
         <run_address>0x357e</run_address>
         <size>0x4</size>
         <input_file_ref idref="fl-136"/>
      </object_component>
      <object_component id="oc-f3">
         <name>.const:g_pppui32XTALtoVCO</name>
         <load_address>0x3584</load_address>
         <run_address>0x3584</run_address>
         <size>0x120</size>
         <input_file_ref idref="fl-2"/>
      </object_component>
      <object_component id="oc-179">
         <name>.const:g_pui32GPIOBaseAddrs</name>
         <load_address>0x36a4</load_address>
         <run_address>0x36a4</run_address>
         <size>0x90</size>
         <input_file_ref idref="fl-a"/>
      </object_component>
      <object_component id="oc-152">
         <name>.const</name>
         <load_address>0x3734</load_address>
         <run_address>0x3734</run_address>
         <size>0x70</size>
         <input_file_ref idref="fl-b"/>
      </object_component>
      <object_component id="oc-f0">
         <name>.const:g_pui32Xtals</name>
         <load_address>0x37a4</load_address>
         <run_address>0x37a4</run_address>
         <size>0x6c</size>
         <input_file_ref idref="fl-2"/>
      </object_component>
      <object_component id="oc-c3">
         <name>.const:g_ppui32UARTIntMap</name>
         <load_address>0x3810</load_address>
         <run_address>0x3810</run_address>
         <size>0x40</size>
         <input_file_ref idref="fl-2"/>
      </object_component>
      <object_component id="oc-c9">
         <name>.const:g_ppui32UARTIntMapSnowflake</name>
         <load_address>0x3850</load_address>
         <run_address>0x3850</run_address>
         <size>0x40</size>
         <input_file_ref idref="fl-2"/>
      </object_component>
      <object_component id="oc-e7">
         <name>.const:g_sXTALtoMEMTIM</name>
         <load_address>0x3890</load_address>
         <run_address>0x3890</run_address>
         <size>0x30</size>
         <input_file_ref idref="fl-2"/>
      </object_component>
      <object_component id="oc-c6">
         <name>.const</name>
         <load_address>0x38c0</load_address>
         <run_address>0x38c0</run_address>
         <size>0x10</size>
         <input_file_ref idref="fl-2"/>
      </object_component>
      <object_component id="oc-238">
         <name>.cinit..data.load</name>
         <load_address>0x38d0</load_address>
         <run_address>0x38d0</run_address>
         <size>0x45</size>
      </object_component>
      <object_component id="oc-235">
         <name>__TI_handler_table</name>
         <load_address>0x3918</load_address>
         <run_address>0x3918</run_address>
         <size>0xc</size>
      </object_component>
      <object_component id="oc-239">
         <name>.cinit..bss.load</name>
         <load_address>0x3928</load_address>
         <run_address>0x3928</run_address>
         <size>0x8</size>
      </object_component>
      <object_component id="oc-237">
         <name>.cinit..vtable.load</name>
         <load_address>0x3930</load_address>
         <run_address>0x3930</run_address>
         <size>0x8</size>
      </object_component>
      <object_component id="oc-236">
         <name>__TI_cinit_table</name>
         <load_address>0x3938</load_address>
         <run_address>0x3938</run_address>
         <size>0x18</size>
      </object_component>
      <object_component id="oc-14d">
         <name>.vtable</name>
         <uninitialized>true</uninitialized>
         <run_address>0x20000000</run_address>
         <size>0x26c</size>
         <input_file_ref idref="fl-b"/>
      </object_component>
      <object_component id="oc-29">
         <name>.stack</name>
         <uninitialized>true</uninitialized>
         <run_address>0x2000026c</run_address>
         <size>0x0</size>
         <input_file_ref idref="fl-12d"/>
      </object_component>
      <object_component id="oc-23a">
         <name>.stack</name>
         <uninitialized>true</uninitialized>
         <run_address>0x2000026c</run_address>
         <size>0x0</size>
      </object_component>
      <object_component id="oc-e4">
         <name>.common:g_pui8OversampleFactor</name>
         <uninitialized>true</uninitialized>
         <run_address>0x200005d0</run_address>
         <size>0x4</size>
      </object_component>
      <object_component id="oc-128">
         <name>.common:temp</name>
         <uninitialized>true</uninitialized>
         <run_address>0x200005d4</run_address>
         <size>0x4</size>
      </object_component>
      <object_component id="oc-129">
         <name>.common:ulADC0Value</name>
         <uninitialized>true</uninitialized>
         <run_address>0x200005c4</run_address>
         <size>0xc</size>
      </object_component>
      <object_component id="oc-125">
         <name>.data</name>
         <load_address>0x200005b8</load_address>
         <run_address>0x200005b8</run_address>
         <size>0x4</size>
         <input_file_ref idref="fl-2"/>
      </object_component>
      <object_component id="oc-a8">
         <name>.data</name>
         <load_address>0x200005a8</load_address>
         <run_address>0x200005a8</run_address>
         <size>0x8</size>
         <input_file_ref idref="fl-131"/>
      </object_component>
      <object_component id="oc-70">
         <name>.data</name>
         <load_address>0x200005c0</load_address>
         <run_address>0x200005c0</run_address>
         <size>0x4</size>
         <input_file_ref idref="fl-138"/>
      </object_component>
      <object_component id="oc-1a2">
         <name>.data</name>
         <load_address>0x20000520</load_address>
         <run_address>0x20000520</run_address>
         <size>0x80</size>
         <input_file_ref idref="fl-13d"/>
      </object_component>
      <object_component id="oc-a5">
         <name>.data</name>
         <load_address>0x200005a0</load_address>
         <run_address>0x200005a0</run_address>
         <size>0x8</size>
         <input_file_ref idref="fl-13e"/>
      </object_component>
      <object_component id="oc-1cf">
         <name>.data</name>
         <load_address>0x200005bc</load_address>
         <run_address>0x200005bc</run_address>
         <size>0x4</size>
         <input_file_ref idref="fl-142"/>
      </object_component>
      <object_component id="oc-1e6">
         <name>.data</name>
         <load_address>0x200005b0</load_address>
         <run_address>0x200005b0</run_address>
         <size>0x8</size>
         <input_file_ref idref="fl-146"/>
      </object_component>
      <object_component id="oc-202">
         <name>.data:sigtable</name>
         <load_address>0x20000470</load_address>
         <run_address>0x20000470</run_address>
         <size>0xb0</size>
         <input_file_ref idref="fl-148"/>
      </object_component>
      <object_component id="oc-e5">
         <name>.debug_info</name>
         <load_address>0x0</load_address>
         <run_address>0x0</run_address>
         <size>0x529</size>
         <input_file_ref idref="fl-2"/>
      </object_component>
      <object_component id="oc-c4">
         <name>.debug_info</name>
         <load_address>0x529</load_address>
         <run_address>0x529</run_address>
         <size>0xe1</size>
         <input_file_ref idref="fl-2"/>
      </object_component>
      <object_component id="oc-c7">
         <name>.debug_info</name>
         <load_address>0x60a</load_address>
         <run_address>0x60a</run_address>
         <size>0x166</size>
         <input_file_ref idref="fl-2"/>
      </object_component>
      <object_component id="oc-ca">
         <name>.debug_info</name>
         <load_address>0x770</load_address>
         <run_address>0x770</run_address>
         <size>0xf3</size>
         <input_file_ref idref="fl-2"/>
      </object_component>
      <object_component id="oc-f1">
         <name>.debug_info</name>
         <load_address>0x863</load_address>
         <run_address>0x863</run_address>
         <size>0xd5</size>
         <input_file_ref idref="fl-2"/>
      </object_component>
      <object_component id="oc-f4">
         <name>.debug_info</name>
         <load_address>0x938</load_address>
         <run_address>0x938</run_address>
         <size>0xe1</size>
         <input_file_ref idref="fl-2"/>
      </object_component>
      <object_component id="oc-e8">
         <name>.debug_info</name>
         <load_address>0xa19</load_address>
         <run_address>0xa19</run_address>
         <size>0xdb</size>
         <input_file_ref idref="fl-2"/>
      </object_component>
      <object_component id="oc-126">
         <name>.debug_info</name>
         <load_address>0xaf4</load_address>
         <run_address>0xaf4</run_address>
         <size>0xc8</size>
         <input_file_ref idref="fl-2"/>
      </object_component>
      <object_component id="oc-9e">
         <name>.debug_info</name>
         <load_address>0xbbc</load_address>
         <run_address>0xbbc</run_address>
         <size>0xab65</size>
         <input_file_ref idref="fl-2"/>
      </object_component>
      <object_component id="oc-160">
         <name>.debug_info</name>
         <load_address>0xb721</load_address>
         <run_address>0xb721</run_address>
         <size>0x51</size>
         <input_file_ref idref="fl-2"/>
      </object_component>
      <object_component id="oc-b0">
         <name>.debug_info</name>
         <load_address>0xb772</load_address>
         <run_address>0xb772</run_address>
         <size>0x8b</size>
         <input_file_ref idref="fl-2"/>
      </object_component>
      <object_component id="oc-7c">
         <name>.debug_info</name>
         <load_address>0xb7fd</load_address>
         <run_address>0xb7fd</run_address>
         <size>0x18b</size>
         <input_file_ref idref="fl-2"/>
      </object_component>
      <object_component id="oc-32">
         <name>.debug_info</name>
         <load_address>0xb988</load_address>
         <run_address>0xb988</run_address>
         <size>0x105</size>
         <input_file_ref idref="fl-3"/>
      </object_component>
      <object_component id="oc-10">
         <name>.debug_info</name>
         <load_address>0xba8d</load_address>
         <run_address>0xba8d</run_address>
         <size>0xea</size>
         <input_file_ref idref="fl-3"/>
      </object_component>
      <object_component id="oc-2b">
         <name>.debug_info</name>
         <load_address>0xbb77</load_address>
         <run_address>0xbb77</run_address>
         <size>0x266</size>
         <input_file_ref idref="fl-3"/>
      </object_component>
      <object_component id="oc-77">
         <name>.debug_info</name>
         <load_address>0xbddd</load_address>
         <run_address>0xbddd</run_address>
         <size>0x84</size>
         <input_file_ref idref="fl-3"/>
      </object_component>
      <object_component id="oc-eb">
         <name>.debug_info</name>
         <load_address>0xbe61</load_address>
         <run_address>0xbe61</run_address>
         <size>0x20a</size>
         <input_file_ref idref="fl-9"/>
      </object_component>
      <object_component id="oc-178">
         <name>.debug_info</name>
         <load_address>0xc06b</load_address>
         <run_address>0xc06b</run_address>
         <size>0x230</size>
         <input_file_ref idref="fl-a"/>
      </object_component>
      <object_component id="oc-17a">
         <name>.debug_info</name>
         <load_address>0xc29b</load_address>
         <run_address>0xc29b</run_address>
         <size>0x15b</size>
         <input_file_ref idref="fl-a"/>
      </object_component>
      <object_component id="oc-120">
         <name>.debug_info</name>
         <load_address>0xc3f6</load_address>
         <run_address>0xc3f6</run_address>
         <size>0x2a3</size>
         <input_file_ref idref="fl-a"/>
      </object_component>
      <object_component id="oc-172">
         <name>.debug_info</name>
         <load_address>0xc699</load_address>
         <run_address>0xc699</run_address>
         <size>0x2b3</size>
         <input_file_ref idref="fl-a"/>
      </object_component>
      <object_component id="oc-16c">
         <name>.debug_info</name>
         <load_address>0xc94c</load_address>
         <run_address>0xc94c</run_address>
         <size>0x316</size>
         <input_file_ref idref="fl-a"/>
      </object_component>
      <object_component id="oc-104">
         <name>.debug_info</name>
         <load_address>0xcc62</load_address>
         <run_address>0xcc62</run_address>
         <size>0x27b</size>
         <input_file_ref idref="fl-a"/>
      </object_component>
      <object_component id="oc-f8">
         <name>.debug_info</name>
         <load_address>0xcedd</load_address>
         <run_address>0xcedd</run_address>
         <size>0x2b7</size>
         <input_file_ref idref="fl-a"/>
      </object_component>
      <object_component id="oc-fe">
         <name>.debug_info</name>
         <load_address>0xd194</load_address>
         <run_address>0xd194</run_address>
         <size>0x280</size>
         <input_file_ref idref="fl-a"/>
      </object_component>
      <object_component id="oc-151">
         <name>.debug_info</name>
         <load_address>0xd414</load_address>
         <run_address>0xd414</run_address>
         <size>0x20e</size>
         <input_file_ref idref="fl-b"/>
      </object_component>
      <object_component id="oc-153">
         <name>.debug_info</name>
         <load_address>0xd622</load_address>
         <run_address>0xd622</run_address>
         <size>0x210</size>
         <input_file_ref idref="fl-b"/>
      </object_component>
      <object_component id="oc-14e">
         <name>.debug_info</name>
         <load_address>0xd832</load_address>
         <run_address>0xd832</run_address>
         <size>0x157</size>
         <input_file_ref idref="fl-b"/>
      </object_component>
      <object_component id="oc-159">
         <name>.debug_info</name>
         <load_address>0xd989</load_address>
         <run_address>0xd989</run_address>
         <size>0x225</size>
         <input_file_ref idref="fl-b"/>
      </object_component>
      <object_component id="oc-e0">
         <name>.debug_info</name>
         <load_address>0xdbae</load_address>
         <run_address>0xdbae</run_address>
         <size>0x270</size>
         <input_file_ref idref="fl-b"/>
      </object_component>
      <object_component id="oc-cd">
         <name>.debug_info</name>
         <load_address>0xde1e</load_address>
         <run_address>0xde1e</run_address>
         <size>0x2c1</size>
         <input_file_ref idref="fl-b"/>
      </object_component>
      <object_component id="oc-d3">
         <name>.debug_info</name>
         <load_address>0xe0df</load_address>
         <run_address>0xe0df</run_address>
         <size>0x268</size>
         <input_file_ref idref="fl-b"/>
      </object_component>
      <object_component id="oc-d9">
         <name>.debug_info</name>
         <load_address>0xe347</load_address>
         <run_address>0xe347</run_address>
         <size>0x26a</size>
         <input_file_ref idref="fl-b"/>
      </object_component>
      <object_component id="oc-25">
         <name>.debug_info</name>
         <load_address>0xe5b1</load_address>
         <run_address>0xe5b1</run_address>
         <size>0x134</size>
         <input_file_ref idref="fl-12d"/>
      </object_component>
      <object_component id="oc-3e">
         <name>.debug_info</name>
         <load_address>0xe6e5</load_address>
         <run_address>0xe6e5</run_address>
         <size>0x121</size>
         <input_file_ref idref="fl-12e"/>
      </object_component>
      <object_component id="oc-13">
         <name>.debug_info</name>
         <load_address>0xe806</load_address>
         <run_address>0xe806</run_address>
         <size>0x1c0</size>
         <input_file_ref idref="fl-12e"/>
      </object_component>
      <object_component id="oc-39">
         <name>.debug_info</name>
         <load_address>0xe9c6</load_address>
         <run_address>0xe9c6</run_address>
         <size>0x46</size>
         <input_file_ref idref="fl-12e"/>
      </object_component>
      <object_component id="oc-82">
         <name>.debug_info</name>
         <load_address>0xea0c</load_address>
         <run_address>0xea0c</run_address>
         <size>0x2c</size>
         <input_file_ref idref="fl-12e"/>
      </object_component>
      <object_component id="oc-46">
         <name>.debug_info</name>
         <load_address>0xea38</load_address>
         <run_address>0xea38</run_address>
         <size>0x115</size>
         <input_file_ref idref="fl-12f"/>
      </object_component>
      <object_component id="oc-41">
         <name>.debug_info</name>
         <load_address>0xeb4d</load_address>
         <run_address>0xeb4d</run_address>
         <size>0x228</size>
         <input_file_ref idref="fl-12f"/>
      </object_component>
      <object_component id="oc-1a">
         <name>.debug_info</name>
         <load_address>0xed75</load_address>
         <run_address>0xed75</run_address>
         <size>0x192</size>
         <input_file_ref idref="fl-12f"/>
      </object_component>
      <object_component id="oc-47">
         <name>.debug_info</name>
         <load_address>0xef07</load_address>
         <run_address>0xef07</run_address>
         <size>0x39</size>
         <input_file_ref idref="fl-12f"/>
      </object_component>
      <object_component id="oc-8c">
         <name>.debug_info</name>
         <load_address>0xef40</load_address>
         <run_address>0xef40</run_address>
         <size>0x2c</size>
         <input_file_ref idref="fl-12f"/>
      </object_component>
      <object_component id="oc-57">
         <name>.debug_info</name>
         <load_address>0xef6c</load_address>
         <run_address>0xef6c</run_address>
         <size>0x110</size>
         <input_file_ref idref="fl-130"/>
      </object_component>
      <object_component id="oc-1f">
         <name>.debug_info</name>
         <load_address>0xf07c</load_address>
         <run_address>0xf07c</run_address>
         <size>0x18b</size>
         <input_file_ref idref="fl-130"/>
      </object_component>
      <object_component id="oc-52">
         <name>.debug_info</name>
         <load_address>0xf207</load_address>
         <run_address>0xf207</run_address>
         <size>0x46</size>
         <input_file_ref idref="fl-130"/>
      </object_component>
      <object_component id="oc-ac">
         <name>.debug_info</name>
         <load_address>0xf24d</load_address>
         <run_address>0xf24d</run_address>
         <size>0x172</size>
         <input_file_ref idref="fl-131"/>
      </object_component>
      <object_component id="oc-a9">
         <name>.debug_info</name>
         <load_address>0xf3bf</load_address>
         <run_address>0xf3bf</run_address>
         <size>0x117</size>
         <input_file_ref idref="fl-131"/>
      </object_component>
      <object_component id="oc-6d">
         <name>.debug_info</name>
         <load_address>0xf4d6</load_address>
         <run_address>0xf4d6</run_address>
         <size>0x1ee</size>
         <input_file_ref idref="fl-131"/>
      </object_component>
      <object_component id="oc-11c">
         <name>.debug_info</name>
         <load_address>0xf6c4</load_address>
         <run_address>0xf6c4</run_address>
         <size>0x112</size>
         <input_file_ref idref="fl-132"/>
      </object_component>
      <object_component id="oc-17f">
         <name>.debug_info</name>
         <load_address>0xf7d6</load_address>
         <run_address>0xf7d6</run_address>
         <size>0x12d</size>
         <input_file_ref idref="fl-133"/>
      </object_component>
      <object_component id="oc-10a">
         <name>.debug_info</name>
         <load_address>0xf903</load_address>
         <run_address>0xf903</run_address>
         <size>0x1a3</size>
         <input_file_ref idref="fl-133"/>
      </object_component>
      <object_component id="oc-35">
         <name>.debug_info</name>
         <load_address>0xfaa6</load_address>
         <run_address>0xfaa6</run_address>
         <size>0xf6</size>
         <input_file_ref idref="fl-134"/>
      </object_component>
      <object_component id="oc-4d">
         <name>.debug_info</name>
         <load_address>0xfb9c</load_address>
         <run_address>0xfb9c</run_address>
         <size>0x124</size>
         <input_file_ref idref="fl-135"/>
      </object_component>
      <object_component id="oc-59">
         <name>.debug_info</name>
         <load_address>0xfcc0</load_address>
         <run_address>0xfcc0</run_address>
         <size>0x129</size>
         <input_file_ref idref="fl-136"/>
      </object_component>
      <object_component id="oc-1ec">
         <name>.debug_info</name>
         <load_address>0xfde9</load_address>
         <run_address>0xfde9</run_address>
         <size>0x15f</size>
         <input_file_ref idref="fl-137"/>
      </object_component>
      <object_component id="oc-115">
         <name>.debug_info</name>
         <load_address>0xff48</load_address>
         <run_address>0xff48</run_address>
         <size>0x263</size>
         <input_file_ref idref="fl-137"/>
      </object_component>
      <object_component id="oc-1d5">
         <name>.debug_info</name>
         <load_address>0x101ab</load_address>
         <run_address>0x101ab</run_address>
         <size>0x86</size>
         <input_file_ref idref="fl-137"/>
      </object_component>
      <object_component id="oc-71">
         <name>.debug_info</name>
         <load_address>0x10231</load_address>
         <run_address>0x10231</run_address>
         <size>0xea</size>
         <input_file_ref idref="fl-138"/>
      </object_component>
      <object_component id="oc-110">
         <name>.debug_info</name>
         <load_address>0x1031b</load_address>
         <run_address>0x1031b</run_address>
         <size>0x10b</size>
         <input_file_ref idref="fl-139"/>
      </object_component>
      <object_component id="oc-1c8">
         <name>.debug_info</name>
         <load_address>0x10426</load_address>
         <run_address>0x10426</run_address>
         <size>0x111</size>
         <input_file_ref idref="fl-13a"/>
      </object_component>
      <object_component id="oc-197">
         <name>.debug_info</name>
         <load_address>0x10537</load_address>
         <run_address>0x10537</run_address>
         <size>0x192</size>
         <input_file_ref idref="fl-13a"/>
      </object_component>
      <object_component id="oc-1c3">
         <name>.debug_info</name>
         <load_address>0x106c9</load_address>
         <run_address>0x106c9</run_address>
         <size>0xfb</size>
         <input_file_ref idref="fl-13b"/>
      </object_component>
      <object_component id="oc-183">
         <name>.debug_info</name>
         <load_address>0x107c4</load_address>
         <run_address>0x107c4</run_address>
         <size>0x173</size>
         <input_file_ref idref="fl-13b"/>
      </object_component>
      <object_component id="oc-19d">
         <name>.debug_info</name>
         <load_address>0x10937</load_address>
         <run_address>0x10937</run_address>
         <size>0x153</size>
         <input_file_ref idref="fl-13c"/>
      </object_component>
      <object_component id="oc-1a3">
         <name>.debug_info</name>
         <load_address>0x10a8a</load_address>
         <run_address>0x10a8a</run_address>
         <size>0x1b5</size>
         <input_file_ref idref="fl-13d"/>
      </object_component>
      <object_component id="oc-13a">
         <name>.debug_info</name>
         <load_address>0x10c3f</load_address>
         <run_address>0x10c3f</run_address>
         <size>0x105</size>
         <input_file_ref idref="fl-13e"/>
      </object_component>
      <object_component id="oc-a6">
         <name>.debug_info</name>
         <load_address>0x10d44</load_address>
         <run_address>0x10d44</run_address>
         <size>0xf4</size>
         <input_file_ref idref="fl-13e"/>
      </object_component>
      <object_component id="oc-135">
         <name>.debug_info</name>
         <load_address>0x10e38</load_address>
         <run_address>0x10e38</run_address>
         <size>0x200</size>
         <input_file_ref idref="fl-13e"/>
      </object_component>
      <object_component id="oc-a4">
         <name>.debug_info</name>
         <load_address>0x11038</load_address>
         <run_address>0x11038</run_address>
         <size>0x147</size>
         <input_file_ref idref="fl-13f"/>
      </object_component>
      <object_component id="oc-65">
         <name>.debug_info</name>
         <load_address>0x1117f</load_address>
         <run_address>0x1117f</run_address>
         <size>0x148</size>
         <input_file_ref idref="fl-13f"/>
      </object_component>
      <object_component id="oc-12d">
         <name>.debug_info</name>
         <load_address>0x112c7</load_address>
         <run_address>0x112c7</run_address>
         <size>0x5e</size>
         <input_file_ref idref="fl-13f"/>
      </object_component>
      <object_component id="oc-9c">
         <name>.debug_info</name>
         <load_address>0x11325</load_address>
         <run_address>0x11325</run_address>
         <size>0x29e</size>
         <input_file_ref idref="fl-140"/>
      </object_component>
      <object_component id="oc-5f">
         <name>.debug_info</name>
         <load_address>0x115c3</load_address>
         <run_address>0x115c3</run_address>
         <size>0x158</size>
         <input_file_ref idref="fl-140"/>
      </object_component>
      <object_component id="oc-b9">
         <name>.debug_info</name>
         <load_address>0x1171b</load_address>
         <run_address>0x1171b</run_address>
         <size>0x39</size>
         <input_file_ref idref="fl-140"/>
      </object_component>
      <object_component id="oc-be">
         <name>.debug_info</name>
         <load_address>0x11754</load_address>
         <run_address>0x11754</run_address>
         <size>0xcd</size>
         <input_file_ref idref="fl-140"/>
      </object_component>
      <object_component id="oc-b6">
         <name>.debug_info</name>
         <load_address>0x11821</load_address>
         <run_address>0x11821</run_address>
         <size>0x1c1</size>
         <input_file_ref idref="fl-141"/>
      </object_component>
      <object_component id="oc-96">
         <name>.debug_info</name>
         <load_address>0x119e2</load_address>
         <run_address>0x119e2</run_address>
         <size>0x164</size>
         <input_file_ref idref="fl-141"/>
      </object_component>
      <object_component id="oc-142">
         <name>.debug_info</name>
         <load_address>0x11b46</load_address>
         <run_address>0x11b46</run_address>
         <size>0x2c</size>
         <input_file_ref idref="fl-141"/>
      </object_component>
      <object_component id="oc-1d0">
         <name>.debug_info</name>
         <load_address>0x11b72</load_address>
         <run_address>0x11b72</run_address>
         <size>0xd6</size>
         <input_file_ref idref="fl-142"/>
      </object_component>
      <object_component id="oc-189">
         <name>.debug_info</name>
         <load_address>0x11c48</load_address>
         <run_address>0x11c48</run_address>
         <size>0x129</size>
         <input_file_ref idref="fl-143"/>
      </object_component>
      <object_component id="oc-192">
         <name>.debug_info</name>
         <load_address>0x11d71</load_address>
         <run_address>0x11d71</run_address>
         <size>0x117</size>
         <input_file_ref idref="fl-144"/>
      </object_component>
      <object_component id="oc-18d">
         <name>.debug_info</name>
         <load_address>0x11e88</load_address>
         <run_address>0x11e88</run_address>
         <size>0x117</size>
         <input_file_ref idref="fl-145"/>
      </object_component>
      <object_component id="oc-1fe">
         <name>.debug_info</name>
         <load_address>0x11f9f</load_address>
         <run_address>0x11f9f</run_address>
         <size>0x13e</size>
         <input_file_ref idref="fl-146"/>
      </object_component>
      <object_component id="oc-1e7">
         <name>.debug_info</name>
         <load_address>0x120dd</load_address>
         <run_address>0x120dd</run_address>
         <size>0x10e</size>
         <input_file_ref idref="fl-146"/>
      </object_component>
      <object_component id="oc-1ca">
         <name>.debug_info</name>
         <load_address>0x121eb</load_address>
         <run_address>0x121eb</run_address>
         <size>0x16f</size>
         <input_file_ref idref="fl-146"/>
      </object_component>
      <object_component id="oc-1f9">
         <name>.debug_info</name>
         <load_address>0x1235a</load_address>
         <run_address>0x1235a</run_address>
         <size>0x6f</size>
         <input_file_ref idref="fl-146"/>
      </object_component>
      <object_component id="oc-1f6">
         <name>.debug_info</name>
         <load_address>0x123c9</load_address>
         <run_address>0x123c9</run_address>
         <size>0xfd</size>
         <input_file_ref idref="fl-147"/>
      </object_component>
      <object_component id="oc-1e1">
         <name>.debug_info</name>
         <load_address>0x124c6</load_address>
         <run_address>0x124c6</run_address>
         <size>0x154</size>
         <input_file_ref idref="fl-147"/>
      </object_component>
      <object_component id="oc-209">
         <name>.debug_info</name>
         <load_address>0x1261a</load_address>
         <run_address>0x1261a</run_address>
         <size>0x2c</size>
         <input_file_ref idref="fl-147"/>
      </object_component>
      <object_component id="oc-206">
         <name>.debug_info</name>
         <load_address>0x12646</load_address>
         <run_address>0x12646</run_address>
         <size>0x11d</size>
         <input_file_ref idref="fl-148"/>
      </object_component>
      <object_component id="oc-203">
         <name>.debug_info</name>
         <load_address>0x12763</load_address>
         <run_address>0x12763</run_address>
         <size>0xdb</size>
         <input_file_ref idref="fl-148"/>
      </object_component>
      <object_component id="oc-1f0">
         <name>.debug_info</name>
         <load_address>0x1283e</load_address>
         <run_address>0x1283e</run_address>
         <size>0x16a</size>
         <input_file_ref idref="fl-148"/>
      </object_component>
      <object_component id="oc-1db">
         <name>.debug_info</name>
         <load_address>0x129a8</load_address>
         <run_address>0x129a8</run_address>
         <size>0xc6</size>
         <input_file_ref idref="fl-149"/>
      </object_component>
      <object_component id="oc-1be">
         <name>.debug_info</name>
         <load_address>0x12a6e</load_address>
         <run_address>0x12a6e</run_address>
         <size>0x14d</size>
         <input_file_ref idref="fl-149"/>
      </object_component>
      <object_component id="oc-23b">
         <name>.debug_info</name>
         <load_address>0x12bbb</load_address>
         <run_address>0x12bbb</run_address>
         <size>0xa4</size>
      </object_component>
      <object_component id="oc-15f">
         <name>.debug_line</name>
         <load_address>0x0</load_address>
         <run_address>0x0</run_address>
         <size>0x1f5</size>
         <input_file_ref idref="fl-2"/>
      </object_component>
      <object_component id="oc-148">
         <name>.debug_line</name>
         <load_address>0x1f5</load_address>
         <run_address>0x1f5</run_address>
         <size>0x56</size>
         <input_file_ref idref="fl-2"/>
      </object_component>
      <object_component id="oc-14a">
         <name>.debug_line</name>
         <load_address>0x24b</load_address>
         <run_address>0x24b</run_address>
         <size>0x8e</size>
         <input_file_ref idref="fl-2"/>
      </object_component>
      <object_component id="oc-14c">
         <name>.debug_line</name>
         <load_address>0x2d9</load_address>
         <run_address>0x2d9</run_address>
         <size>0x56</size>
         <input_file_ref idref="fl-2"/>
      </object_component>
      <object_component id="oc-168">
         <name>.debug_line</name>
         <load_address>0x32f</load_address>
         <run_address>0x32f</run_address>
         <size>0x58</size>
         <input_file_ref idref="fl-2"/>
      </object_component>
      <object_component id="oc-16a">
         <name>.debug_line</name>
         <load_address>0x387</load_address>
         <run_address>0x387</run_address>
         <size>0x58</size>
         <input_file_ref idref="fl-2"/>
      </object_component>
      <object_component id="oc-165">
         <name>.debug_line</name>
         <load_address>0x3df</load_address>
         <run_address>0x3df</run_address>
         <size>0x58</size>
         <input_file_ref idref="fl-2"/>
      </object_component>
      <object_component id="oc-1a9">
         <name>.debug_line</name>
         <load_address>0x437</load_address>
         <run_address>0x437</run_address>
         <size>0x2d</size>
         <input_file_ref idref="fl-2"/>
      </object_component>
      <object_component id="oc-a1">
         <name>.debug_line</name>
         <load_address>0x464</load_address>
         <run_address>0x464</run_address>
         <size>0x1c78</size>
         <input_file_ref idref="fl-2"/>
      </object_component>
      <object_component id="oc-162">
         <name>.debug_line</name>
         <load_address>0x20dc</load_address>
         <run_address>0x20dc</run_address>
         <size>0x58</size>
         <input_file_ref idref="fl-2"/>
      </object_component>
      <object_component id="oc-b3">
         <name>.debug_line</name>
         <load_address>0x2134</load_address>
         <run_address>0x2134</run_address>
         <size>0x20</size>
         <input_file_ref idref="fl-2"/>
      </object_component>
      <object_component id="oc-7f">
         <name>.debug_line</name>
         <load_address>0x2154</load_address>
         <run_address>0x2154</run_address>
         <size>0x60</size>
         <input_file_ref idref="fl-2"/>
      </object_component>
      <object_component id="oc-76">
         <name>.debug_line</name>
         <load_address>0x21b4</load_address>
         <run_address>0x21b4</run_address>
         <size>0x41</size>
         <input_file_ref idref="fl-3"/>
      </object_component>
      <object_component id="oc-31">
         <name>.debug_line</name>
         <load_address>0x21f5</load_address>
         <run_address>0x21f5</run_address>
         <size>0x41</size>
         <input_file_ref idref="fl-3"/>
      </object_component>
      <object_component id="oc-2e">
         <name>.debug_line</name>
         <load_address>0x2236</load_address>
         <run_address>0x2236</run_address>
         <size>0xa1</size>
         <input_file_ref idref="fl-3"/>
      </object_component>
      <object_component id="oc-7a">
         <name>.debug_line</name>
         <load_address>0x22d7</load_address>
         <run_address>0x22d7</run_address>
         <size>0x20</size>
         <input_file_ref idref="fl-3"/>
      </object_component>
      <object_component id="oc-ee">
         <name>.debug_line</name>
         <load_address>0x22f7</load_address>
         <run_address>0x22f7</run_address>
         <size>0x8e</size>
         <input_file_ref idref="fl-9"/>
      </object_component>
      <object_component id="oc-1b7">
         <name>.debug_line</name>
         <load_address>0x2385</load_address>
         <run_address>0x2385</run_address>
         <size>0x82</size>
         <input_file_ref idref="fl-a"/>
      </object_component>
      <object_component id="oc-1b9">
         <name>.debug_line</name>
         <load_address>0x2407</load_address>
         <run_address>0x2407</run_address>
         <size>0x7d</size>
         <input_file_ref idref="fl-a"/>
      </object_component>
      <object_component id="oc-123">
         <name>.debug_line</name>
         <load_address>0x2484</load_address>
         <run_address>0x2484</run_address>
         <size>0x92</size>
         <input_file_ref idref="fl-a"/>
      </object_component>
      <object_component id="oc-175">
         <name>.debug_line</name>
         <load_address>0x2516</load_address>
         <run_address>0x2516</run_address>
         <size>0x95</size>
         <input_file_ref idref="fl-a"/>
      </object_component>
      <object_component id="oc-16f">
         <name>.debug_line</name>
         <load_address>0x25ab</load_address>
         <run_address>0x25ab</run_address>
         <size>0xd1</size>
         <input_file_ref idref="fl-a"/>
      </object_component>
      <object_component id="oc-107">
         <name>.debug_line</name>
         <load_address>0x267c</load_address>
         <run_address>0x267c</run_address>
         <size>0x93</size>
         <input_file_ref idref="fl-a"/>
      </object_component>
      <object_component id="oc-fb">
         <name>.debug_line</name>
         <load_address>0x270f</load_address>
         <run_address>0x270f</run_address>
         <size>0x99</size>
         <input_file_ref idref="fl-a"/>
      </object_component>
      <object_component id="oc-101">
         <name>.debug_line</name>
         <load_address>0x27a8</load_address>
         <run_address>0x27a8</run_address>
         <size>0xa7</size>
         <input_file_ref idref="fl-a"/>
      </object_component>
      <object_component id="oc-1b0">
         <name>.debug_line</name>
         <load_address>0x284f</load_address>
         <run_address>0x284f</run_address>
         <size>0x7c</size>
         <input_file_ref idref="fl-b"/>
      </object_component>
      <object_component id="oc-1b2">
         <name>.debug_line</name>
         <load_address>0x28cb</load_address>
         <run_address>0x28cb</run_address>
         <size>0x82</size>
         <input_file_ref idref="fl-b"/>
      </object_component>
      <object_component id="oc-1ae">
         <name>.debug_line</name>
         <load_address>0x294d</load_address>
         <run_address>0x294d</run_address>
         <size>0x82</size>
         <input_file_ref idref="fl-b"/>
      </object_component>
      <object_component id="oc-158">
         <name>.debug_line</name>
         <load_address>0x29cf</load_address>
         <run_address>0x29cf</run_address>
         <size>0x97</size>
         <input_file_ref idref="fl-b"/>
      </object_component>
      <object_component id="oc-df">
         <name>.debug_line</name>
         <load_address>0x2a66</load_address>
         <run_address>0x2a66</run_address>
         <size>0x97</size>
         <input_file_ref idref="fl-b"/>
      </object_component>
      <object_component id="oc-d0">
         <name>.debug_line</name>
         <load_address>0x2afd</load_address>
         <run_address>0x2afd</run_address>
         <size>0xaf</size>
         <input_file_ref idref="fl-b"/>
      </object_component>
      <object_component id="oc-d6">
         <name>.debug_line</name>
         <load_address>0x2bac</load_address>
         <run_address>0x2bac</run_address>
         <size>0xc2</size>
         <input_file_ref idref="fl-b"/>
      </object_component>
      <object_component id="oc-dc">
         <name>.debug_line</name>
         <load_address>0x2c6e</load_address>
         <run_address>0x2c6e</run_address>
         <size>0xc2</size>
         <input_file_ref idref="fl-b"/>
      </object_component>
      <object_component id="oc-28">
         <name>.debug_line</name>
         <load_address>0x2d30</load_address>
         <run_address>0x2d30</run_address>
         <size>0x52</size>
         <input_file_ref idref="fl-12d"/>
      </object_component>
      <object_component id="oc-88">
         <name>.debug_line</name>
         <load_address>0x2d82</load_address>
         <run_address>0x2d82</run_address>
         <size>0x80</size>
         <input_file_ref idref="fl-12e"/>
      </object_component>
      <object_component id="oc-16">
         <name>.debug_line</name>
         <load_address>0x2e02</load_address>
         <run_address>0x2e02</run_address>
         <size>0x55</size>
         <input_file_ref idref="fl-12e"/>
      </object_component>
      <object_component id="oc-3c">
         <name>.debug_line</name>
         <load_address>0x2e57</load_address>
         <run_address>0x2e57</run_address>
         <size>0x3a</size>
         <input_file_ref idref="fl-12e"/>
      </object_component>
      <object_component id="oc-85">
         <name>.debug_line</name>
         <load_address>0x2e91</load_address>
         <run_address>0x2e91</run_address>
         <size>0x80</size>
         <input_file_ref idref="fl-12e"/>
      </object_component>
      <object_component id="oc-8b">
         <name>.debug_line</name>
         <load_address>0x2f11</load_address>
         <run_address>0x2f11</run_address>
         <size>0x80</size>
         <input_file_ref idref="fl-12f"/>
      </object_component>
      <object_component id="oc-40">
         <name>.debug_line</name>
         <load_address>0x2f91</load_address>
         <run_address>0x2f91</run_address>
         <size>0x98</size>
         <input_file_ref idref="fl-12f"/>
      </object_component>
      <object_component id="oc-19">
         <name>.debug_line</name>
         <load_address>0x3029</load_address>
         <run_address>0x3029</run_address>
         <size>0x4b</size>
         <input_file_ref idref="fl-12f"/>
      </object_component>
      <object_component id="oc-4a">
         <name>.debug_line</name>
         <load_address>0x3074</load_address>
         <run_address>0x3074</run_address>
         <size>0x39</size>
         <input_file_ref idref="fl-12f"/>
      </object_component>
      <object_component id="oc-8f">
         <name>.debug_line</name>
         <load_address>0x30ad</load_address>
         <run_address>0x30ad</run_address>
         <size>0x80</size>
         <input_file_ref idref="fl-12f"/>
      </object_component>
      <object_component id="oc-93">
         <name>.debug_line</name>
         <load_address>0x312d</load_address>
         <run_address>0x312d</run_address>
         <size>0x80</size>
         <input_file_ref idref="fl-130"/>
      </object_component>
      <object_component id="oc-22">
         <name>.debug_line</name>
         <load_address>0x31ad</load_address>
         <run_address>0x31ad</run_address>
         <size>0x4f</size>
         <input_file_ref idref="fl-130"/>
      </object_component>
      <object_component id="oc-55">
         <name>.debug_line</name>
         <load_address>0x31fc</load_address>
         <run_address>0x31fc</run_address>
         <size>0x34</size>
         <input_file_ref idref="fl-130"/>
      </object_component>
      <object_component id="oc-13f">
         <name>.debug_line</name>
         <load_address>0x3230</load_address>
         <run_address>0x3230</run_address>
         <size>0x7f</size>
         <input_file_ref idref="fl-131"/>
      </object_component>
      <object_component id="oc-13d">
         <name>.debug_line</name>
         <load_address>0x32af</load_address>
         <run_address>0x32af</run_address>
         <size>0x2a</size>
         <input_file_ref idref="fl-131"/>
      </object_component>
      <object_component id="oc-6c">
         <name>.debug_line</name>
         <load_address>0x32d9</load_address>
         <run_address>0x32d9</run_address>
         <size>0x7a</size>
         <input_file_ref idref="fl-131"/>
      </object_component>
      <object_component id="oc-11b">
         <name>.debug_line</name>
         <load_address>0x3353</load_address>
         <run_address>0x3353</run_address>
         <size>0x57</size>
         <input_file_ref idref="fl-132"/>
      </object_component>
      <object_component id="oc-1bb">
         <name>.debug_line</name>
         <load_address>0x33aa</load_address>
         <run_address>0x33aa</run_address>
         <size>0x80</size>
         <input_file_ref idref="fl-133"/>
      </object_component>
      <object_component id="oc-10d">
         <name>.debug_line</name>
         <load_address>0x342a</load_address>
         <run_address>0x342a</run_address>
         <size>0x66</size>
         <input_file_ref idref="fl-133"/>
      </object_component>
      <object_component id="oc-34">
         <name>.debug_line</name>
         <load_address>0x3490</load_address>
         <run_address>0x3490</run_address>
         <size>0x88</size>
         <input_file_ref idref="fl-134"/>
      </object_component>
      <object_component id="oc-50">
         <name>.debug_line</name>
         <load_address>0x3518</load_address>
         <run_address>0x3518</run_address>
         <size>0x79</size>
         <input_file_ref idref="fl-135"/>
      </object_component>
      <object_component id="oc-5c">
         <name>.debug_line</name>
         <load_address>0x3591</load_address>
         <run_address>0x3591</run_address>
         <size>0x40</size>
         <input_file_ref idref="fl-136"/>
      </object_component>
      <object_component id="oc-201">
         <name>.debug_line</name>
         <load_address>0x35d1</load_address>
         <run_address>0x35d1</run_address>
         <size>0xde</size>
         <input_file_ref idref="fl-137"/>
      </object_component>
      <object_component id="oc-118">
         <name>.debug_line</name>
         <load_address>0x36af</load_address>
         <run_address>0x36af</run_address>
         <size>0x6a</size>
         <input_file_ref idref="fl-137"/>
      </object_component>
      <object_component id="oc-1d8">
         <name>.debug_line</name>
         <load_address>0x3719</load_address>
         <run_address>0x3719</run_address>
         <size>0x7f</size>
         <input_file_ref idref="fl-137"/>
      </object_component>
      <object_component id="oc-af">
         <name>.debug_line</name>
         <load_address>0x3798</load_address>
         <run_address>0x3798</run_address>
         <size>0x33</size>
         <input_file_ref idref="fl-138"/>
      </object_component>
      <object_component id="oc-113">
         <name>.debug_line</name>
         <load_address>0x37cb</load_address>
         <run_address>0x37cb</run_address>
         <size>0x4c</size>
         <input_file_ref idref="fl-139"/>
      </object_component>
      <object_component id="oc-1df">
         <name>.debug_line</name>
         <load_address>0x3817</load_address>
         <run_address>0x3817</run_address>
         <size>0x8a</size>
         <input_file_ref idref="fl-13a"/>
      </object_component>
      <object_component id="oc-19a">
         <name>.debug_line</name>
         <load_address>0x38a1</load_address>
         <run_address>0x38a1</run_address>
         <size>0xc6</size>
         <input_file_ref idref="fl-13a"/>
      </object_component>
      <object_component id="oc-1dd">
         <name>.debug_line</name>
         <load_address>0x3967</load_address>
         <run_address>0x3967</run_address>
         <size>0x2b</size>
         <input_file_ref idref="fl-13b"/>
      </object_component>
      <object_component id="oc-182">
         <name>.debug_line</name>
         <load_address>0x3992</load_address>
         <run_address>0x3992</run_address>
         <size>0x55</size>
         <input_file_ref idref="fl-13b"/>
      </object_component>
      <object_component id="oc-1a0">
         <name>.debug_line</name>
         <load_address>0x39e7</load_address>
         <run_address>0x39e7</run_address>
         <size>0x4e</size>
         <input_file_ref idref="fl-13c"/>
      </object_component>
      <object_component id="oc-1d4">
         <name>.debug_line</name>
         <load_address>0x3a35</load_address>
         <run_address>0x3a35</run_address>
         <size>0x2d</size>
         <input_file_ref idref="fl-13d"/>
      </object_component>
      <object_component id="oc-1ac">
         <name>.debug_line</name>
         <load_address>0x3a62</load_address>
         <run_address>0x3a62</run_address>
         <size>0x20</size>
         <input_file_ref idref="fl-13e"/>
      </object_component>
      <object_component id="oc-139">
         <name>.debug_line</name>
         <load_address>0x3a82</load_address>
         <run_address>0x3a82</run_address>
         <size>0x2b</size>
         <input_file_ref idref="fl-13e"/>
      </object_component>
      <object_component id="oc-134">
         <name>.debug_line</name>
         <load_address>0x3aad</load_address>
         <run_address>0x3aad</run_address>
         <size>0x68</size>
         <input_file_ref idref="fl-13e"/>
      </object_component>
      <object_component id="oc-12c">
         <name>.debug_line</name>
         <load_address>0x3b15</load_address>
         <run_address>0x3b15</run_address>
         <size>0x2b</size>
         <input_file_ref idref="fl-13f"/>
      </object_component>
      <object_component id="oc-68">
         <name>.debug_line</name>
         <load_address>0x3b40</load_address>
         <run_address>0x3b40</run_address>
         <size>0x50</size>
         <input_file_ref idref="fl-13f"/>
      </object_component>
      <object_component id="oc-130">
         <name>.debug_line</name>
         <load_address>0x3b90</load_address>
         <run_address>0x3b90</run_address>
         <size>0x2b</size>
         <input_file_ref idref="fl-13f"/>
      </object_component>
      <object_component id="oc-b8">
         <name>.debug_line</name>
         <load_address>0x3bbb</load_address>
         <run_address>0x3bbb</run_address>
         <size>0x8f</size>
         <input_file_ref idref="fl-140"/>
      </object_component>
      <object_component id="oc-62">
         <name>.debug_line</name>
         <load_address>0x3c4a</load_address>
         <run_address>0x3c4a</run_address>
         <size>0x79</size>
         <input_file_ref idref="fl-140"/>
      </object_component>
      <object_component id="oc-bc">
         <name>.debug_line</name>
         <load_address>0x3cc3</load_address>
         <run_address>0x3cc3</run_address>
         <size>0x2e</size>
         <input_file_ref idref="fl-140"/>
      </object_component>
      <object_component id="oc-c1">
         <name>.debug_line</name>
         <load_address>0x3cf1</load_address>
         <run_address>0x3cf1</run_address>
         <size>0x81</size>
         <input_file_ref idref="fl-140"/>
      </object_component>
      <object_component id="oc-141">
         <name>.debug_line</name>
         <load_address>0x3d72</load_address>
         <run_address>0x3d72</run_address>
         <size>0x8e</size>
         <input_file_ref idref="fl-141"/>
      </object_component>
      <object_component id="oc-99">
         <name>.debug_line</name>
         <load_address>0x3e00</load_address>
         <run_address>0x3e00</run_address>
         <size>0x68</size>
         <input_file_ref idref="fl-141"/>
      </object_component>
      <object_component id="oc-145">
         <name>.debug_line</name>
         <load_address>0x3e68</load_address>
         <run_address>0x3e68</run_address>
         <size>0x2e</size>
         <input_file_ref idref="fl-141"/>
      </object_component>
      <object_component id="oc-1eb">
         <name>.debug_line</name>
         <load_address>0x3e96</load_address>
         <run_address>0x3e96</run_address>
         <size>0x2b</size>
         <input_file_ref idref="fl-142"/>
      </object_component>
      <object_component id="oc-188">
         <name>.debug_line</name>
         <load_address>0x3ec1</load_address>
         <run_address>0x3ec1</run_address>
         <size>0xd2</size>
         <input_file_ref idref="fl-143"/>
      </object_component>
      <object_component id="oc-195">
         <name>.debug_line</name>
         <load_address>0x3f93</load_address>
         <run_address>0x3f93</run_address>
         <size>0xa8</size>
         <input_file_ref idref="fl-144"/>
      </object_component>
      <object_component id="oc-190">
         <name>.debug_line</name>
         <load_address>0x403b</load_address>
         <run_address>0x403b</run_address>
         <size>0x8e</size>
         <input_file_ref idref="fl-145"/>
      </object_component>
      <object_component id="oc-20f">
         <name>.debug_line</name>
         <load_address>0x40c9</load_address>
         <run_address>0x40c9</run_address>
         <size>0x80</size>
         <input_file_ref idref="fl-146"/>
      </object_component>
      <object_component id="oc-1f8">
         <name>.debug_line</name>
         <load_address>0x4149</load_address>
         <run_address>0x4149</run_address>
         <size>0x33</size>
         <input_file_ref idref="fl-146"/>
      </object_component>
      <object_component id="oc-1cd">
         <name>.debug_line</name>
         <load_address>0x417c</load_address>
         <run_address>0x417c</run_address>
         <size>0x54</size>
         <input_file_ref idref="fl-146"/>
      </object_component>
      <object_component id="oc-1fc">
         <name>.debug_line</name>
         <load_address>0x41d0</load_address>
         <run_address>0x41d0</run_address>
         <size>0x7e</size>
         <input_file_ref idref="fl-146"/>
      </object_component>
      <object_component id="oc-208">
         <name>.debug_line</name>
         <load_address>0x424e</load_address>
         <run_address>0x424e</run_address>
         <size>0x80</size>
         <input_file_ref idref="fl-147"/>
      </object_component>
      <object_component id="oc-1e4">
         <name>.debug_line</name>
         <load_address>0x42ce</load_address>
         <run_address>0x42ce</run_address>
         <size>0x53</size>
         <input_file_ref idref="fl-147"/>
      </object_component>
      <object_component id="oc-20c">
         <name>.debug_line</name>
         <load_address>0x4321</load_address>
         <run_address>0x4321</run_address>
         <size>0x80</size>
         <input_file_ref idref="fl-147"/>
      </object_component>
      <object_component id="oc-213">
         <name>.debug_line</name>
         <load_address>0x43a1</load_address>
         <run_address>0x43a1</run_address>
         <size>0x7f</size>
         <input_file_ref idref="fl-148"/>
      </object_component>
      <object_component id="oc-211">
         <name>.debug_line</name>
         <load_address>0x4420</load_address>
         <run_address>0x4420</run_address>
         <size>0x2c</size>
         <input_file_ref idref="fl-148"/>
      </object_component>
      <object_component id="oc-1f3">
         <name>.debug_line</name>
         <load_address>0x444c</load_address>
         <run_address>0x444c</run_address>
         <size>0x49</size>
         <input_file_ref idref="fl-148"/>
      </object_component>
      <object_component id="oc-1ee">
         <name>.debug_line</name>
         <load_address>0x4495</load_address>
         <run_address>0x4495</run_address>
         <size>0x20</size>
         <input_file_ref idref="fl-149"/>
      </object_component>
      <object_component id="oc-1bd">
         <name>.debug_line</name>
         <load_address>0x44b5</load_address>
         <run_address>0x44b5</run_address>
         <size>0xa2</size>
         <input_file_ref idref="fl-149"/>
      </object_component>
      <object_component id="oc-a2">
         <name>.debug_frame</name>
         <load_address>0x0</load_address>
         <run_address>0x0</run_address>
         <size>0xf17</size>
         <input_file_ref idref="fl-2"/>
      </object_component>
      <object_component id="oc-2f">
         <name>.debug_frame</name>
         <load_address>0xf17</load_address>
         <run_address>0xf17</run_address>
         <size>0xb2</size>
         <input_file_ref idref="fl-3"/>
      </object_component>
      <object_component id="oc-ef">
         <name>.debug_frame</name>
         <load_address>0xfc9</load_address>
         <run_address>0xfc9</run_address>
         <size>0x7f</size>
         <input_file_ref idref="fl-9"/>
      </object_component>
      <object_component id="oc-124">
         <name>.debug_frame</name>
         <load_address>0x1048</load_address>
         <run_address>0x1048</run_address>
         <size>0x7f</size>
         <input_file_ref idref="fl-a"/>
      </object_component>
      <object_component id="oc-176">
         <name>.debug_frame</name>
         <load_address>0x10c7</load_address>
         <run_address>0x10c7</run_address>
         <size>0x7f</size>
         <input_file_ref idref="fl-a"/>
      </object_component>
      <object_component id="oc-170">
         <name>.debug_frame</name>
         <load_address>0x1146</load_address>
         <run_address>0x1146</run_address>
         <size>0x8f</size>
         <input_file_ref idref="fl-a"/>
      </object_component>
      <object_component id="oc-108">
         <name>.debug_frame</name>
         <load_address>0x11d5</load_address>
         <run_address>0x11d5</run_address>
         <size>0x86</size>
         <input_file_ref idref="fl-a"/>
      </object_component>
      <object_component id="oc-fc">
         <name>.debug_frame</name>
         <load_address>0x125b</load_address>
         <run_address>0x125b</run_address>
         <size>0x8a</size>
         <input_file_ref idref="fl-a"/>
      </object_component>
      <object_component id="oc-102">
         <name>.debug_frame</name>
         <load_address>0x12e5</load_address>
         <run_address>0x12e5</run_address>
         <size>0x86</size>
         <input_file_ref idref="fl-a"/>
      </object_component>
      <object_component id="oc-15c">
         <name>.debug_frame</name>
         <load_address>0x136b</load_address>
         <run_address>0x136b</run_address>
         <size>0x7f</size>
         <input_file_ref idref="fl-b"/>
      </object_component>
      <object_component id="oc-e3">
         <name>.debug_frame</name>
         <load_address>0x13ea</load_address>
         <run_address>0x13ea</run_address>
         <size>0x7f</size>
         <input_file_ref idref="fl-b"/>
      </object_component>
      <object_component id="oc-d1">
         <name>.debug_frame</name>
         <load_address>0x1469</load_address>
         <run_address>0x1469</run_address>
         <size>0x8e</size>
         <input_file_ref idref="fl-b"/>
      </object_component>
      <object_component id="oc-d7">
         <name>.debug_frame</name>
         <load_address>0x14f7</load_address>
         <run_address>0x14f7</run_address>
         <size>0x7f</size>
         <input_file_ref idref="fl-b"/>
      </object_component>
      <object_component id="oc-dd">
         <name>.debug_frame</name>
         <load_address>0x1576</load_address>
         <run_address>0x1576</run_address>
         <size>0x7f</size>
         <input_file_ref idref="fl-b"/>
      </object_component>
      <object_component id="oc-17">
         <name>.debug_frame</name>
[...]
         <value>0xf55</value>
         <object_component_ref idref="oc-9d"/>
      </symbol>
      <symbol id="sm-2f8">
         <name>SysCtlGPIOAHBDisable</name>
         <value>0x1e53</value>
         <object_component_ref idref="oc-9d"/>
      </symbol>
      <symbol id="sm-2f9">
         <name>SysCtlSRAMSizeGet</name>
         <value>0x1125</value>
         <object_component_ref idref="oc-9d"/>
      </symbol>
      <symbol id="sm-2fa">
         <name>UARTEnable</name>
         <value>0x3ff</value>
         <object_component_ref idref="oc-9d"/>
      </symbol>
      <symbol id="sm-2fb">
         <name>SysCtlClockGet</name>
         <value>0x1bb5</value>
         <object_component_ref idref="oc-9d"/>
      </symbol>
      <symbol id="sm-2fc">
         <name>UART9BitAddrSend</name>
         <value>0x847</value>
         <object_component_ref idref="oc-9d"/>
      </symbol>
      <symbol id="sm-2fd">
         <name>UARTModemControlGet</name>
         <value>0x569</value>
         <object_component_ref idref="oc-9d"/>
      </symbol>
      <symbol id="sm-2fe">
         <name>SysCtlPeripheralDisable</name>
         <value>0x133f</value>
         <object_component_ref idref="oc-9d"/>
      </symbol>
      <symbol id="sm-2ff">
         <name>UARTSmartCardEnable</name>
         <value>0x4bd</value>
         <object_component_ref idref="oc-9d"/>
      </symbol>
      <symbol id="sm-300">
         <name>UARTFlowControlGet</name>
         <value>0x5ab</value>
         <object_component_ref idref="oc-9d"/>
      </symbol>
      <symbol id="sm-301">
         <name>ADCPhaseDelayGet</name>
         <value>0xf95</value>
         <object_component_ref idref="oc-9d"/>
      </symbol>
      <symbol id="sm-302">
         <name>UARTFIFOEnable</name>
         <value>0x44d</value>
         <object_component_ref idref="oc-9d"/>
      </symbol>
      <symbol id="sm-303">
         <name>ADCSequenceStepConfigure</name>
         <value>0xaad</value>
         <object_component_ref idref="oc-9d"/>
      </symbol>
      <symbol id="sm-304">
         <name>enable</name>
         <value>0x2583</value>
         <object_component_ref idref="oc-9d"/>
      </symbol>
      <symbol id="sm-305">
         <name>UARTIntClear</name>
         <value>0x76d</value>
         <object_component_ref idref="oc-9d"/>
      </symbol>
      <symbol id="sm-306">
         <name>UARTIntStatus</name>
         <value>0x74f</value>
         <object_component_ref idref="oc-9d"/>
      </symbol>
      <symbol id="sm-307">
         <name>UARTDMADisable</name>
         <value>0x797</value>
         <object_component_ref idref="oc-9d"/>
      </symbol>
      <symbol id="sm-308">
         <name>SysCtlPWMClockSet</name>
         <value>0x1e07</value>
         <object_component_ref idref="oc-9d"/>
      </symbol>
      <symbol id="sm-309">
         <name>ADCSequenceDMADisable</name>
         <value>0xfbf</value>
         <object_component_ref idref="oc-9d"/>
      </symbol>
      <symbol id="sm-30a">
         <name>count</name>
         <value>0x200005b8</value>
         <object_component_ref idref="oc-125"/>
      </symbol>
      <symbol id="sm-30b">
         <name>ADCIntClear</name>
         <value>0x9df</value>
         <object_component_ref idref="oc-9d"/>
      </symbol>
      <symbol id="sm-30c">
         <name>SysCtlUSBPLLEnable</name>
         <value>0x1e6f</value>
         <object_component_ref idref="oc-9d"/>
      </symbol>
      <symbol id="sm-30d">
         <name>ADCHardwareOversampleConfigure</name>
         <value>0xdc9</value>
         <object_component_ref idref="oc-9d"/>
      </symbol>
      <symbol id="sm-30e">
         <name>SysCtlPeripheralSleepEnable</name>
         <value>0x1385</value>
         <object_component_ref idref="oc-9d"/>
      </symbol>
      <symbol id="sm-30f">
         <name>SysCtlIntUnregister</name>
         <value>0x1509</value>
         <object_component_ref idref="oc-9d"/>
      </symbol>
      <symbol id="sm-310">
         <name>UART9BitEnable</name>
         <value>0x7f5</value>
         <object_component_ref idref="oc-9d"/>
      </symbol>
      <symbol id="sm-311">
         <name>ADCIntStatus</name>
         <value>0x987</value>
         <object_component_ref idref="oc-9d"/>
      </symbol>
      <symbol id="sm-312">
         <name>ADCIntRegister</name>
         <value>0x8ff</value>
         <object_component_ref idref="oc-9d"/>
      </symbol>
      <symbol id="sm-313">
         <name>UARTSpaceAvail</name>
         <value>0x609</value>
         <object_component_ref idref="oc-9d"/>
      </symbol>
      <symbol id="sm-314">
         <name>UARTCharGet</name>
         <value>0x643</value>
         <object_component_ref idref="oc-9d"/>
      </symbol>
      <symbol id="sm-315">
         <name>ADCSequenceDisable</name>
         <value>0xa0f</value>
         <object_component_ref idref="oc-9d"/>
      </symbol>
      <symbol id="sm-316">
         <name>UARTFIFOLevelSet</name>
         <value>0x2fd</value>
         <object_component_ref idref="oc-9d"/>
      </symbol>
      <symbol id="sm-317">
         <name>ADCClockConfigSet</name>
         <value>0xff9</value>
         <object_component_ref idref="oc-9d"/>
      </symbol>
      <symbol id="sm-318">
         <name>ADCSoftwareOversampleDataGet</name>
         <value>0xd5b</value>
         <object_component_ref idref="oc-9d"/>
      </symbol>
      <symbol id="sm-319">
         <name>UARTModemControlClear</name>
         <value>0x545</value>
         <object_component_ref idref="oc-9d"/>
      </symbol>
      <symbol id="sm-31a">
         <name>SysCtlUSBPLLDisable</name>
         <value>0x1e7b</value>
         <object_component_ref idref="oc-9d"/>
      </symbol>
      <symbol id="sm-31b">
         <name>UARTParityModeGet</name>
         <value>0x2eb</value>
         <object_component_ref idref="oc-9d"/>
      </symbol>
      <symbol id="sm-31c">
         <name>UARTIntRegister</name>
         <value>0x6e3</value>
         <object_component_ref idref="oc-9d"/>
      </symbol>
      <symbol id="sm-31d">
         <name>SysCtlPeripheralReady</name>
         <value>0x11c3</value>
         <object_component_ref idref="oc-9d"/>
      </symbol>
      <symbol id="sm-31e">
         <name>SysCtlPIOSCCalibrate</name>
         <value>0x161d</value>
         <object_component_ref idref="oc-9d"/>
      </symbol>
      <symbol id="sm-31f">
         <name>SysCtlResetCauseClear</name>
         <value>0x15f3</value>
         <object_component_ref idref="oc-9d"/>
      </symbol>
      <symbol id="sm-320">
         <name>ADCSequenceDataGet</name>
         <value>0xbfd</value>
         <object_component_ref idref="oc-9d"/>
      </symbol>
      <symbol id="sm-321">
         <name>SysCtlLDOSleepGet</name>
         <value>0x1581</value>
         <object_component_ref idref="oc-9d"/>
      </symbol>
      <symbol id="sm-322">
         <name>SysCtlClockFreqSet</name>
         <value>0x16d1</value>
         <object_component_ref idref="oc-9d"/>
      </symbol>
      <symbol id="sm-323">
         <name>SysCtlPeripheralReset</name>
         <value>0x127b</value>
         <object_component_ref idref="oc-9d"/>
      </symbol>
      <symbol id="sm-324">
         <name>UARTBreakCtl</name>
         <value>0x69b</value>
         <object_component_ref idref="oc-9d"/>
      </symbol>
      <symbol id="sm-325">
         <name>UART9BitAddrSet</name>
         <value>0x821</value>
         <object_component_ref idref="oc-9d"/>
      </symbol>
      <symbol id="sm-346">
         <name>ResetISR</name>
         <value>0x355d</value>
         <object_component_ref idref="oc-2a"/>
      </symbol>
      <symbol id="sm-347">
         <name>g_pfnVectors</name>
         <value>0x0</value>
         <object_component_ref idref="oc-f"/>
      </symbol>
      <symbol id="sm-351">
         <name>CPUwfi</name>
         <value>0x357b</value>
         <object_component_ref idref="oc-ea"/>
      </symbol>
      <symbol id="sm-393">
         <name>GPIOPinConfigure</name>
         <value>0x32b5</value>
         <object_component_ref idref="oc-fd"/>
      </symbol>
      <symbol id="sm-394">
         <name>GPIOPinTypeUART</name>
         <value>0x3531</value>
         <object_component_ref idref="oc-103"/>
      </symbol>
      <symbol id="sm-395">
         <name>GPIOPinTypeGPIOOutput</name>
         <value>0x34d9</value>
         <object_component_ref idref="oc-f7"/>
      </symbol>
      <symbol id="sm-396">
         <name>GPIODirModeSet</name>
         <value>0x348f</value>
         <object_component_ref idref="oc-171"/>
      </symbol>
      <symbol id="sm-397">
         <name>GPIOPinWrite</name>
         <value>0x3569</value>
         <object_component_ref idref="oc-11f"/>
      </symbol>
      <symbol id="sm-398">
         <name>GPIOPadConfigSet</name>
         <value>0x2aa3</value>
         <object_component_ref idref="oc-16b"/>
      </symbol>
      <symbol id="sm-3f9">
         <name>IntEnable</name>
         <value>0x30f5</value>
         <object_component_ref idref="oc-d2"/>
      </symbol>
      <symbol id="sm-3fa">
         <name>IntDisable</name>
         <value>0x308d</value>
         <object_component_ref idref="oc-d8"/>
      </symbol>
      <symbol id="sm-3fb">
         <name>IntRegister</name>
         <value>0x33c9</value>
         <object_component_ref idref="oc-cc"/>
      </symbol>
      <symbol id="sm-3fc">
         <name>IntUnregister</name>
         <value>0x3509</value>
         <object_component_ref idref="oc-de"/>
      </symbol>
      <symbol id="sm-3fd">
         <name>g_pfnRAMVectors</name>
         <value>0x20000000</value>
         <object_component_ref idref="oc-14d"/>
      </symbol>
      <symbol id="sm-40f">
         <name>_c_int00</name>
         <value>0x3219</value>
         <object_component_ref idref="oc-24"/>
      </symbol>
      <symbol id="sm-410">
         <name>__stack</name>
         <value>0x2000026c</value>
         <object_component_ref idref="oc-29"/>
      </symbol>
      <symbol id="sm-427">
         <name>__TI_decompress_none</name>
         <value>0x3543</value>
         <object_component_ref idref="oc-12"/>
      </symbol>
      <symbol id="sm-44f">
         <name>__TI_decompress_rle24</name>
         <value>0x3575</value>
         <object_component_ref idref="oc-18"/>
      </symbol>
      <symbol id="sm-461">
         <name>__TI_zero_init</name>
         <value>0x3551</value>
         <object_component_ref idref="oc-1e"/>
      </symbol>
      <symbol id="sm-480">
         <name>C$$EXIT</name>
         <value>0x3345</value>
         <object_component_ref idref="oc-6a"/>
      </symbol>
      <symbol id="sm-481">
         <name>abort</name>
         <value>0x3349</value>
         <object_component_ref idref="oc-6a"/>
      </symbol>
      <symbol id="sm-482">
         <name>exit</name>
         <value>0x3351</value>
         <object_component_ref idref="oc-6a"/>
      </symbol>
      <symbol id="sm-483">
         <name>__TI_dtors_ptr</name>
         <value>0x200005ac</value>
         <object_component_ref idref="oc-a8"/>
      </symbol>
      <symbol id="sm-484">
         <name>__TI_cleanup_ptr</name>
         <value>0x200005a8</value>
         <object_component_ref idref="oc-a8"/>
      </symbol>
      <symbol id="sm-491">
         <name>__aeabi_d2f</name>
         <value>0x32fd</value>
         <object_component_ref idref="oc-11a"/>
      </symbol>
      <symbol id="sm-4a0">
         <name>ltoa</name>
         <value>0x31c3</value>
         <object_component_ref idref="oc-109"/>
      </symbol>
      <symbol id="sm-4bb">
         <name>memcpy</name>
         <value>0x2e9f</value>
         <object_component_ref idref="oc-33"/>
      </symbol>
      <symbol id="sm-4bc">
         <name>__aeabi_memcpy</name>
         <value>0x2e9f</value>
         <object_component_ref idref="oc-33"/>
      </symbol>
      <symbol id="sm-4bd">
         <name>__aeabi_memcpy8</name>
         <value>0x2e9f</value>
         <object_component_ref idref="oc-33"/>
      </symbol>
      <symbol id="sm-4be">
         <name>__aeabi_memcpy4</name>
         <value>0x2e9f</value>
         <object_component_ref idref="oc-33"/>
      </symbol>
      <symbol id="sm-4cd">
         <name>__aeabi_memset</name>
         <value>0x2f3d</value>
         <object_component_ref idref="oc-4c"/>
      </symbol>
      <symbol id="sm-4ce">
         <name>memset</name>
         <value>0x2f43</value>
         <object_component_ref idref="oc-4c"/>
      </symbol>
      <symbol id="sm-4cf">
         <name>__aeabi_memset8</name>
         <value>0x2f3d</value>
         <object_component_ref idref="oc-4c"/>
      </symbol>
      <symbol id="sm-4d0">
         <name>__aeabi_memset4</name>
         <value>0x2f3d</value>
         <object_component_ref idref="oc-4c"/>
      </symbol>
      <symbol id="sm-4d1">
         <name>__aeabi_memclr8</name>
         <value>0x2f3b</value>
         <object_component_ref idref="oc-4c"/>
      </symbol>
      <symbol id="sm-4d2">
         <name>__aeabi_memclr4</name>
         <value>0x2f3b</value>
         <object_component_ref idref="oc-4c"/>
      </symbol>
      <symbol id="sm-4d3">
         <name>__aeabi_memclr</name>
         <value>0x2f3b</value>
         <object_component_ref idref="oc-4c"/>
      </symbol>
      <symbol id="sm-4dd">
         <name>_system_pre_init</name>
         <value>0x357f</value>
         <object_component_ref idref="oc-58"/>
      </symbol>
      <symbol id="sm-4fc">
         <name>sqrt</name>
         <value>0x2825</value>
         <object_component_ref idref="oc-114"/>
      </symbol>
      <symbol id="sm-504">
         <name>main_func_sp</name>
         <value>0x200005c0</value>
         <object_component_ref idref="oc-70"/>
      </symbol>
      <symbol id="sm-510">
         <name>__aeabi_ui2d</name>
         <value>0x34b9</value>
         <object_component_ref idref="oc-10f"/>
      </symbol>
      <symbol id="sm-52c">
         <name>_Dscale</name>
         <value>0x2bd5</value>
         <object_component_ref idref="oc-196"/>
      </symbol>
      <symbol id="sm-540">
         <name>_Dunscale</name>
         <value>0x315d</value>
         <object_component_ref idref="oc-181"/>
      </symbol>
      <symbol id="sm-54f">
         <name>_Feraise</name>
         <value>0x3431</value>
         <object_component_ref idref="oc-19c"/>
      </symbol>
      <symbol id="sm-55f">
         <name>_Rteps</name>
         <value>0x20000580</value>
         <object_component_ref idref="oc-1a2"/>
      </symbol>
      <symbol id="sm-560">
         <name>_Zero</name>
         <value>0x20000598</value>
         <object_component_ref idref="oc-1a2"/>
      </symbol>
      <symbol id="sm-561">
         <name>_Hugeval</name>
         <value>0x20000540</value>
         <object_component_ref idref="oc-1a2"/>
      </symbol>
      <symbol id="sm-562">
         <name>_Snan</name>
         <value>0x20000570</value>
         <object_component_ref idref="oc-1a2"/>
      </symbol>
      <symbol id="sm-563">
         <name>_Nan</name>
         <value>0x20000560</value>
         <object_component_ref idref="oc-1a2"/>
      </symbol>
      <symbol id="sm-564">
         <name>_Inf</name>
         <value>0x20000550</value>
         <object_component_ref idref="oc-1a2"/>
      </symbol>
      <symbol id="sm-565">
         <name>_Xbig</name>
         <value>0x20000590</value>
         <object_component_ref idref="oc-1a2"/>
      </symbol>
      <symbol id="sm-566">
         <name>_Eps</name>
         <value>0x20000530</value>
         <object_component_ref idref="oc-1a2"/>
      </symbol>
      <symbol id="sm-567">
         <name>_Denorm</name>
         <value>0x20000520</value>
         <object_component_ref idref="oc-1a2"/>
      </symbol>
      <symbol id="sm-580">
         <name>_nop</name>
         <value>0x352b</value>
         <object_component_ref idref="oc-132"/>
      </symbol>
      <symbol id="sm-581">
         <name>_lock</name>
         <value>0x200005a0</value>
         <object_component_ref idref="oc-a5"/>
      </symbol>
      <symbol id="sm-582">
         <name>_unlock</name>
         <value>0x200005a4</value>
         <object_component_ref idref="oc-a5"/>
      </symbol>
      <symbol id="sm-583">
         <name>_register_lock</name>
         <value>0x3523</value>
         <object_component_ref idref="oc-132"/>
      </symbol>
      <symbol id="sm-584">
         <name>_register_unlock</name>
         <value>0x351d</value>
         <object_component_ref idref="oc-132"/>
      </symbol>
      <symbol id="sm-599">
         <name>_args_main</name>
         <value>0x34f1</value>
         <object_component_ref idref="oc-64"/>
      </symbol>
      <symbol id="sm-5bf">
         <name>__TI_auto_init</name>
         <value>0x2fb5</value>
         <object_component_ref idref="oc-5e"/>
      </symbol>
      <symbol id="sm-5d9">
         <name>copy_in</name>
         <value>0x3269</value>
         <object_component_ref idref="oc-95"/>
      </symbol>
      <symbol id="sm-5e1">
         <name>_Errno</name>
         <value>0x200005bc</value>
         <object_component_ref idref="oc-1cf"/>
      </symbol>
      <symbol id="sm-605">
         <name>__aeabi_dsub</name>
         <value>0x266d</value>
         <object_component_ref idref="oc-187"/>
      </symbol>
      <symbol id="sm-606">
         <name>__aeabi_dadd</name>
         <value>0x2677</value>
         <object_component_ref idref="oc-187"/>
      </symbol>
      <symbol id="sm-626">
         <name>__aeabi_ddiv</name>
         <value>0x296d</value>
         <object_component_ref idref="oc-191"/>
      </symbol>
      <symbol id="sm-63d">
         <name>__aeabi_dmul</name>
         <value>0x2ce5</value>
         <object_component_ref idref="oc-18c"/>
      </symbol>
      <symbol id="sm-65b">
         <name>feraiseexcept</name>
         <value>0x33fd</value>
         <object_component_ref idref="oc-1c9"/>
      </symbol>
      <symbol id="sm-65c">
         <name>_Tls_setup__Fenv</name>
         <value>0x200005b4</value>
         <object_component_ref idref="oc-1e6"/>
      </symbol>
      <symbol id="sm-65d">
         <name>_Fenv</name>
         <value>0x200005b0</value>
         <object_component_ref idref="oc-1e6"/>
      </symbol>
      <symbol id="sm-671">
         <name>raise</name>
         <value>0x3461</value>
         <object_component_ref idref="oc-1e0"/>
      </symbol>
      <symbol id="sm-68b">
         <name>signal</name>
         <value>0x3389</value>
         <object_component_ref idref="oc-1ef"/>
      </symbol>
      <symbol id="sm-6a0">
         <name>_Dnorm</name>
         <value>0x2de1</value>
         <object_component_ref idref="oc-1bc"/>
      </symbol>
      <symbol id="sm-6a1">
         <name>__TI_static_base__</name>
         <value>0x0</value>
      </symbol>
      <symbol id="sm-6a4">
         <name>UARTStdioConfig</name>
         <value>0x0</value>
      </symbol>
      <symbol id="sm-6a5">
         <name>UARTprintf</name>
         <value>0x0</value>
      </symbol>
      <symbol id="sm-6a6">
         <name>SHT$$INIT_ARRAY$$Limit</name>
         <value>0x0</value>
      </symbol>
      <symbol id="sm-6a7">
         <name>SHT$$INIT_ARRAY$$Base</name>
         <value>0x0</value>
      </symbol>
   </symbol_table>
   <title>Link errors: red sections failed placement</title>
</link_info>
