******************************************************************************
                  TI ARM Linker PC v5.2.5                      
******************************************************************************
>> Linked Fri Sep 23 03:28:01 2016

OUTPUT FILE NAME:   <Lab-04(a).out>
ENTRY POINT SYMBOL: "_c_int00"  address: 00002a7d


MEMORY CONFIGURATION

         name            origin    length      used     unused   attr    fill
----------------------  --------  ---------  --------  --------  ----  --------
  FLASH                 00000000   00040000  000030c4  0003cf3c  R  X
  SRAM                  20000000   00008000  00000494  00007b6c  RW X


SEGMENT ALLOCATION MAP

run origin  load origin   length   init length attrs members
----------  ----------- ---------- ----------- ----- -------
00000000    00000000    000030c8   000030c8    r-x
  00000000    00000000    0000026c   0000026c    r-- .intvecs
  0000026c    0000026c    00002a94   00002a94    r-x .text
  00002d00    00002d00    0000037c   0000037c    r-- .const
  00003080    00003080    00000048   00000048    r-- .cinit
20000000    20000000    00000494   00000000    rw-
  20000000    20000000    0000026c   00000000    rw- .vtable
  2000026c    2000026c    00000200   00000000    rw- .stack
  2000046c    2000046c    0000001c   00000000    rw- .data
  20000488    20000488    0000000c   00000000    rw- .bss


SECTION ALLOCATION MAP

 output                                  attributes/
section   page    origin      length       input sections
--------  ----  ----------  ----------   ----------------
.intvecs   0    00000000    0000026c     
                  00000000    0000026c     tm4c123gh6pm_startup_ccs.obj (.intvecs)

.text      0    0000026c    00002a94     
                  0000026c    00001f2c     main.obj (.text)
                  00002198    0000049c     uartstdio.obj (.text)
                  00002634    00000132     driverlib.lib : gpio.obj (.text:GPIOPadConfigSet)
                  00002766    0000009c     rtsv7M4_T_le_v4SPD16_eabi.lib : memcpy_t2.obj (.text)
                  00002802    0000007a                                   : memset_t2.obj (.text)
                  0000287c    0000006c                                   : autoinit.obj (.text)
                  000028e8    0000006a                                   : copy_decompress_rle.obj (.text)
                  00002952    00000002     driverlib.lib : interrupt.obj (.text:_IntDefaultHandler)
                  00002954    00000068                   : interrupt.obj (.text:IntDisable)
                  000029bc    00000068                   : interrupt.obj (.text:IntEnable)
                  00002a24    00000056     rtsv7M4_T_le_v4SPD16_eabi.lib : ltoa.obj (.text)
                  00002a7a    00000002                                   : i_div0.obj (.text)
                  00002a7c    00000050                                   : boot.obj (.text)
                  00002acc    0000004c                                   : cpy_tbl.obj (.text)
                  00002b18    00000048     driverlib.lib : gpio.obj (.text:GPIOPinConfigure)
                  00002b60    00000044     rtsv7M4_T_le_v4SPD16_eabi.lib : exit.obj (.text)
                  00002ba4    00000040                                   : u_divt2.obj (.text)
                  00002be4    00000034     driverlib.lib : interrupt.obj (.text:IntRegister)
                  00002c18    0000002a                   : gpio.obj (.text:GPIODirModeSet)
                  00002c42    00000018                   : gpio.obj (.text:GPIOPinTypeGPIOOutput)
                  00002c5a    00000002     --HOLE-- [fill = 0]
                  00002c5c    00000018     rtsv7M4_T_le_v4SPD16_eabi.lib : args_main.obj (.text)
                  00002c74    00000014     driverlib.lib : interrupt.obj (.text:IntUnregister)
                  00002c88    00000014     rtsv7M4_T_le_v4SPD16_eabi.lib : _lock.obj (.text)
                  00002c9c    00000012     driverlib.lib : gpio.obj (.text:GPIOPinTypeADC)
                  00002cae    00000012                   : gpio.obj (.text:GPIOPinTypeUART)
                  00002cc0    0000000e     rtsv7M4_T_le_v4SPD16_eabi.lib : copy_decompress_none.obj (.text:decompress:none)
                  00002cce    0000000c                                   : copy_zero_init.obj (.text:decompress:ZI)
                  00002cda    0000000c     tm4c123gh6pm_startup_ccs.obj (.text)
                  00002ce6    00000006     driverlib.lib : gpio.obj (.text:GPIOPinWrite)
                  00002cec    00000006     main.obj (.text:SysCtlDelay)
                  00002cf2    00000006     rtsv7M4_T_le_v4SPD16_eabi.lib : copy_decompress_rle.obj (.text:decompress:rle24)
                  00002cf8    00000004     driverlib.lib : cpu.obj (.text:CPUwfi)
                  00002cfc    00000004     rtsv7M4_T_le_v4SPD16_eabi.lib : pre_init.obj (.text)

.const     0    00002d00    0000037c     
                  00002d00    00000120     main.obj (.const:g_pppui32XTALtoVCO)
                  00002e20    00000090     driverlib.lib : gpio.obj (.const:g_pui32GPIOBaseAddrs)
                  00002eb0    00000070                   : interrupt.obj (.const)
                  00002f20    0000006c     main.obj (.const:g_pui32Xtals)
                  00002f8c    00000040     main.obj (.const:g_ppui32UARTIntMap)
                  00002fcc    00000040     main.obj (.const:g_ppui32UARTIntMapSnowflake)
                  0000300c    00000030     main.obj (.const:g_sXTALtoMEMTIM)
                  0000303c    0000001c     uartstdio.obj (.const)
                  00003058    00000012     uartstdio.obj (.const:.string)
                  0000306a    00000002     --HOLE-- [fill = 0]
                  0000306c    00000010     main.obj (.const)

.cinit     0    00003080    00000048     
                  00003080    0000000f     (.cinit..data.load) [load image, compression = rle]
                  0000308f    00000001     --HOLE-- [fill = 0]
                  00003090    0000000c     (__TI_handler_table)
                  0000309c    00000004     --HOLE-- [fill = 0]
                  000030a0    00000008     (.cinit..bss.load) [load image, compression = zero_init]
                  000030a8    00000008     (.cinit..vtable.load) [load image, compression = zero_init]
                  000030b0    00000018     (__TI_cinit_table)

.init_array 
*          0    00000000    00000000     UNINITIALIZED

.vtable    0    20000000    0000026c     UNINITIALIZED
                  20000000    0000026c     driverlib.lib : interrupt.obj (.vtable)

.stack     0    2000026c    00000200     UNINITIALIZED
                  2000026c    00000200     --HOLE--

.data      0    2000046c    0000001c     UNINITIALIZED
                  2000046c    00000008     rtsv7M4_T_le_v4SPD16_eabi.lib : _lock.obj (.data)
                  20000474    00000008                                   : exit.obj (.data)
                  2000047c    00000005     uartstdio.obj (.data)
                  20000481    00000003     --HOLE--
                  20000484    00000004     rtsv7M4_T_le_v4SPD16_eabi.lib : stkdepth_vars.obj (.data)

.bss       0    20000488    0000000c     UNINITIALIZED
                  20000488    00000004     (.common:X)
                  2000048c    00000004     (.common:Y)
                  20000490    00000004     (.common:g_pui8OversampleFactor)

.TI.persistent 
*          0    2000046c    00000000     UNINITIALIZED

.TI.noinit 
*          0    20000488    00000000     UNINITIALIZED


LINKER GENERATED COPY TABLES

__TI_cinit_table @ 000030b0 records: 3, size/record: 8, table size: 24
	.data: load addr=00003080, load size=0000000f bytes, run addr=2000046c, run size=0000001c bytes, compression=rle
	.bss: load addr=000030a0, load size=00000008 bytes, run addr=20000488, run size=0000000c bytes, compression=zero_init
	.vtable: load addr=000030a8, load size=00000008 bytes, run addr=20000000, run size=0000026c bytes, compression=zero_init


LINKER GENERATED HANDLER TABLE

__TI_handler_table @ 00003090 records: 3, size/record: 4, table size: 12
	index: 0, handler: __TI_zero_init
	index: 1, handler: __TI_decompress_rle24
	index: 2, handler: __TI_decompress_none


GLOBAL SYMBOLS: SORTED ALPHABETICALLY BY Name 

address   name                              
-------   ----                              
00000fdb  ADCBusy                           
00001023  ADCClockConfigGet                 
00000ff9  ADCClockConfigSet                 
00000dfb  ADCComparatorConfigure            
00000ecb  ADCComparatorIntClear             
00000e81  ADCComparatorIntDisable           
00000e9f  ADCComparatorIntEnable            
00000ebd  ADCComparatorIntStatus            
00000e17  ADCComparatorRegionSet            
00000e3b  ADCComparatorReset                
00000dc9  ADCHardwareOversampleConfigure    
000009df  ADCIntClear                       
00000f43  ADCIntClearEx                     
00000945  ADCIntDisable                     
00000edd  ADCIntDisableEx                   
00000961  ADCIntEnable                      
00000ef5  ADCIntEnableEx                    
000008ff  ADCIntRegister                    
00000987  ADCIntStatus                      
00000f11  ADCIntStatusEx                    
00000927  ADCIntUnregister                  
00000f95  ADCPhaseDelayGet                  
00000f83  ADCPhaseDelaySet                  
00000c3f  ADCProcessorTrigger               
00000f71  ADCReferenceGet                   
00000f55  ADCReferenceSet                   
00000a29  ADCSequenceConfigure              
00000fbf  ADCSequenceDMADisable             
00000fa3  ADCSequenceDMAEnable              
00000bfd  ADCSequenceDataGet                
00000a0f  ADCSequenceDisable                
000009f5  ADCSequenceEnable                 
00000ba1  ADCSequenceOverflow               
00000bb9  ADCSequenceOverflowClear          
00000aad  ADCSequenceStepConfigure          
00000bcf  ADCSequenceUnderflow              
00000be7  ADCSequenceUnderflowClear         
00000c63  ADCSoftwareOversampleConfigure    
00000d5b  ADCSoftwareOversampleDataGet      
00000c9b  ADCSoftwareOversampleStepConfigure
00002b61  C$$EXIT                           
00002cf9  CPUwfi                            
00002c19  GPIODirModeSet                    
00002635  GPIOPadConfigSet                  
00002b19  GPIOPinConfigure                  
00002c9d  GPIOPinTypeADC                    
00002c43  GPIOPinTypeGPIOOutput             
00002caf  GPIOPinTypeUART                   
00002ce7  GPIOPinWrite                      
00002955  IntDisable                        
000029bd  IntEnable                         
00002be5  IntRegister                       
00002c75  IntUnregister                     
00002cdb  ResetISR                          
UNDEFED   SHT$$INIT_ARRAY$$Base             
UNDEFED   SHT$$INIT_ARRAY$$Limit            
00001ef7  SysCtlAltClkConfig                
000016d1  SysCtlClockFreqSet                
00001bb5  SysCtlClockGet                    
00001edb  SysCtlClockOutConfig              
000019e9  SysCtlClockSet                    
000015d1  SysCtlDeepSleep                   
00001d7d  SysCtlDeepSleepClockConfigSet     
00001d61  SysCtlDeepSleepClockSet           
000015b1  SysCtlDeepSleepPowerSet           
00002ced  SysCtlDelay                       
0000115b  SysCtlFlashSectorSizeGet          
0000112f  SysCtlFlashSizeGet                
00001e53  SysCtlGPIOAHBDisable              
00001e37  SysCtlGPIOAHBEnable               
00001545  SysCtlIntClear                    
0000152d  SysCtlIntDisable                  
00001519  SysCtlIntEnable                   
000014f1  SysCtlIntRegister                 
00001555  SysCtlIntStatus                   
00001509  SysCtlIntUnregister               
00001597  SysCtlLDODeepSleepGet             
00001587  SysCtlLDODeepSleepSet             
00001581  SysCtlLDOSleepGet                 
00001571  SysCtlLDOSleepSet                 
00001607  SysCtlMOSCConfigSet               
00001ec7  SysCtlNMIClear                    
00001ec1  SysCtlNMIStatus                   
0000161d  SysCtlPIOSCCalibrate              
00001e21  SysCtlPWMClockGet                 
00001e07  SysCtlPWMClockSet                 
0000149d  SysCtlPeripheralClockGating       
00001455  SysCtlPeripheralDeepSleepDisable  
00001405  SysCtlPeripheralDeepSleepEnable   
0000133f  SysCtlPeripheralDisable           
00001303  SysCtlPeripheralEnable            
0000123f  SysCtlPeripheralPowerOff          
00001203  SysCtlPeripheralPowerOn           
00001183  SysCtlPeripheralPresent           
000011c3  SysCtlPeripheralReady             
0000127b  SysCtlPeripheralReset             
000013c9  SysCtlPeripheralSleepDisable      
00001385  SysCtlPeripheralSleepEnable       
000015c1  SysCtlReset                       
0000167d  SysCtlResetBehaviorGet            
0000166d  SysCtlResetBehaviorSet            
000015f3  SysCtlResetCauseClear             
000015ed  SysCtlResetCauseGet               
00001125  SysCtlSRAMSizeGet                 
000015c9  SysCtlSleep                       
0000159d  SysCtlSleepPowerSet               
00001e7b  SysCtlUSBPLLDisable               
00001e6f  SysCtlUSBPLLEnable                
00001ea9  SysCtlVoltageEventClear           
00001e8d  SysCtlVoltageEventConfig          
00001e9d  SysCtlVoltageEventStatus          
00000847  UART9BitAddrSend                  
00000821  UART9BitAddrSet                   
0000080b  UART9BitDisable                   
000007f5  UART9BitEnable                    
0000069b  UARTBreakCtl                      
000006c5  UARTBusy                          
00000643  UARTCharGet                       
00000627  UARTCharGetNonBlocking            
0000067d  UARTCharPut                       
00000659  UARTCharPutNonBlocking            
000005eb  UARTCharsAvail                    
000007e5  UARTClockSourceGet                
000007d1  UARTClockSourceSet                
000003b3  UARTConfigGetExpClk               
0000033d  UARTConfigSetExpClk               
00000797  UARTDMADisable                    
0000077f  UARTDMAEnable                     
00000423  UARTDisable                       
000004a7  UARTDisableSIR                    
000003ff  UARTEnable                        
00000479  UARTEnableSIR                     
00000463  UARTFIFODisable                   
0000044d  UARTFIFOEnable                    
00000315  UARTFIFOLevelGet                  
000002fd  UARTFIFOLevelSet                  
000005ab  UARTFlowControlGet                
0000058f  UARTFlowControlSet                
0000076d  UARTIntClear                      
00000737  UARTIntDisable                    
0000071f  UARTIntEnable                     
000006e3  UARTIntRegister                   
0000074f  UARTIntStatus                     
00000705  UARTIntUnregister                 
0000088f  UARTLoopbackEnable                
00000545  UARTModemControlClear             
00000569  UARTModemControlGet               
00000505  UARTModemControlSet               
0000057b  UARTModemStatusGet                
000002eb  UARTParityModeGet                 
000002cf  UARTParityModeSet                 
000007c1  UARTRxErrorClear                  
000007af  UARTRxErrorGet                    
000004ef  UARTSmartCardDisable              
000004bd  UARTSmartCardEnable               
00000609  UARTSpaceAvail                    
00002199  UARTStdioConfig                   
000005d9  UARTTxIntModeGet                  
000005bd  UARTTxIntModeSet                  
000022df  UARTgetc                          
00002225  UARTgets                          
000025ff  UARTprintf                        
00002305  UARTvprintf                       
000021df  UARTwrite                         
20000488  X                                 
2000048c  Y                                 
2000046c  __STACK_END                       
00000200  __STACK_SIZE                      
2000046c  __STACK_TOP                       
000030b0  __TI_CINIT_Base                   
000030c8  __TI_CINIT_Limit                  
00003090  __TI_Handler_Table_Base           
0000309c  __TI_Handler_Table_Limit          
0000287d  __TI_auto_init                    
20000474  __TI_cleanup_ptr                  
00002cc1  __TI_decompress_none              
00002cf3  __TI_decompress_rle24             
20000478  __TI_dtors_ptr                    
00000000  __TI_static_base__                
00002ccf  __TI_zero_init                    
00002a7b  __aeabi_idiv0                     
00002803  __aeabi_memclr                    
00002803  __aeabi_memclr4                   
00002803  __aeabi_memclr8                   
00002767  __aeabi_memcpy                    
00002767  __aeabi_memcpy4                   
00002767  __aeabi_memcpy8                   
00002805  __aeabi_memset                    
00002805  __aeabi_memset4                   
00002805  __aeabi_memset8                   
00002ba5  __aeabi_uidiv                     
00002ba5  __aeabi_uidivmod                  
ffffffff  __binit__                         
ffffffff  __c_args__                        
2000026c  __stack                           
00002c5d  _args_main                        
00002a7d  _c_int00                          
2000046c  _lock                             
00002c97  _nop                              
00002c8f  _register_lock                    
00002c89  _register_unlock                  
00002cfd  _system_pre_init                  
20000470  _unlock                           
00002b65  abort                             
ffffffff  binit                             
00002acd  copy_in                           
000020eb  delay                             
00002b6d  exit                              
20000000  g_pfnRAMVectors                   
00000000  g_pfnVectors                      
00002005  hardware_init                     
000020f5  inituart                          
00002a25  ltoa                              
00001f29  main                              
20000484  main_func_sp                      
00002767  memcpy                            
0000280b  memset                            


GLOBAL SYMBOLS: SORTED BY Symbol Address 

address   name                              
-------   ----                              
00000000  __TI_static_base__                
00000000  g_pfnVectors                      
00000200  __STACK_SIZE                      
000002cf  UARTParityModeSet                 
000002eb  UARTParityModeGet                 
000002fd  UARTFIFOLevelSet                  
00000315  UARTFIFOLevelGet                  
0000033d  UARTConfigSetExpClk               
000003b3  UARTConfigGetExpClk               
000003ff  UARTEnable                        
00000423  UARTDisable                       
0000044d  UARTFIFOEnable                    
00000463  UARTFIFODisable                   
00000479  UARTEnableSIR                     
000004a7  UARTDisableSIR                    
000004bd  UARTSmartCardEnable               
000004ef  UARTSmartCardDisable              
00000505  UARTModemControlSet               
00000545  UARTModemControlClear             
00000569  UARTModemControlGet               
0000057b  UARTModemStatusGet                
0000058f  UARTFlowControlSet                
000005ab  UARTFlowControlGet                
000005bd  UARTTxIntModeSet                  
000005d9  UARTTxIntModeGet                  
000005eb  UARTCharsAvail                    
00000609  UARTSpaceAvail                    
00000627  UARTCharGetNonBlocking            
00000643  UARTCharGet                       
00000659  UARTCharPutNonBlocking            
0000067d  UARTCharPut                       
0000069b  UARTBreakCtl                      
000006c5  UARTBusy                          
000006e3  UARTIntRegister                   
00000705  UARTIntUnregister                 
0000071f  UARTIntEnable                     
00000737  UARTIntDisable                    
0000074f  UARTIntStatus                     
0000076d  UARTIntClear                      
0000077f  UARTDMAEnable                     
00000797  UARTDMADisable                    
000007af  UARTRxErrorGet                    
000007c1  UARTRxErrorClear                  
000007d1  UARTClockSourceSet                
000007e5  UARTClockSourceGet                
000007f5  UART9BitEnable                    
0000080b  UART9BitDisable                   
00000821  UART9BitAddrSet                   
00000847  UART9BitAddrSend                  
0000088f  UARTLoopbackEnable                
000008ff  ADCIntRegister                    
00000927  ADCIntUnregister                  
00000945  ADCIntDisable                     
00000961  ADCIntEnable                      
00000987  ADCIntStatus                      
000009df  ADCIntClear                       
000009f5  ADCSequenceEnable                 
00000a0f  ADCSequenceDisable                
00000a29  ADCSequenceConfigure              
00000aad  ADCSequenceStepConfigure          
00000ba1  ADCSequenceOverflow               
00000bb9  ADCSequenceOverflowClear          
00000bcf  ADCSequenceUnderflow              
00000be7  ADCSequenceUnderflowClear         
00000bfd  ADCSequenceDataGet                
00000c3f  ADCProcessorTrigger               
00000c63  ADCSoftwareOversampleConfigure    
00000c9b  ADCSoftwareOversampleStepConfigure
00000d5b  ADCSoftwareOversampleDataGet      
00000dc9  ADCHardwareOversampleConfigure    
00000dfb  ADCComparatorConfigure            
00000e17  ADCComparatorRegionSet            
00000e3b  ADCComparatorReset                
00000e81  ADCComparatorIntDisable           
00000e9f  ADCComparatorIntEnable            
00000ebd  ADCComparatorIntStatus            
00000ecb  ADCComparatorIntClear             
00000edd  ADCIntDisableEx                   
00000ef5  ADCIntEnableEx                    
00000f11  ADCIntStatusEx                    
00000f43  ADCIntClearEx                     
00000f55  ADCReferenceSet                   
00000f71  ADCReferenceGet                   
00000f83  ADCPhaseDelaySet                  
00000f95  ADCPhaseDelayGet                  
00000fa3  ADCSequenceDMAEnable              
00000fbf  ADCSequenceDMADisable             
00000fdb  ADCBusy                           
00000ff9  ADCClockConfigSet                 
00001023  ADCClockConfigGet                 
00001125  SysCtlSRAMSizeGet                 
0000112f  SysCtlFlashSizeGet                
0000115b  SysCtlFlashSectorSizeGet          
00001183  SysCtlPeripheralPresent           
000011c3  SysCtlPeripheralReady             
00001203  SysCtlPeripheralPowerOn           
0000123f  SysCtlPeripheralPowerOff          
0000127b  SysCtlPeripheralReset             
00001303  SysCtlPeripheralEnable            
0000133f  SysCtlPeripheralDisable           
00001385  SysCtlPeripheralSleepEnable       
000013c9  SysCtlPeripheralSleepDisable      
00001405  SysCtlPeripheralDeepSleepEnable   
00001455  SysCtlPeripheralDeepSleepDisable  
0000149d  SysCtlPeripheralClockGating       
000014f1  SysCtlIntRegister                 
00001509  SysCtlIntUnregister               
00001519  SysCtlIntEnable                   
0000152d  SysCtlIntDisable                  
00001545  SysCtlIntClear                    
00001555  SysCtlIntStatus                   
00001571  SysCtlLDOSleepSet                 
00001581  SysCtlLDOSleepGet                 
00001587  SysCtlLDODeepSleepSet             
00001597  SysCtlLDODeepSleepGet             
0000159d  SysCtlSleepPowerSet               
000015b1  SysCtlDeepSleepPowerSet           
000015c1  SysCtlReset                       
000015c9  SysCtlSleep                       
000015d1  SysCtlDeepSleep                   
000015ed  SysCtlResetCauseGet               
000015f3  SysCtlResetCauseClear             
00001607  SysCtlMOSCConfigSet               
0000161d  SysCtlPIOSCCalibrate              
0000166d  SysCtlResetBehaviorSet            
0000167d  SysCtlResetBehaviorGet            
000016d1  SysCtlClockFreqSet                
000019e9  SysCtlClockSet                    
00001bb5  SysCtlClockGet                    
00001d61  SysCtlDeepSleepClockSet           
00001d7d  SysCtlDeepSleepClockConfigSet     
00001e07  SysCtlPWMClockSet                 
00001e21  SysCtlPWMClockGet                 
00001e37  SysCtlGPIOAHBEnable               
00001e53  SysCtlGPIOAHBDisable              
00001e6f  SysCtlUSBPLLEnable                
00001e7b  SysCtlUSBPLLDisable               
00001e8d  SysCtlVoltageEventConfig          
00001e9d  SysCtlVoltageEventStatus          
00001ea9  SysCtlVoltageEventClear           
00001ec1  SysCtlNMIStatus                   
00001ec7  SysCtlNMIClear                    
00001edb  SysCtlClockOutConfig              
00001ef7  SysCtlAltClkConfig                
00001f29  main                              
00002005  hardware_init                     
000020eb  delay                             
000020f5  inituart                          
00002199  UARTStdioConfig                   
000021df  UARTwrite                         
00002225  UARTgets                          
000022df  UARTgetc                          
00002305  UARTvprintf                       
000025ff  UARTprintf                        
00002635  GPIOPadConfigSet                  
00002767  __aeabi_memcpy                    
00002767  __aeabi_memcpy4                   
00002767  __aeabi_memcpy8                   
00002767  memcpy                            
00002803  __aeabi_memclr                    
00002803  __aeabi_memclr4                   
00002803  __aeabi_memclr8                   
00002805  __aeabi_memset                    
00002805  __aeabi_memset4                   
00002805  __aeabi_memset8                   
0000280b  memset                            
0000287d  __TI_auto_init                    
00002955  IntDisable                        
000029bd  IntEnable                         
00002a25  ltoa                              
00002a7b  __aeabi_idiv0                     
00002a7d  _c_int00                          
00002acd  copy_in                           
00002b19  GPIOPinConfigure                  
00002b61  C$$EXIT                           
00002b65  abort                             
00002b6d  exit                              
00002ba5  __aeabi_uidiv                     
00002ba5  __aeabi_uidivmod                  
00002be5  IntRegister                       
00002c19  GPIODirModeSet                    
00002c43  GPIOPinTypeGPIOOutput             
00002c5d  _args_main                        
00002c75  IntUnregister                     
00002c89  _register_unlock                  
00002c8f  _register_lock                    
00002c97  _nop                              
00002c9d  GPIOPinTypeADC                    
00002caf  GPIOPinTypeUART                   
00002cc1  __TI_decompress_none              
00002ccf  __TI_zero_init                    
00002cdb  ResetISR                          
00002ce7  GPIOPinWrite                      
00002ced  SysCtlDelay                       
00002cf3  __TI_decompress_rle24             
00002cf9  CPUwfi                            
00002cfd  _system_pre_init                  
00003090  __TI_Handler_Table_Base           
0000309c  __TI_Handler_Table_Limit          
000030b0  __TI_CINIT_Base                   
000030c8  __TI_CINIT_Limit                  
20000000  g_pfnRAMVectors                   
2000026c  __stack                           
2000046c  __STACK_END                       
2000046c  __STACK_TOP                       
2000046c  _lock                             
20000470  _unlock                           
20000474  __TI_cleanup_ptr                  
20000478  __TI_dtors_ptr                    
20000484  main_func_sp                      
20000488  X                                 
2000048c  Y                                 
ffffffff  __binit__                         
ffffffff  __c_args__                        
ffffffff  binit                             
UNDEFED   SHT$$INIT_ARRAY$$Base             
UNDEFED   SHT$$INIT_ARRAY$$Limit            

[217 symbols]
