******************************************************************************
                  TI ARM Linker PC v5.2.5                      
******************************************************************************
>> Linked Wed Sep 21 00:38:16 2016

OUTPUT FILE NAME:   <Lab_05.out>
ENTRY POINT SYMBOL: "_c_int00"  address: 00002b95


MEMORY CONFIGURATION

         name            origin    length      used     unused   attr    fill
----------------------  --------  ---------  --------  --------  ----  --------
  FLASH                 00000000   00040000  000035ca  0003ca36  R  X
  SRAM                  20000000   00008000  0000048c  00007b74  RW X


SEGMENT ALLOCATION MAP

run origin  load origin   length   init length attrs members
----------  ----------- ---------- ----------- ----- -------
00000000    00000000    000035d0   000035d0    r-x
  00000000    00000000    0000026c   0000026c    r-- .intvecs
  0000026c    0000026c    00002b9a   00002b9a    r-x .text
  00002e08    00002e08    0000077c   0000077c    r-- .const
  00003588    00003588    00000048   00000048    r-- .cinit
20000000    20000000    0000048c   00000000    rw-
  20000000    20000000    0000026c   00000000    rw- .vtable
  2000026c    2000026c    00000200   00000000    rw- .stack
  2000046c    2000046c    0000001c   00000000    rw- .data
  20000488    20000488    00000004   00000000    rw- .bss


SECTION ALLOCATION MAP

 output                                  attributes/
section   page    origin      length       input sections
--------  ----  ----------  ----------   ----------------
.intvecs   0    00000000    0000026c     
                  00000000    0000026c     tm4c123gh6pm_startup_ccs.obj (.intvecs)

.text      0    0000026c    00002b9a     
                  0000026c    0000209c     main.obj (.text)
                  00002308    0000049c     uartstdio.obj (.text)
                  000027a4    00000132     driverlib.lib : gpio.obj (.text:GPIOPadConfigSet)
                  000028d6    0000009c     rtsv7M4_T_le_v4SPD16_eabi.lib : memcpy_t2.obj (.text)
                  00002972    0000007a                                   : memset_t2.obj (.text)
                  000029ec    0000006c                                   : autoinit.obj (.text)
                  00002a58    0000006a                                   : copy_decompress_rle.obj (.text)
                  00002ac2    00000002     driverlib.lib : interrupt.obj (.text:_IntDefaultHandler)
                  00002ac4    00000068                   : interrupt.obj (.text:IntDisable)
                  00002b2c    00000068                   : interrupt.obj (.text:IntEnable)
                  00002b94    00000050     rtsv7M4_T_le_v4SPD16_eabi.lib : boot.obj (.text)
                  00002be4    0000004c                                   : cpy_tbl.obj (.text)
                  00002c30    00000048     driverlib.lib : gpio.obj (.text:GPIOPinConfigure)
                  00002c78    00000044     rtsv7M4_T_le_v4SPD16_eabi.lib : exit.obj (.text)
                  00002cbc    00000040                                   : u_divt2.obj (.text)
                  00002cfc    00000034     driverlib.lib : interrupt.obj (.text:IntRegister)
                  00002d30    0000002a                   : gpio.obj (.text:GPIODirModeSet)
                  00002d5a    00000018                   : gpio.obj (.text:GPIOPinTypeGPIOOutput)
                  00002d72    00000002     rtsv7M4_T_le_v4SPD16_eabi.lib : i_div0.obj (.text)
                  00002d74    00000018                                   : args_main.obj (.text)
                  00002d8c    00000014     driverlib.lib : interrupt.obj (.text:IntUnregister)
                  00002da0    00000014     rtsv7M4_T_le_v4SPD16_eabi.lib : _lock.obj (.text)
                  00002db4    00000012     driverlib.lib : gpio.obj (.text:GPIOPinTypeUART)
                  00002dc6    0000000e     rtsv7M4_T_le_v4SPD16_eabi.lib : copy_decompress_none.obj (.text:decompress:none)
                  00002dd4    0000000c                                   : copy_zero_init.obj (.text:decompress:ZI)
                  00002de0    0000000c     tm4c123gh6pm_startup_ccs.obj (.text)
                  00002dec    00000006     driverlib.lib : gpio.obj (.text:GPIOPinWrite)
                  00002df2    00000006     main.obj (.text:SysCtlDelay)
                  00002df8    00000006     rtsv7M4_T_le_v4SPD16_eabi.lib : copy_decompress_rle.obj (.text:decompress:rle24)
                  00002dfe    00000004     driverlib.lib : cpu.obj (.text:CPUwfi)
                  00002e02    00000004     rtsv7M4_T_le_v4SPD16_eabi.lib : pre_init.obj (.text)

.const     0    00002e08    0000077c     
                  00002e08    00000400     main.obj (.const:.string:$P$T0$1)
                  00003208    00000120     main.obj (.const:g_pppui32XTALtoVCO)
                  00003328    00000090     driverlib.lib : gpio.obj (.const:g_pui32GPIOBaseAddrs)
                  000033b8    00000070                   : interrupt.obj (.const)
                  00003428    0000006c     main.obj (.const:g_pui32Xtals)
                  00003494    00000040     main.obj (.const:g_ppui32UARTIntMap)
                  000034d4    00000040     main.obj (.const:g_ppui32UARTIntMapSnowflake)
                  00003514    00000030     main.obj (.const:g_sXTALtoMEMTIM)
                  00003544    0000001c     uartstdio.obj (.const)
                  00003560    00000012     uartstdio.obj (.const:.string)
                  00003572    00000002     --HOLE-- [fill = 0]
                  00003574    00000010     main.obj (.const)

.cinit     0    00003588    00000048     
                  00003588    0000000f     (.cinit..data.load) [load image, compression = rle]
                  00003597    00000001     --HOLE-- [fill = 0]
                  00003598    0000000c     (__TI_handler_table)
                  000035a4    00000004     --HOLE-- [fill = 0]
                  000035a8    00000008     (.cinit..bss.load) [load image, compression = zero_init]
                  000035b0    00000008     (.cinit..vtable.load) [load image, compression = zero_init]
                  000035b8    00000018     (__TI_cinit_table)

.init_array 
*          0    00000000    00000000     UNINITIALIZED

.vtable    0    20000000    0000026c     UNINITIALIZED
                  20000000    0000026c     driverlib.lib : interrupt.obj (.vtable)

.stack     0    2000026c    00000200     UNINITIALIZED
                  2000026c    00000200     --HOLE--

.data      0    2000046c    0000001c     UNINITIALIZED
                  2000046c    00000008     rtsv7M4_T_le_v4SPD16_eabi.lib : _lock.obj (.data)
                  20000474    00000008                                   : exit.obj (.data)
                  2000047c    00000005     uartstdio.obj (.data)
                  20000481    00000003     --HOLE--
                  20000484    00000004     rtsv7M4_T_le_v4SPD16_eabi.lib : stkdepth_vars.obj (.data)

.bss       0    20000488    00000004     UNINITIALIZED
                  20000488    00000004     (.common:g_pui8OversampleFactor)

.TI.persistent 
*          0    2000046c    00000000     UNINITIALIZED

.TI.noinit 
*          0    20000488    00000000     UNINITIALIZED


LINKER GENERATED COPY TABLES

__TI_cinit_table @ 000035b8 records: 3, size/record: 8, table size: 24
	.data: load addr=00003588, load size=0000000f bytes, run addr=2000046c, run size=0000001c bytes, compression=rle
	.bss: load addr=000035a8, load size=00000008 bytes, run addr=20000488, run size=00000004 bytes, compression=zero_init
	.vtable: load addr=000035b0, load size=00000008 bytes, run addr=20000000, run size=0000026c bytes, compression=zero_init


LINKER GENERATED HANDLER TABLE

__TI_handler_table @ 00003598 records: 3, size/record: 4, table size: 12
	index: 0, handler: __TI_zero_init
	index: 1, handler: __TI_decompress_rle24
	index: 2, handler: __TI_decompress_none


GLOBAL SYMBOLS: SORTED ALPHABETICALLY BY Name 

address   name                              
-------   ----                              
00000fdb  ADCBusy                           
00001023  ADCClockConfigGet                 
00000ff9  ADCClockConfigSet                 
00000dfb  ADCComparatorConfigure            
00000ecb  ADCComparatorIntClear             
00000e81  ADCComparatorIntDisable           
00000e9f  ADCComparatorIntEnable            
00000ebd  ADCComparatorIntStatus            
00000e17  ADCComparatorRegionSet            
00000e3b  ADCComparatorReset                
00000dc9  ADCHardwareOversampleConfigure    
000009df  ADCIntClear                       
00000f43  ADCIntClearEx                     
00000945  ADCIntDisable                     
00000edd  ADCIntDisableEx                   
00000961  ADCIntEnable                      
00000ef5  ADCIntEnableEx                    
000008ff  ADCIntRegister                    
00000987  ADCIntStatus                      
00000f11  ADCIntStatusEx                    
00000927  ADCIntUnregister                  
00000f95  ADCPhaseDelayGet                  
00000f83  ADCPhaseDelaySet                  
00000c3f  ADCProcessorTrigger               
00000f71  ADCReferenceGet                   
00000f55  ADCReferenceSet                   
00000a29  ADCSequenceConfigure              
00000fbf  ADCSequenceDMADisable             
00000fa3  ADCSequenceDMAEnable              
00000bfd  ADCSequenceDataGet                
00000a0f  ADCSequenceDisable                
000009f5  ADCSequenceEnable                 
00000ba1  ADCSequenceOverflow               
00000bb9  ADCSequenceOverflowClear          
00000aad  ADCSequenceStepConfigure          
00000bcf  ADCSequenceUnderflow              
00000be7  ADCSequenceUnderflowClear         
00000c63  ADCSoftwareOversampleConfigure    
00000d5b  ADCSoftwareOversampleDataGet      
00000c9b  ADCSoftwareOversampleStepConfigure
00002c79  C$$EXIT                           
00002dff  CPUwfi                            
00002d31  GPIODirModeSet                    
000027a5  GPIOPadConfigSet                  
00002c31  GPIOPinConfigure                  
00002d5b  GPIOPinTypeGPIOOutput             
00002db5  GPIOPinTypeUART                   
00002ded  GPIOPinWrite                      
00002ac5  IntDisable                        
00002b2d  IntEnable                         
00002cfd  IntRegister                       
00002d8d  IntUnregister                     
00002de1  ResetISR                          
UNDEFED   SHT$$INIT_ARRAY$$Base             
UNDEFED   SHT$$INIT_ARRAY$$Limit            
00001ef7  SysCtlAltClkConfig                
000016d1  SysCtlClockFreqSet                
00001bb5  SysCtlClockGet                    
00001edb  SysCtlClockOutConfig              
000019e9  SysCtlClockSet                    
000015d1  SysCtlDeepSleep                   
00001d7d  SysCtlDeepSleepClockConfigSet     
00001d61  SysCtlDeepSleepClockSet           
000015b1  SysCtlDeepSleepPowerSet           
00002df3  SysCtlDelay                       
0000115b  SysCtlFlashSectorSizeGet          
0000112f  SysCtlFlashSizeGet                
00001e53  SysCtlGPIOAHBDisable              
00001e37  SysCtlGPIOAHBEnable               
00001545  SysCtlIntClear                    
0000152d  SysCtlIntDisable                  
00001519  SysCtlIntEnable                   
000014f1  SysCtlIntRegister                 
00001555  SysCtlIntStatus                   
00001509  SysCtlIntUnregister               
00001597  SysCtlLDODeepSleepGet             
00001587  SysCtlLDODeepSleepSet             
00001581  SysCtlLDOSleepGet                 
00001571  SysCtlLDOSleepSet                 
00001607  SysCtlMOSCConfigSet               
00001ec7  SysCtlNMIClear                    
00001ec1  SysCtlNMIStatus                   
0000161d  SysCtlPIOSCCalibrate              
00001e21  SysCtlPWMClockGet                 
00001e07  SysCtlPWMClockSet                 
0000149d  SysCtlPeripheralClockGating       
00001455  SysCtlPeripheralDeepSleepDisable  
00001405  SysCtlPeripheralDeepSleepEnable   
0000133f  SysCtlPeripheralDisable           
00001303  SysCtlPeripheralEnable            
0000123f  SysCtlPeripheralPowerOff          
00001203  SysCtlPeripheralPowerOn           
00001183  SysCtlPeripheralPresent           
000011c3  SysCtlPeripheralReady             
0000127b  SysCtlPeripheralReset             
000013c9  SysCtlPeripheralSleepDisable      
00001385  SysCtlPeripheralSleepEnable       
000015c1  SysCtlReset                       
0000167d  SysCtlResetBehaviorGet            
0000166d  SysCtlResetBehaviorSet            
000015f3  SysCtlResetCauseClear             
000015ed  SysCtlResetCauseGet               
00001125  SysCtlSRAMSizeGet                 
000015c9  SysCtlSleep                       
0000159d  SysCtlSleepPowerSet               
00001e7b  SysCtlUSBPLLDisable               
00001e6f  SysCtlUSBPLLEnable                
00001ea9  SysCtlVoltageEventClear           
00001e8d  SysCtlVoltageEventConfig          
00001e9d  SysCtlVoltageEventStatus          
00000847  UART9BitAddrSend                  
00000821  UART9BitAddrSet                   
0000080b  UART9BitDisable                   
000007f5  UART9BitEnable                    
0000069b  UARTBreakCtl                      
000006c5  UARTBusy                          
00000643  UARTCharGet                       
00000627  UARTCharGetNonBlocking            
0000067d  UARTCharPut                       
00000659  UARTCharPutNonBlocking            
000005eb  UARTCharsAvail                    
000007e5  UARTClockSourceGet                
000007d1  UARTClockSourceSet                
000003b3  UARTConfigGetExpClk               
0000033d  UARTConfigSetExpClk               
00000797  UARTDMADisable                    
0000077f  UARTDMAEnable                     
00000423  UARTDisable                       
000004a7  UARTDisableSIR                    
000003ff  UARTEnable                        
00000479  UARTEnableSIR                     
00000463  UARTFIFODisable                   
0000044d  UARTFIFOEnable                    
00000315  UARTFIFOLevelGet                  
000002fd  UARTFIFOLevelSet                  
000005ab  UARTFlowControlGet                
0000058f  UARTFlowControlSet                
0000076d  UARTIntClear                      
00000737  UARTIntDisable                    
0000071f  UARTIntEnable                     
000006e3  UARTIntRegister                   
0000074f  UARTIntStatus                     
00000705  UARTIntUnregister                 
0000088f  UARTLoopbackEnable                
00000545  UARTModemControlClear             
00000569  UARTModemControlGet               
00000505  UARTModemControlSet               
0000057b  UARTModemStatusGet                
000002eb  UARTParityModeGet                 
000002cf  UARTParityModeSet                 
000007c1  UARTRxErrorClear                  
000007af  UARTRxErrorGet                    
000004ef  UARTSmartCardDisable              
000004bd  UARTSmartCardEnable               
00000609  UARTSpaceAvail                    
00002309  UARTStdioConfig                   
000005d9  UARTTxIntModeGet                  
000005bd  UARTTxIntModeSet                  
0000244f  UARTgetc                          
00002395  UARTgets                          
0000276f  UARTprintf                        
00002475  UARTvprintf                       
0000234f  UARTwrite                         
2000046c  __STACK_END                       
00000200  __STACK_SIZE                      
2000046c  __STACK_TOP                       
000035b8  __TI_CINIT_Base                   
000035d0  __TI_CINIT_Limit                  
00003598  __TI_Handler_Table_Base           
000035a4  __TI_Handler_Table_Limit          
000029ed  __TI_auto_init                    
20000474  __TI_cleanup_ptr                  
00002dc7  __TI_decompress_none              
00002df9  __TI_decompress_rle24             
20000478  __TI_dtors_ptr                    
00000000  __TI_static_base__                
00002dd5  __TI_zero_init                    
00002d73  __aeabi_idiv0                     
00002973  __aeabi_memclr                    
00002973  __aeabi_memclr4                   
00002973  __aeabi_memclr8                   
000028d7  __aeabi_memcpy                    
000028d7  __aeabi_memcpy4                   
000028d7  __aeabi_memcpy8                   
00002975  __aeabi_memset                    
00002975  __aeabi_memset4                   
00002975  __aeabi_memset8                   
00002cbd  __aeabi_uidiv                     
00002cbd  __aeabi_uidivmod                  
ffffffff  __binit__                         
ffffffff  __c_args__                        
2000026c  __stack                           
00002d75  _args_main                        
00002b95  _c_int00                          
2000046c  _lock                             
00002daf  _nop                              
00002da7  _register_lock                    
00002da1  _register_unlock                  
00002e03  _system_pre_init                  
20000470  _unlock                           
00002c7d  abort                             
ffffffff  binit                             
00002be5  copy_in                           
0000202b  delay                             
00002c85  exit                              
20000000  g_pfnRAMVectors                   
00000000  g_pfnVectors                      
00002265  glcd_cleardisplay                 
000020f5  glcd_cmd                          
00002155  glcd_data                         
00002081  glcd_init                         
00002201  glcd_setcolumn                    
000021b5  glcd_setpage                      
00001fc5  hardware_init                     
00002035  inituart                          
00001f1d  main                              
20000484  main_func_sp                      
000028d7  memcpy                            
0000297b  memset                            


GLOBAL SYMBOLS: SORTED BY Symbol Address 

address   name                              
-------   ----                              
00000000  __TI_static_base__                
00000000  g_pfnVectors                      
00000200  __STACK_SIZE                      
000002cf  UARTParityModeSet                 
000002eb  UARTParityModeGet                 
000002fd  UARTFIFOLevelSet                  
00000315  UARTFIFOLevelGet                  
0000033d  UARTConfigSetExpClk               
000003b3  UARTConfigGetExpClk               
000003ff  UARTEnable                        
00000423  UARTDisable                       
0000044d  UARTFIFOEnable                    
00000463  UARTFIFODisable                   
00000479  UARTEnableSIR                     
000004a7  UARTDisableSIR                    
000004bd  UARTSmartCardEnable               
000004ef  UARTSmartCardDisable              
00000505  UARTModemControlSet               
00000545  UARTModemControlClear             
00000569  UARTModemControlGet               
0000057b  UARTModemStatusGet                
0000058f  UARTFlowControlSet                
000005ab  UARTFlowControlGet                
000005bd  UARTTxIntModeSet                  
000005d9  UARTTxIntModeGet                  
000005eb  UARTCharsAvail                    
00000609  UARTSpaceAvail                    
00000627  UARTCharGetNonBlocking            
00000643  UARTCharGet                       
00000659  UARTCharPutNonBlocking            
0000067d  UARTCharPut                       
0000069b  UARTBreakCtl                      
000006c5  UARTBusy                          
000006e3  UARTIntRegister                   
00000705  UARTIntUnregister                 
0000071f  UARTIntEnable                     
00000737  UARTIntDisable                    
0000074f  UARTIntStatus                     
0000076d  UARTIntClear                      
0000077f  UARTDMAEnable                     
00000797  UARTDMADisable                    
000007af  UARTRxErrorGet                    
000007c1  UARTRxErrorClear                  
000007d1  UARTClockSourceSet                
000007e5  UARTClockSourceGet                
000007f5  UART9BitEnable                    
0000080b  UART9BitDisable                   
00000821  UART9BitAddrSet                   
00000847  UART9BitAddrSend                  
0000088f  UARTLoopbackEnable                
000008ff  ADCIntRegister                    
00000927  ADCIntUnregister                  
00000945  ADCIntDisable                     
00000961  ADCIntEnable                      
00000987  ADCIntStatus                      
000009df  ADCIntClear                       
000009f5  ADCSequenceEnable                 
00000a0f  ADCSequenceDisable                
00000a29  ADCSequenceConfigure              
00000aad  ADCSequenceStepConfigure          
00000ba1  ADCSequenceOverflow               
00000bb9  ADCSequenceOverflowClear          
00000bcf  ADCSequenceUnderflow              
00000be7  ADCSequenceUnderflowClear         
00000bfd  ADCSequenceDataGet                
00000c3f  ADCProcessorTrigger               
00000c63  ADCSoftwareOversampleConfigure    
00000c9b  ADCSoftwareOversampleStepConfigure
00000d5b  ADCSoftwareOversampleDataGet      
00000dc9  ADCHardwareOversampleConfigure    
00000dfb  ADCComparatorConfigure            
00000e17  ADCComparatorRegionSet            
00000e3b  ADCComparatorReset                
00000e81  ADCComparatorIntDisable           
00000e9f  ADCComparatorIntEnable            
00000ebd  ADCComparatorIntStatus            
00000ecb  ADCComparatorIntClear             
00000edd  ADCIntDisableEx                   
00000ef5  ADCIntEnableEx                    
00000f11  ADCIntStatusEx                    
00000f43  ADCIntClearEx                     
00000f55  ADCReferenceSet                   
00000f71  ADCReferenceGet                   
00000f83  ADCPhaseDelaySet                  
00000f95  ADCPhaseDelayGet                  
00000fa3  ADCSequenceDMAEnable              
00000fbf  ADCSequenceDMADisable             
00000fdb  ADCBusy                           
00000ff9  ADCClockConfigSet                 
00001023  ADCClockConfigGet                 
00001125  SysCtlSRAMSizeGet                 
0000112f  SysCtlFlashSizeGet                
0000115b  SysCtlFlashSectorSizeGet          
00001183  SysCtlPeripheralPresent           
000011c3  SysCtlPeripheralReady             
00001203  SysCtlPeripheralPowerOn           
0000123f  SysCtlPeripheralPowerOff          
0000127b  SysCtlPeripheralReset             
00001303  SysCtlPeripheralEnable            
0000133f  SysCtlPeripheralDisable           
00001385  SysCtlPeripheralSleepEnable       
000013c9  SysCtlPeripheralSleepDisable      
00001405  SysCtlPeripheralDeepSleepEnable   
00001455  SysCtlPeripheralDeepSleepDisable  
0000149d  SysCtlPeripheralClockGating       
000014f1  SysCtlIntRegister                 
00001509  SysCtlIntUnregister               
00001519  SysCtlIntEnable                   
0000152d  SysCtlIntDisable                  
00001545  SysCtlIntClear                    
00001555  SysCtlIntStatus                   
00001571  SysCtlLDOSleepSet                 
00001581  SysCtlLDOSleepGet                 
00001587  SysCtlLDODeepSleepSet             
00001597  SysCtlLDODeepSleepGet             
0000159d  SysCtlSleepPowerSet               
000015b1  SysCtlDeepSleepPowerSet           
000015c1  SysCtlReset                       
000015c9  SysCtlSleep                       
000015d1  SysCtlDeepSleep                   
000015ed  SysCtlResetCauseGet               
000015f3  SysCtlResetCauseClear             
00001607  SysCtlMOSCConfigSet               
0000161d  SysCtlPIOSCCalibrate              
0000166d  SysCtlResetBehaviorSet            
0000167d  SysCtlResetBehaviorGet            
000016d1  SysCtlClockFreqSet                
000019e9  SysCtlClockSet                    
00001bb5  SysCtlClockGet                    
00001d61  SysCtlDeepSleepClockSet           
00001d7d  SysCtlDeepSleepClockConfigSet     
00001e07  SysCtlPWMClockSet                 
00001e21  SysCtlPWMClockGet                 
00001e37  SysCtlGPIOAHBEnable               
00001e53  SysCtlGPIOAHBDisable              
00001e6f  SysCtlUSBPLLEnable                
00001e7b  SysCtlUSBPLLDisable               
00001e8d  SysCtlVoltageEventConfig          
00001e9d  SysCtlVoltageEventStatus          
00001ea9  SysCtlVoltageEventClear           
00001ec1  SysCtlNMIStatus                   
00001ec7  SysCtlNMIClear                    
00001edb  SysCtlClockOutConfig              
00001ef7  SysCtlAltClkConfig                
00001f1d  main                              
00001fc5  hardware_init                     
0000202b  delay                             
00002035  inituart                          
00002081  glcd_init                         
000020f5  glcd_cmd                          
00002155  glcd_data                         
000021b5  glcd_setpage                      
00002201  glcd_setcolumn                    
00002265  glcd_cleardisplay                 
00002309  UARTStdioConfig                   
0000234f  UARTwrite                         
00002395  UARTgets                          
0000244f  UARTgetc                          
00002475  UARTvprintf                       
0000276f  UARTprintf                        
000027a5  GPIOPadConfigSet                  
000028d7  __aeabi_memcpy                    
000028d7  __aeabi_memcpy4                   
000028d7  __aeabi_memcpy8                   
000028d7  memcpy                            
00002973  __aeabi_memclr                    
00002973  __aeabi_memclr4                   
00002973  __aeabi_memclr8                   
00002975  __aeabi_memset                    
00002975  __aeabi_memset4                   
00002975  __aeabi_memset8                   
0000297b  memset                            
000029ed  __TI_auto_init                    
00002ac5  IntDisable                        
00002b2d  IntEnable                         
00002b95  _c_int00                          
00002be5  copy_in                           
00002c31  GPIOPinConfigure                  
00002c79  C$$EXIT                           
00002c7d  abort                             
00002c85  exit                              
00002cbd  __aeabi_uidiv                     
00002cbd  __aeabi_uidivmod                  
00002cfd  IntRegister                       
00002d31  GPIODirModeSet                    
00002d5b  GPIOPinTypeGPIOOutput             
00002d73  __aeabi_idiv0                     
00002d75  _args_main                        
00002d8d  IntUnregister                     
00002da1  _register_unlock                  
00002da7  _register_lock                    
00002daf  _nop                              
00002db5  GPIOPinTypeUART                   
00002dc7  __TI_decompress_none              
00002dd5  __TI_zero_init                    
00002de1  ResetISR                          
00002ded  GPIOPinWrite                      
00002df3  SysCtlDelay                       
00002df9  __TI_decompress_rle24             
00002dff  CPUwfi                            
00002e03  _system_pre_init                  
00003598  __TI_Handler_Table_Base           
000035a4  __TI_Handler_Table_Limit          
000035b8  __TI_CINIT_Base                   
000035d0  __TI_CINIT_Limit                  
20000000  g_pfnRAMVectors                   
2000026c  __stack                           
2000046c  __STACK_END                       
2000046c  __STACK_TOP                       
2000046c  _lock                             
20000470  _unlock                           
20000474  __TI_cleanup_ptr                  
20000478  __TI_dtors_ptr                    
20000484  main_func_sp                      
ffffffff  __binit__                         
ffffffff  __c_args__                        
ffffffff  binit                             
UNDEFED   SHT$$INIT_ARRAY$$Base             
UNDEFED   SHT$$INIT_ARRAY$$Limit            

[219 symbols]
