<?xml version="1.0"?>
<link_info>
   <banner>TI ARM Linker PC v5.2.5</banner>
   <copyright>Copyright (c) 1996-2015 Texas Instruments Incorporated</copyright>
   <link_time>0x57e18920</link_time>
   <link_errors>0x0</link_errors>
   <output_file>Lab_05.out</output_file>
   <entry_point>
      <name>_c_int00</name>
      <address>0x2b95</address>
   </entry_point>
   <input_file_list>
      <input_file id="fl-2">
         <path>.\</path>
         <kind>object</kind>
         <file>main.obj</file>
         <name>main.obj</name>
      </input_file>
      <input_file id="fl-3">
         <path>.\</path>
         <kind>object</kind>
         <file>tm4c123gh6pm_startup_ccs.obj</file>
         <name>tm4c123gh6pm_startup_ccs.obj</name>
      </input_file>
      <input_file id="fl-4">
         <path>.\utils\</path>
         <kind>object</kind>
         <file>uartstdio.obj</file>
         <name>uartstdio.obj</name>
      </input_file>
      <input_file id="fl-a">
         <path>C:\ti\TivaWare_C_Series-2.1.2.111\driverlib\ccs\Debug\</path>
         <kind>archive</kind>
         <file>driverlib.lib</file>
         <name>cpu.obj</name>
      </input_file>
      <input_file id="fl-b">
         <path>C:\ti\TivaWare_C_Series-2.1.2.111\driverlib\ccs\Debug\</path>
         <kind>archive</kind>
         <file>driverlib.lib</file>
         <name>gpio.obj</name>
      </input_file>
      <input_file id="fl-c">
         <path>C:\ti\TivaWare_C_Series-2.1.2.111\driverlib\ccs\Debug\</path>
         <kind>archive</kind>
         <file>driverlib.lib</file>
         <name>interrupt.obj</name>
      </input_file>
      <input_file id="fl-12e">
         <path>C:\ti\ccsv6\tools\compiler\ti-cgt-arm_5.2.5\lib\</path>
         <kind>archive</kind>
         <file>rtsv7M4_T_le_v4SPD16_eabi.lib</file>
         <name>boot.obj</name>
      </input_file>
      <input_file id="fl-12f">
         <path>C:\ti\ccsv6\tools\compiler\ti-cgt-arm_5.2.5\lib\</path>
         <kind>archive</kind>
         <file>rtsv7M4_T_le_v4SPD16_eabi.lib</file>
         <name>copy_decompress_none.obj</name>
      </input_file>
      <input_file id="fl-130">
         <path>C:\ti\ccsv6\tools\compiler\ti-cgt-arm_5.2.5\lib\</path>
         <kind>archive</kind>
         <file>rtsv7M4_T_le_v4SPD16_eabi.lib</file>
         <name>copy_decompress_rle.obj</name>
      </input_file>
      <input_file id="fl-131">
         <path>C:\ti\ccsv6\tools\compiler\ti-cgt-arm_5.2.5\lib\</path>
         <kind>archive</kind>
         <file>rtsv7M4_T_le_v4SPD16_eabi.lib</file>
         <name>copy_zero_init.obj</name>
      </input_file>
      <input_file id="fl-132">
         <path>C:\ti\ccsv6\tools\compiler\ti-cgt-arm_5.2.5\lib\</path>
         <kind>archive</kind>
         <file>rtsv7M4_T_le_v4SPD16_eabi.lib</file>
         <name>exit.obj</name>
      </input_file>
      <input_file id="fl-133">
         <path>C:\ti\ccsv6\tools\compiler\ti-cgt-arm_5.2.5\lib\</path>
         <kind>archive</kind>
         <file>rtsv7M4_T_le_v4SPD16_eabi.lib</file>
         <name>memcpy_t2.obj</name>
      </input_file>
      <input_file id="fl-134">
         <path>C:\ti\ccsv6\tools\compiler\ti-cgt-arm_5.2.5\lib\</path>
         <kind>archive</kind>
         <file>rtsv7M4_T_le_v4SPD16_eabi.lib</file>
         <name>memset_t2.obj</name>
      </input_file>
      <input_file id="fl-135">
         <path>C:\ti\ccsv6\tools\compiler\ti-cgt-arm_5.2.5\lib\</path>
         <kind>archive</kind>
         <file>rtsv7M4_T_le_v4SPD16_eabi.lib</file>
         <name>pre_init.obj</name>
      </input_file>
      <input_file id="fl-136">
         <path>C:\ti\ccsv6\tools\compiler\ti-cgt-arm_5.2.5\lib\</path>
         <kind>archive</kind>
         <file>rtsv7M4_T_le_v4SPD16_eabi.lib</file>
         <name>stkdepth_vars.obj</name>
      </input_file>
      <input_file id="fl-137">
         <path>C:\ti\ccsv6\tools\compiler\ti-cgt-arm_5.2.5\lib\</path>
         <kind>archive</kind>
         <file>rtsv7M4_T_le_v4SPD16_eabi.lib</file>
         <name>u_divt2.obj</name>
      </input_file>
      <input_file id="fl-138">
         <path>C:\ti\ccsv6\tools\compiler\ti-cgt-arm_5.2.5\lib\</path>
         <kind>archive</kind>
         <file>rtsv7M4_T_le_v4SPD16_eabi.lib</file>
         <name>_lock.obj</name>
      </input_file>
      <input_file id="fl-139">
         <path>C:\ti\ccsv6\tools\compiler\ti-cgt-arm_5.2.5\lib\</path>
         <kind>archive</kind>
         <file>rtsv7M4_T_le_v4SPD16_eabi.lib</file>
         <name>args_main.obj</name>
      </input_file>
      <input_file id="fl-13a">
         <path>C:\ti\ccsv6\tools\compiler\ti-cgt-arm_5.2.5\lib\</path>
         <kind>archive</kind>
         <file>rtsv7M4_T_le_v4SPD16_eabi.lib</file>
         <name>autoinit.obj</name>
      </input_file>
      <input_file id="fl-13b">
         <path>C:\ti\ccsv6\tools\compiler\ti-cgt-arm_5.2.5\lib\</path>
         <kind>archive</kind>
         <file>rtsv7M4_T_le_v4SPD16_eabi.lib</file>
         <name>cpy_tbl.obj</name>
      </input_file>
      <input_file id="fl-13c">
         <path>C:\ti\ccsv6\tools\compiler\ti-cgt-arm_5.2.5\lib\</path>
         <kind>archive</kind>
         <file>rtsv7M4_T_le_v4SPD16_eabi.lib</file>
         <name>i_div0.obj</name>
      </input_file>
   </input_file_list>
   <object_component_list>
      <object_component id="oc-f">
         <name>.intvecs</name>
         <load_address>0x0</load_address>
         <run_address>0x0</run_address>
         <size>0x26c</size>
         <input_file_ref idref="fl-3"/>
      </object_component>
      <object_component id="oc-9d">
         <name>.text</name>
         <load_address>0x26c</load_address>
         <run_address>0x26c</run_address>
         <size>0x209c</size>
         <input_file_ref idref="fl-2"/>
      </object_component>
      <object_component id="oc-10f">
         <name>.text</name>
         <load_address>0x2308</load_address>
         <run_address>0x2308</run_address>
         <size>0x49c</size>
         <input_file_ref idref="fl-4"/>
      </object_component>
      <object_component id="oc-159">
         <name>.text:GPIOPadConfigSet</name>
         <load_address>0x27a4</load_address>
         <run_address>0x27a4</run_address>
         <size>0x132</size>
         <input_file_ref idref="fl-b"/>
      </object_component>
      <object_component id="oc-33">
         <name>.text</name>
         <load_address>0x28d6</load_address>
         <run_address>0x28d6</run_address>
         <size>0x9c</size>
         <input_file_ref idref="fl-133"/>
      </object_component>
      <object_component id="oc-4c">
         <name>.text</name>
         <load_address>0x2972</load_address>
         <run_address>0x2972</run_address>
         <size>0x7a</size>
         <input_file_ref idref="fl-134"/>
      </object_component>
      <object_component id="oc-5e">
         <name>.text</name>
         <load_address>0x29ec</load_address>
         <run_address>0x29ec</run_address>
         <size>0x6c</size>
         <input_file_ref idref="fl-13a"/>
      </object_component>
      <object_component id="oc-3f">
         <name>.text</name>
         <load_address>0x2a58</load_address>
         <run_address>0x2a58</run_address>
         <size>0x6a</size>
         <input_file_ref idref="fl-130"/>
      </object_component>
      <object_component id="oc-145">
         <name>.text:_IntDefaultHandler</name>
         <load_address>0x2ac2</load_address>
         <run_address>0x2ac2</run_address>
         <size>0x2</size>
         <input_file_ref idref="fl-c"/>
      </object_component>
      <object_component id="oc-d8">
         <name>.text:IntDisable</name>
         <load_address>0x2ac4</load_address>
         <run_address>0x2ac4</run_address>
         <size>0x68</size>
         <input_file_ref idref="fl-c"/>
      </object_component>
      <object_component id="oc-d2">
         <name>.text:IntEnable</name>
         <load_address>0x2b2c</load_address>
         <run_address>0x2b2c</run_address>
         <size>0x68</size>
         <input_file_ref idref="fl-c"/>
      </object_component>
      <object_component id="oc-24">
         <name>.text</name>
         <load_address>0x2b94</load_address>
         <run_address>0x2b94</run_address>
         <size>0x50</size>
         <input_file_ref idref="fl-12e"/>
      </object_component>
      <object_component id="oc-95">
         <name>.text</name>
         <load_address>0x2be4</load_address>
         <run_address>0x2be4</run_address>
         <size>0x4c</size>
         <input_file_ref idref="fl-13b"/>
      </object_component>
      <object_component id="oc-103">
         <name>.text:GPIOPinConfigure</name>
         <load_address>0x2c30</load_address>
         <run_address>0x2c30</run_address>
         <size>0x48</size>
         <input_file_ref idref="fl-b"/>
      </object_component>
      <object_component id="oc-6a">
         <name>.text</name>
         <load_address>0x2c78</load_address>
         <run_address>0x2c78</run_address>
         <size>0x44</size>
         <input_file_ref idref="fl-132"/>
      </object_component>
      <object_component id="oc-173">
         <name>.text</name>
         <load_address>0x2cbc</load_address>
         <run_address>0x2cbc</run_address>
         <size>0x40</size>
         <input_file_ref idref="fl-137"/>
      </object_component>
      <object_component id="oc-cc">
         <name>.text:IntRegister</name>
         <load_address>0x2cfc</load_address>
         <run_address>0x2cfc</run_address>
         <size>0x34</size>
         <input_file_ref idref="fl-c"/>
      </object_component>
      <object_component id="oc-15f">
         <name>.text:GPIODirModeSet</name>
         <load_address>0x2d30</load_address>
         <run_address>0x2d30</run_address>
         <size>0x2a</size>
         <input_file_ref idref="fl-b"/>
      </object_component>
      <object_component id="oc-f7">
         <name>.text:GPIOPinTypeGPIOOutput</name>
         <load_address>0x2d5a</load_address>
         <run_address>0x2d5a</run_address>
         <size>0x18</size>
         <input_file_ref idref="fl-b"/>
      </object_component>
      <object_component id="oc-196">
         <name>.text</name>
         <load_address>0x2d72</load_address>
         <run_address>0x2d72</run_address>
         <size>0x2</size>
         <input_file_ref idref="fl-13c"/>
      </object_component>
      <object_component id="oc-64">
         <name>.text</name>
         <load_address>0x2d74</load_address>
         <run_address>0x2d74</run_address>
         <size>0x18</size>
         <input_file_ref idref="fl-139"/>
      </object_component>
      <object_component id="oc-de">
         <name>.text:IntUnregister</name>
         <load_address>0x2d8c</load_address>
         <run_address>0x2d8c</run_address>
         <size>0x14</size>
         <input_file_ref idref="fl-c"/>
      </object_component>
      <object_component id="oc-120">
         <name>.text</name>
         <load_address>0x2da0</load_address>
         <run_address>0x2da0</run_address>
         <size>0x14</size>
         <input_file_ref idref="fl-138"/>
      </object_component>
      <object_component id="oc-109">
         <name>.text:GPIOPinTypeUART</name>
         <load_address>0x2db4</load_address>
         <run_address>0x2db4</run_address>
         <size>0x12</size>
         <input_file_ref idref="fl-b"/>
      </object_component>
      <object_component id="oc-12">
         <name>.text:decompress:none</name>
         <load_address>0x2dc6</load_address>
         <run_address>0x2dc6</run_address>
         <size>0xe</size>
         <input_file_ref idref="fl-12f"/>
      </object_component>
      <object_component id="oc-1e">
         <name>.text:decompress:ZI</name>
         <load_address>0x2dd4</load_address>
         <run_address>0x2dd4</run_address>
         <size>0xc</size>
         <input_file_ref idref="fl-131"/>
      </object_component>
      <object_component id="oc-2a">
         <name>.text</name>
         <load_address>0x2de0</load_address>
         <run_address>0x2de0</run_address>
         <size>0xc</size>
         <input_file_ref idref="fl-3"/>
      </object_component>
      <object_component id="oc-fd">
         <name>.text:GPIOPinWrite</name>
         <load_address>0x2dec</load_address>
         <run_address>0x2dec</run_address>
         <size>0x6</size>
         <input_file_ref idref="fl-b"/>
      </object_component>
      <object_component id="oc-f6">
         <name>.text:SysCtlDelay</name>
         <load_address>0x2df2</load_address>
         <run_address>0x2df2</run_address>
         <size>0x6</size>
         <input_file_ref idref="fl-2"/>
      </object_component>
      <object_component id="oc-18">
         <name>.text:decompress:rle24</name>
         <load_address>0x2df8</load_address>
         <run_address>0x2df8</run_address>
         <size>0x6</size>
         <input_file_ref idref="fl-130"/>
      </object_component>
      <object_component id="oc-ea">
         <name>.text:CPUwfi</name>
         <load_address>0x2dfe</load_address>
         <run_address>0x2dfe</run_address>
         <size>0x4</size>
         <input_file_ref idref="fl-a"/>
      </object_component>
      <object_component id="oc-58">
         <name>.text</name>
         <load_address>0x2e02</load_address>
         <run_address>0x2e02</run_address>
         <size>0x4</size>
         <input_file_ref idref="fl-135"/>
      </object_component>
      <object_component id="oc-115">
         <name>.const:.string:$P$T0$1</name>
         <load_address>0x2e08</load_address>
         <run_address>0x2e08</run_address>
         <size>0x400</size>
         <input_file_ref idref="fl-2"/>
      </object_component>
      <object_component id="oc-f3">
         <name>.const:g_pppui32XTALtoVCO</name>
         <load_address>0x3208</load_address>
         <run_address>0x3208</run_address>
         <size>0x120</size>
         <input_file_ref idref="fl-2"/>
      </object_component>
      <object_component id="oc-168">
         <name>.const:g_pui32GPIOBaseAddrs</name>
         <load_address>0x3328</load_address>
         <run_address>0x3328</run_address>
         <size>0x90</size>
         <input_file_ref idref="fl-b"/>
      </object_component>
      <object_component id="oc-140">
         <name>.const</name>
         <load_address>0x33b8</load_address>
         <run_address>0x33b8</run_address>
         <size>0x70</size>
         <input_file_ref idref="fl-c"/>
      </object_component>
      <object_component id="oc-f0">
         <name>.const:g_pui32Xtals</name>
         <load_address>0x3428</load_address>
         <run_address>0x3428</run_address>
         <size>0x6c</size>
         <input_file_ref idref="fl-2"/>
      </object_component>
      <object_component id="oc-c3">
         <name>.const:g_ppui32UARTIntMap</name>
         <load_address>0x3494</load_address>
         <run_address>0x3494</run_address>
         <size>0x40</size>
         <input_file_ref idref="fl-2"/>
      </object_component>
      <object_component id="oc-c9">
         <name>.const:g_ppui32UARTIntMapSnowflake</name>
         <load_address>0x34d4</load_address>
         <run_address>0x34d4</run_address>
         <size>0x40</size>
         <input_file_ref idref="fl-2"/>
      </object_component>
      <object_component id="oc-e7">
         <name>.const:g_sXTALtoMEMTIM</name>
         <load_address>0x3514</load_address>
         <run_address>0x3514</run_address>
         <size>0x30</size>
         <input_file_ref idref="fl-2"/>
      </object_component>
      <object_component id="oc-16d">
         <name>.const</name>
         <load_address>0x3544</load_address>
         <run_address>0x3544</run_address>
         <size>0x1c</size>
         <input_file_ref idref="fl-4"/>
      </object_component>
      <object_component id="oc-191">
         <name>.const:.string</name>
         <load_address>0x3560</load_address>
         <run_address>0x3560</run_address>
         <size>0x12</size>
         <input_file_ref idref="fl-4"/>
      </object_component>
      <object_component id="oc-c6">
         <name>.const</name>
         <load_address>0x3574</load_address>
         <run_address>0x3574</run_address>
         <size>0x10</size>
         <input_file_ref idref="fl-2"/>
      </object_component>
      <object_component id="oc-1c4">
         <name>.cinit..data.load</name>
         <load_address>0x3588</load_address>
         <run_address>0x3588</run_address>
         <size>0xf</size>
      </object_component>
      <object_component id="oc-1c1">
         <name>__TI_handler_table</name>
         <load_address>0x3598</load_address>
         <run_address>0x3598</run_address>
         <size>0xc</size>
      </object_component>
      <object_component id="oc-1c5">
         <name>.cinit..bss.load</name>
         <load_address>0x35a8</load_address>
         <run_address>0x35a8</run_address>
         <size>0x8</size>
      </object_component>
      <object_component id="oc-1c3">
         <name>.cinit..vtable.load</name>
         <load_address>0x35b0</load_address>
         <run_address>0x35b0</run_address>
         <size>0x8</size>
      </object_component>
      <object_component id="oc-1c2">
         <name>__TI_cinit_table</name>
         <load_address>0x35b8</load_address>
         <run_address>0x35b8</run_address>
         <size>0x18</size>
      </object_component>
      <object_component id="oc-13b">
         <name>.vtable</name>
         <uninitialized>true</uninitialized>
         <run_address>0x20000000</run_address>
         <size>0x26c</size>
         <input_file_ref idref="fl-c"/>
      </object_component>
      <object_component id="oc-29">
         <name>.stack</name>
         <uninitialized>true</uninitialized>
         <run_address>0x2000026c</run_address>
         <size>0x0</size>
         <input_file_ref idref="fl-12e"/>
      </object_component>
      <object_component id="oc-1c6">
         <name>.stack</name>
         <uninitialized>true</uninitialized>
         <run_address>0x2000026c</run_address>
         <size>0x0</size>
      </object_component>
      <object_component id="oc-e4">
         <name>.common:g_pui8OversampleFactor</name>
         <uninitialized>true</uninitialized>
         <run_address>0x20000488</run_address>
         <size>0x4</size>
      </object_component>
      <object_component id="oc-170">
         <name>.data</name>
         <load_address>0x2000047c</load_address>
         <run_address>0x2000047c</run_address>
         <size>0x5</size>
         <input_file_ref idref="fl-4"/>
      </object_component>
      <object_component id="oc-a8">
         <name>.data</name>
         <load_address>0x20000474</load_address>
         <run_address>0x20000474</run_address>
         <size>0x8</size>
         <input_file_ref idref="fl-132"/>
      </object_component>
      <object_component id="oc-70">
         <name>.data</name>
         <load_address>0x20000484</load_address>
         <run_address>0x20000484</run_address>
         <size>0x4</size>
         <input_file_ref idref="fl-136"/>
      </object_component>
      <object_component id="oc-a5">
         <name>.data</name>
         <load_address>0x2000046c</load_address>
         <run_address>0x2000046c</run_address>
         <size>0x8</size>
         <input_file_ref idref="fl-138"/>
      </object_component>
      <object_component id="oc-e5">
         <name>.debug_info</name>
         <load_address>0x0</load_address>
         <run_address>0x0</run_address>
         <size>0x3f8</size>
         <input_file_ref idref="fl-2"/>
      </object_component>
      <object_component id="oc-c4">
         <name>.debug_info</name>
         <load_address>0x3f8</load_address>
         <run_address>0x3f8</run_address>
         <size>0xde</size>
         <input_file_ref idref="fl-2"/>
      </object_component>
      <object_component id="oc-c7">
         <name>.debug_info</name>
         <load_address>0x4d6</load_address>
         <run_address>0x4d6</run_address>
         <size>0x163</size>
         <input_file_ref idref="fl-2"/>
      </object_component>
      <object_component id="oc-ca">
         <name>.debug_info</name>
         <load_address>0x639</load_address>
         <run_address>0x639</run_address>
         <size>0xf0</size>
         <input_file_ref idref="fl-2"/>
      </object_component>
      <object_component id="oc-f1">
         <name>.debug_info</name>
         <load_address>0x729</load_address>
         <run_address>0x729</run_address>
         <size>0xd2</size>
         <input_file_ref idref="fl-2"/>
      </object_component>
      <object_component id="oc-f4">
         <name>.debug_info</name>
         <load_address>0x7fb</load_address>
         <run_address>0x7fb</run_address>
         <size>0xde</size>
         <input_file_ref idref="fl-2"/>
      </object_component>
      <object_component id="oc-e8">
         <name>.debug_info</name>
         <load_address>0x8d9</load_address>
         <run_address>0x8d9</run_address>
         <size>0xd8</size>
         <input_file_ref idref="fl-2"/>
      </object_component>
      <object_component id="oc-116">
         <name>.debug_info</name>
         <load_address>0x9b1</load_address>
         <run_address>0x9b1</run_address>
         <size>0xc8</size>
         <input_file_ref idref="fl-2"/>
      </object_component>
      <object_component id="oc-9e">
         <name>.debug_info</name>
         <load_address>0xa79</load_address>
         <run_address>0xa79</run_address>
         <size>0xa5f8</size>
         <input_file_ref idref="fl-2"/>
      </object_component>
      <object_component id="oc-14e">
         <name>.debug_info</name>
         <load_address>0xb071</load_address>
         <run_address>0xb071</run_address>
         <size>0x51</size>
         <input_file_ref idref="fl-2"/>
      </object_component>
      <object_component id="oc-b0">
         <name>.debug_info</name>
         <load_address>0xb0c2</load_address>
         <run_address>0xb0c2</run_address>
         <size>0x8b</size>
         <input_file_ref idref="fl-2"/>
      </object_component>
      <object_component id="oc-7c">
         <name>.debug_info</name>
         <load_address>0xb14d</load_address>
         <run_address>0xb14d</run_address>
         <size>0x18b</size>
         <input_file_ref idref="fl-2"/>
      </object_component>
      <object_component id="oc-17a">
         <name>.debug_info</name>
         <load_address>0xb2d8</load_address>
         <run_address>0xb2d8</run_address>
         <size>0x4e</size>
         <input_file_ref idref="fl-2"/>
      </object_component>
      <object_component id="oc-32">
         <name>.debug_info</name>
         <load_address>0xb326</load_address>
         <run_address>0xb326</run_address>
         <size>0x102</size>
         <input_file_ref idref="fl-3"/>
      </object_component>
      <object_component id="oc-10">
         <name>.debug_info</name>
         <load_address>0xb428</load_address>
         <run_address>0xb428</run_address>
         <size>0xe7</size>
         <input_file_ref idref="fl-3"/>
      </object_component>
      <object_component id="oc-2b">
         <name>.debug_info</name>
         <load_address>0xb50f</load_address>
         <run_address>0xb50f</run_address>
         <size>0x263</size>
         <input_file_ref idref="fl-3"/>
      </object_component>
      <object_component id="oc-77">
         <name>.debug_info</name>
         <load_address>0xb772</load_address>
         <run_address>0xb772</run_address>
         <size>0x84</size>
         <input_file_ref idref="fl-3"/>
      </object_component>
      <object_component id="oc-179">
         <name>.debug_info</name>
         <load_address>0xb7f6</load_address>
         <run_address>0xb7f6</run_address>
         <size>0x23c</size>
         <input_file_ref idref="fl-4"/>
      </object_component>
      <object_component id="oc-171">
         <name>.debug_info</name>
         <load_address>0xba32</load_address>
         <run_address>0xba32</run_address>
         <size>0xd9</size>
         <input_file_ref idref="fl-4"/>
      </object_component>
      <object_component id="oc-16e">
         <name>.debug_info</name>
         <load_address>0xbb0b</load_address>
         <run_address>0xbb0b</run_address>
         <size>0x12f</size>
         <input_file_ref idref="fl-4"/>
      </object_component>
      <object_component id="oc-110">
         <name>.debug_info</name>
         <load_address>0xbc3a</load_address>
         <run_address>0xbc3a</run_address>
         <size>0x7ca</size>
         <input_file_ref idref="fl-4"/>
      </object_component>
      <object_component id="oc-ec">
         <name>.debug_info</name>
         <load_address>0xc404</load_address>
         <run_address>0xc404</run_address>
         <size>0x20a</size>
         <input_file_ref idref="fl-a"/>
      </object_component>
      <object_component id="oc-166">
         <name>.debug_info</name>
         <load_address>0xc60e</load_address>
         <run_address>0xc60e</run_address>
         <size>0x230</size>
         <input_file_ref idref="fl-b"/>
      </object_component>
      <object_component id="oc-169">
         <name>.debug_info</name>
         <load_address>0xc83e</load_address>
         <run_address>0xc83e</run_address>
         <size>0x15b</size>
         <input_file_ref idref="fl-b"/>
      </object_component>
      <object_component id="oc-fe">
         <name>.debug_info</name>
         <load_address>0xc999</load_address>
         <run_address>0xc999</run_address>
         <size>0x2a3</size>
         <input_file_ref idref="fl-b"/>
      </object_component>
      <object_component id="oc-160">
         <name>.debug_info</name>
         <load_address>0xcc3c</load_address>
         <run_address>0xcc3c</run_address>
         <size>0x2b3</size>
         <input_file_ref idref="fl-b"/>
      </object_component>
      <object_component id="oc-15a">
         <name>.debug_info</name>
         <load_address>0xceef</load_address>
         <run_address>0xceef</run_address>
         <size>0x316</size>
         <input_file_ref idref="fl-b"/>
      </object_component>
      <object_component id="oc-10a">
         <name>.debug_info</name>
         <load_address>0xd205</load_address>
         <run_address>0xd205</run_address>
         <size>0x27b</size>
         <input_file_ref idref="fl-b"/>
      </object_component>
      <object_component id="oc-f8">
         <name>.debug_info</name>
         <load_address>0xd480</load_address>
         <run_address>0xd480</run_address>
         <size>0x2b7</size>
         <input_file_ref idref="fl-b"/>
      </object_component>
      <object_component id="oc-104">
         <name>.debug_info</name>
         <load_address>0xd737</load_address>
         <run_address>0xd737</run_address>
         <size>0x280</size>
         <input_file_ref idref="fl-b"/>
      </object_component>
      <object_component id="oc-13f">
         <name>.debug_info</name>
         <load_address>0xd9b7</load_address>
         <run_address>0xd9b7</run_address>
         <size>0x20e</size>
         <input_file_ref idref="fl-c"/>
      </object_component>
      <object_component id="oc-141">
         <name>.debug_info</name>
         <load_address>0xdbc5</load_address>
         <run_address>0xdbc5</run_address>
         <size>0x210</size>
         <input_file_ref idref="fl-c"/>
      </object_component>
      <object_component id="oc-13c">
         <name>.debug_info</name>
         <load_address>0xddd5</load_address>
         <run_address>0xddd5</run_address>
         <size>0x157</size>
         <input_file_ref idref="fl-c"/>
      </object_component>
      <object_component id="oc-146">
         <name>.debug_info</name>
         <load_address>0xdf2c</load_address>
         <run_address>0xdf2c</run_address>
         <size>0x225</size>
         <input_file_ref idref="fl-c"/>
      </object_component>
      <object_component id="oc-df">
         <name>.debug_info</name>
         <load_address>0xe151</load_address>
         <run_address>0xe151</run_address>
         <size>0x270</size>
         <input_file_ref idref="fl-c"/>
      </object_component>
      <object_component id="oc-cd">
         <name>.debug_info</name>
         <load_address>0xe3c1</load_address>
         <run_address>0xe3c1</run_address>
         <size>0x2c1</size>
         <input_file_ref idref="fl-c"/>
      </object_component>
      <object_component id="oc-d4">
         <name>.debug_info</name>
         <load_address>0xe682</load_address>
         <run_address>0xe682</run_address>
         <size>0x268</size>
         <input_file_ref idref="fl-c"/>
      </object_component>
      <object_component id="oc-da">
         <name>.debug_info</name>
         <load_address>0xe8ea</load_address>
         <run_address>0xe8ea</run_address>
         <size>0x26a</size>
         <input_file_ref idref="fl-c"/>
      </object_component>
      <object_component id="oc-26">
         <name>.debug_info</name>
         <load_address>0xeb54</load_address>
         <run_address>0xeb54</run_address>
         <size>0x134</size>
         <input_file_ref idref="fl-12e"/>
      </object_component>
      <object_component id="oc-3e">
         <name>.debug_info</name>
         <load_address>0xec88</load_address>
         <run_address>0xec88</run_address>
         <size>0x121</size>
         <input_file_ref idref="fl-12f"/>
      </object_component>
      <object_component id="oc-14">
         <name>.debug_info</name>
         <load_address>0xeda9</load_address>
         <run_address>0xeda9</run_address>
         <size>0x1c0</size>
         <input_file_ref idref="fl-12f"/>
      </object_component>
      <object_component id="oc-39">
         <name>.debug_info</name>
         <load_address>0xef69</load_address>
         <run_address>0xef69</run_address>
         <size>0x46</size>
         <input_file_ref idref="fl-12f"/>
      </object_component>
      <object_component id="oc-82">
         <name>.debug_info</name>
         <load_address>0xefaf</load_address>
         <run_address>0xefaf</run_address>
         <size>0x2c</size>
         <input_file_ref idref="fl-12f"/>
      </object_component>
      <object_component id="oc-46">
         <name>.debug_info</name>
         <load_address>0xefdb</load_address>
         <run_address>0xefdb</run_address>
         <size>0x115</size>
         <input_file_ref idref="fl-130"/>
      </object_component>
      <object_component id="oc-40">
         <name>.debug_info</name>
         <load_address>0xf0f0</load_address>
         <run_address>0xf0f0</run_address>
         <size>0x228</size>
         <input_file_ref idref="fl-130"/>
      </object_component>
      <object_component id="oc-19">
         <name>.debug_info</name>
         <load_address>0xf318</load_address>
         <run_address>0xf318</run_address>
         <size>0x192</size>
         <input_file_ref idref="fl-130"/>
      </object_component>
      <object_component id="oc-47">
         <name>.debug_info</name>
         <load_address>0xf4aa</load_address>
         <run_address>0xf4aa</run_address>
         <size>0x39</size>
         <input_file_ref idref="fl-130"/>
      </object_component>
      <object_component id="oc-8c">
         <name>.debug_info</name>
         <load_address>0xf4e3</load_address>
         <run_address>0xf4e3</run_address>
         <size>0x2c</size>
         <input_file_ref idref="fl-130"/>
      </object_component>
      <object_component id="oc-57">
         <name>.debug_info</name>
         <load_address>0xf50f</load_address>
         <run_address>0xf50f</run_address>
         <size>0x110</size>
         <input_file_ref idref="fl-131"/>
      </object_component>
      <object_component id="oc-1f">
         <name>.debug_info</name>
         <load_address>0xf61f</load_address>
         <run_address>0xf61f</run_address>
         <size>0x18b</size>
         <input_file_ref idref="fl-131"/>
      </object_component>
      <object_component id="oc-52">
         <name>.debug_info</name>
         <load_address>0xf7aa</load_address>
         <run_address>0xf7aa</run_address>
         <size>0x46</size>
         <input_file_ref idref="fl-131"/>
      </object_component>
      <object_component id="oc-ac">
         <name>.debug_info</name>
         <load_address>0xf7f0</load_address>
         <run_address>0xf7f0</run_address>
         <size>0x172</size>
         <input_file_ref idref="fl-132"/>
      </object_component>
      <object_component id="oc-a9">
         <name>.debug_info</name>
         <load_address>0xf962</load_address>
         <run_address>0xf962</run_address>
         <size>0x117</size>
         <input_file_ref idref="fl-132"/>
      </object_component>
      <object_component id="oc-6d">
         <name>.debug_info</name>
         <load_address>0xfa79</load_address>
         <run_address>0xfa79</run_address>
         <size>0x1ee</size>
         <input_file_ref idref="fl-132"/>
      </object_component>
      <object_component id="oc-35">
         <name>.debug_info</name>
         <load_address>0xfc67</load_address>
         <run_address>0xfc67</run_address>
         <size>0xf6</size>
         <input_file_ref idref="fl-133"/>
      </object_component>
      <object_component id="oc-4d">
         <name>.debug_info</name>
         <load_address>0xfd5d</load_address>
         <run_address>0xfd5d</run_address>
         <size>0x124</size>
         <input_file_ref idref="fl-134"/>
      </object_component>
      <object_component id="oc-59">
         <name>.debug_info</name>
         <load_address>0xfe81</load_address>
         <run_address>0xfe81</run_address>
         <size>0x129</size>
         <input_file_ref idref="fl-135"/>
      </object_component>
      <object_component id="oc-71">
         <name>.debug_info</name>
         <load_address>0xffaa</load_address>
         <run_address>0xffaa</run_address>
         <size>0xea</size>
         <input_file_ref idref="fl-136"/>
      </object_component>
      <object_component id="oc-175">
         <name>.debug_info</name>
         <load_address>0x10094</load_address>
         <run_address>0x10094</run_address>
         <size>0x11f</size>
         <input_file_ref idref="fl-137"/>
      </object_component>
      <object_component id="oc-128">
         <name>.debug_info</name>
         <load_address>0x101b3</load_address>
         <run_address>0x101b3</run_address>
         <size>0x105</size>
         <input_file_ref idref="fl-138"/>
      </object_component>
      <object_component id="oc-a6">
         <name>.debug_info</name>
         <load_address>0x102b8</load_address>
         <run_address>0x102b8</run_address>
         <size>0xf4</size>
         <input_file_ref idref="fl-138"/>
      </object_component>
      <object_component id="oc-121">
         <name>.debug_info</name>
         <load_address>0x103ac</load_address>
         <run_address>0x103ac</run_address>
         <size>0x200</size>
         <input_file_ref idref="fl-138"/>
      </object_component>
      <object_component id="oc-a4">
         <name>.debug_info</name>
         <load_address>0x105ac</load_address>
         <run_address>0x105ac</run_address>
         <size>0x147</size>
         <input_file_ref idref="fl-139"/>
      </object_component>
      <object_component id="oc-65">
         <name>.debug_info</name>
         <load_address>0x106f3</load_address>
         <run_address>0x106f3</run_address>
         <size>0x148</size>
         <input_file_ref idref="fl-139"/>
      </object_component>
      <object_component id="oc-11b">
         <name>.debug_info</name>
         <load_address>0x1083b</load_address>
         <run_address>0x1083b</run_address>
         <size>0x5e</size>
         <input_file_ref idref="fl-139"/>
      </object_component>
      <object_component id="oc-9c">
         <name>.debug_info</name>
         <load_address>0x10899</load_address>
         <run_address>0x10899</run_address>
         <size>0x29e</size>
         <input_file_ref idref="fl-13a"/>
      </object_component>
      <object_component id="oc-5f">
         <name>.debug_info</name>
         <load_address>0x10b37</load_address>
         <run_address>0x10b37</run_address>
         <size>0x158</size>
         <input_file_ref idref="fl-13a"/>
      </object_component>
      <object_component id="oc-b9">
         <name>.debug_info</name>
         <load_address>0x10c8f</load_address>
         <run_address>0x10c8f</run_address>
         <size>0x39</size>
         <input_file_ref idref="fl-13a"/>
      </object_component>
      <object_component id="oc-be">
         <name>.debug_info</name>
         <load_address>0x10cc8</load_address>
         <run_address>0x10cc8</run_address>
         <size>0xcd</size>
         <input_file_ref idref="fl-13a"/>
      </object_component>
      <object_component id="oc-b6">
         <name>.debug_info</name>
         <load_address>0x10d95</load_address>
         <run_address>0x10d95</run_address>
         <size>0x1c1</size>
         <input_file_ref idref="fl-13b"/>
      </object_component>
      <object_component id="oc-96">
         <name>.debug_info</name>
         <load_address>0x10f56</load_address>
         <run_address>0x10f56</run_address>
         <size>0x164</size>
         <input_file_ref idref="fl-13b"/>
      </object_component>
      <object_component id="oc-130">
         <name>.debug_info</name>
         <load_address>0x110ba</load_address>
         <run_address>0x110ba</run_address>
         <size>0x2c</size>
         <input_file_ref idref="fl-13b"/>
      </object_component>
      <object_component id="oc-198">
         <name>.debug_info</name>
         <load_address>0x110e6</load_address>
         <run_address>0x110e6</run_address>
         <size>0x128</size>
         <input_file_ref idref="fl-13c"/>
      </object_component>
      <object_component id="oc-1c7">
         <name>.debug_info</name>
         <load_address>0x1120e</load_address>
         <run_address>0x1120e</run_address>
         <size>0xa1</size>
      </object_component>
      <object_component id="oc-14d">
         <name>.debug_line</name>
         <load_address>0x0</load_address>
         <run_address>0x0</run_address>
         <size>0x14b</size>
         <input_file_ref idref="fl-2"/>
      </object_component>
      <object_component id="oc-136">
         <name>.debug_line</name>
         <load_address>0x14b</load_address>
         <run_address>0x14b</run_address>
         <size>0x56</size>
         <input_file_ref idref="fl-2"/>
      </object_component>
      <object_component id="oc-138">
         <name>.debug_line</name>
         <load_address>0x1a1</load_address>
         <run_address>0x1a1</run_address>
         <size>0x8e</size>
         <input_file_ref idref="fl-2"/>
      </object_component>
      <object_component id="oc-13a">
         <name>.debug_line</name>
         <load_address>0x22f</load_address>
         <run_address>0x22f</run_address>
         <size>0x56</size>
         <input_file_ref idref="fl-2"/>
      </object_component>
      <object_component id="oc-156">
         <name>.debug_line</name>
         <load_address>0x285</load_address>
         <run_address>0x285</run_address>
         <size>0x58</size>
         <input_file_ref idref="fl-2"/>
      </object_component>
      <object_component id="oc-158">
         <name>.debug_line</name>
         <load_address>0x2dd</load_address>
         <run_address>0x2dd</run_address>
         <size>0x58</size>
         <input_file_ref idref="fl-2"/>
      </object_component>
      <object_component id="oc-153">
         <name>.debug_line</name>
         <load_address>0x335</load_address>
         <run_address>0x335</run_address>
         <size>0x58</size>
         <input_file_ref idref="fl-2"/>
      </object_component>
      <object_component id="oc-180">
         <name>.debug_line</name>
         <load_address>0x38d</load_address>
         <run_address>0x38d</run_address>
         <size>0x2d</size>
         <input_file_ref idref="fl-2"/>
      </object_component>
      <object_component id="oc-a1">
         <name>.debug_line</name>
         <load_address>0x3ba</load_address>
         <run_address>0x3ba</run_address>
         <size>0x1921</size>
         <input_file_ref idref="fl-2"/>
      </object_component>
      <object_component id="oc-150">
         <name>.debug_line</name>
         <load_address>0x1cdb</load_address>
         <run_address>0x1cdb</run_address>
         <size>0x58</size>
         <input_file_ref idref="fl-2"/>
      </object_component>
      <object_component id="oc-b3">
         <name>.debug_line</name>
         <load_address>0x1d33</load_address>
         <run_address>0x1d33</run_address>
         <size>0x20</size>
         <input_file_ref idref="fl-2"/>
      </object_component>
      <object_component id="oc-7f">
         <name>.debug_line</name>
         <load_address>0x1d53</load_address>
         <run_address>0x1d53</run_address>
         <size>0x60</size>
         <input_file_ref idref="fl-2"/>
      </object_component>
      <object_component id="oc-17d">
         <name>.debug_line</name>
         <load_address>0x1db3</load_address>
         <run_address>0x1db3</run_address>
         <size>0x60</size>
         <input_file_ref idref="fl-2"/>
      </object_component>
      <object_component id="oc-76">
         <name>.debug_line</name>
         <load_address>0x1e13</load_address>
         <run_address>0x1e13</run_address>
         <size>0x41</size>
         <input_file_ref idref="fl-3"/>
      </object_component>
      <object_component id="oc-31">
         <name>.debug_line</name>
         <load_address>0x1e54</load_address>
         <run_address>0x1e54</run_address>
         <size>0x41</size>
         <input_file_ref idref="fl-3"/>
      </object_component>
      <object_component id="oc-2e">
         <name>.debug_line</name>
         <load_address>0x1e95</load_address>
         <run_address>0x1e95</run_address>
         <size>0xa1</size>
         <input_file_ref idref="fl-3"/>
      </object_component>
      <object_component id="oc-7a">
         <name>.debug_line</name>
         <load_address>0x1f36</load_address>
         <run_address>0x1f36</run_address>
         <size>0x20</size>
         <input_file_ref idref="fl-3"/>
      </object_component>
      <object_component id="oc-19e">
         <name>.debug_line</name>
         <load_address>0x1f56</load_address>
         <run_address>0x1f56</run_address>
         <size>0x8e</size>
         <input_file_ref idref="fl-4"/>
      </object_component>
      <object_component id="oc-195">
         <name>.debug_line</name>
         <load_address>0x1fe4</load_address>
         <run_address>0x1fe4</run_address>
         <size>0x38</size>
         <input_file_ref idref="fl-4"/>
      </object_component>
      <object_component id="oc-193">
         <name>.debug_line</name>
         <load_address>0x201c</load_address>
         <run_address>0x201c</run_address>
         <size>0x38</size>
         <input_file_ref idref="fl-4"/>
      </object_component>
      <object_component id="oc-113">
         <name>.debug_line</name>
         <load_address>0x2054</load_address>
         <run_address>0x2054</run_address>
         <size>0x289</size>
         <input_file_ref idref="fl-4"/>
      </object_component>
      <object_component id="oc-ee">
         <name>.debug_line</name>
         <load_address>0x22dd</load_address>
         <run_address>0x22dd</run_address>
         <size>0x8e</size>
         <input_file_ref idref="fl-a"/>
      </object_component>
      <object_component id="oc-18e">
         <name>.debug_line</name>
         <load_address>0x236b</load_address>
         <run_address>0x236b</run_address>
         <size>0x82</size>
         <input_file_ref idref="fl-b"/>
      </object_component>
      <object_component id="oc-190">
         <name>.debug_line</name>
         <load_address>0x23ed</load_address>
         <run_address>0x23ed</run_address>
         <size>0x7d</size>
         <input_file_ref idref="fl-b"/>
      </object_component>
      <object_component id="oc-101">
         <name>.debug_line</name>
         <load_address>0x246a</load_address>
         <run_address>0x246a</run_address>
         <size>0x92</size>
         <input_file_ref idref="fl-b"/>
      </object_component>
      <object_component id="oc-163">
         <name>.debug_line</name>
         <load_address>0x24fc</load_address>
         <run_address>0x24fc</run_address>
         <size>0x95</size>
         <input_file_ref idref="fl-b"/>
      </object_component>
      <object_component id="oc-15d">
         <name>.debug_line</name>
         <load_address>0x2591</load_address>
         <run_address>0x2591</run_address>
         <size>0xd1</size>
         <input_file_ref idref="fl-b"/>
      </object_component>
      <object_component id="oc-10d">
         <name>.debug_line</name>
         <load_address>0x2662</load_address>
         <run_address>0x2662</run_address>
         <size>0x93</size>
         <input_file_ref idref="fl-b"/>
      </object_component>
      <object_component id="oc-fb">
         <name>.debug_line</name>
         <load_address>0x26f5</load_address>
         <run_address>0x26f5</run_address>
         <size>0x99</size>
         <input_file_ref idref="fl-b"/>
      </object_component>
      <object_component id="oc-107">
         <name>.debug_line</name>
         <load_address>0x278e</load_address>
         <run_address>0x278e</run_address>
         <size>0xa7</size>
         <input_file_ref idref="fl-b"/>
      </object_component>
      <object_component id="oc-187">
         <name>.debug_line</name>
         <load_address>0x2835</load_address>
         <run_address>0x2835</run_address>
         <size>0x7c</size>
         <input_file_ref idref="fl-c"/>
      </object_component>
      <object_component id="oc-189">
         <name>.debug_line</name>
         <load_address>0x28b1</load_address>
         <run_address>0x28b1</run_address>
         <size>0x82</size>
         <input_file_ref idref="fl-c"/>
      </object_component>
      <object_component id="oc-185">
         <name>.debug_line</name>
         <load_address>0x2933</load_address>
         <run_address>0x2933</run_address>
         <size>0x82</size>
         <input_file_ref idref="fl-c"/>
      </object_component>
      <object_component id="oc-149">
         <name>.debug_line</name>
         <load_address>0x29b5</load_address>
         <run_address>0x29b5</run_address>
         <size>0x97</size>
         <input_file_ref idref="fl-c"/>
      </object_component>
      <object_component id="oc-e2">
         <name>.debug_line</name>
         <load_address>0x2a4c</load_address>
         <run_address>0x2a4c</run_address>
         <size>0x97</size>
         <input_file_ref idref="fl-c"/>
      </object_component>
      <object_component id="oc-d0">
         <name>.debug_line</name>
         <load_address>0x2ae3</load_address>
         <run_address>0x2ae3</run_address>
         <size>0xaf</size>
         <input_file_ref idref="fl-c"/>
      </object_component>
      <object_component id="oc-d7">
         <name>.debug_line</name>
         <load_address>0x2b92</load_address>
         <run_address>0x2b92</run_address>
         <size>0xc2</size>
         <input_file_ref idref="fl-c"/>
      </object_component>
      <object_component id="oc-dd">
         <name>.debug_line</name>
         <load_address>0x2c54</load_address>
         <run_address>0x2c54</run_address>
         <size>0xc2</size>
         <input_file_ref idref="fl-c"/>
      </object_component>
      <object_component id="oc-25">
         <name>.debug_line</name>
         <load_address>0x2d16</load_address>
         <run_address>0x2d16</run_address>
         <size>0x52</size>
         <input_file_ref idref="fl-12e"/>
      </object_component>
      <object_component id="oc-88">
         <name>.debug_line</name>
         <load_address>0x2d68</load_address>
         <run_address>0x2d68</run_address>
         <size>0x80</size>
         <input_file_ref idref="fl-12f"/>
      </object_component>
      <object_component id="oc-13">
         <name>.debug_line</name>
         <load_address>0x2de8</load_address>
         <run_address>0x2de8</run_address>
         <size>0x55</size>
         <input_file_ref idref="fl-12f"/>
      </object_component>
      <object_component id="oc-3c">
         <name>.debug_line</name>
         <load_address>0x2e3d</load_address>
         <run_address>0x2e3d</run_address>
         <size>0x3a</size>
         <input_file_ref idref="fl-12f"/>
      </object_component>
      <object_component id="oc-85">
         <name>.debug_line</name>
         <load_address>0x2e77</load_address>
         <run_address>0x2e77</run_address>
         <size>0x80</size>
         <input_file_ref idref="fl-12f"/>
      </object_component>
      <object_component id="oc-8b">
         <name>.debug_line</name>
         <load_address>0x2ef7</load_address>
         <run_address>0x2ef7</run_address>
         <size>0x80</size>
         <input_file_ref idref="fl-130"/>
      </object_component>
      <object_component id="oc-43">
         <name>.debug_line</name>
         <load_address>0x2f77</load_address>
         <run_address>0x2f77</run_address>
         <size>0x98</size>
         <input_file_ref idref="fl-130"/>
      </object_component>
      <object_component id="oc-1c">
         <name>.debug_line</name>
         <load_address>0x300f</load_address>
         <run_address>0x300f</run_address>
         <size>0x4b</size>
         <input_file_ref idref="fl-130"/>
      </object_component>
      <object_component id="oc-4a">
         <name>.debug_line</name>
         <load_address>0x305a</load_address>
         <run_address>0x305a</run_address>
         <size>0x39</size>
         <input_file_ref idref="fl-130"/>
      </object_component>
      <object_component id="oc-8f">
         <name>.debug_line</name>
         <load_address>0x3093</load_address>
         <run_address>0x3093</run_address>
         <size>0x80</size>
         <input_file_ref idref="fl-130"/>
      </object_component>
      <object_component id="oc-93">
         <name>.debug_line</name>
         <load_address>0x3113</load_address>
         <run_address>0x3113</run_address>
         <size>0x80</size>
         <input_file_ref idref="fl-131"/>
      </object_component>
      <object_component id="oc-22">
         <name>.debug_line</name>
         <load_address>0x3193</load_address>
         <run_address>0x3193</run_address>
         <size>0x4f</size>
         <input_file_ref idref="fl-131"/>
      </object_component>
      <object_component id="oc-55">
         <name>.debug_line</name>
         <load_address>0x31e2</load_address>
         <run_address>0x31e2</run_address>
         <size>0x34</size>
         <input_file_ref idref="fl-131"/>
      </object_component>
      <object_component id="oc-12d">
         <name>.debug_line</name>
         <load_address>0x3216</load_address>
         <run_address>0x3216</run_address>
         <size>0x7f</size>
         <input_file_ref idref="fl-132"/>
      </object_component>
      <object_component id="oc-12b">
         <name>.debug_line</name>
         <load_address>0x3295</load_address>
         <run_address>0x3295</run_address>
         <size>0x2a</size>
         <input_file_ref idref="fl-132"/>
      </object_component>
      <object_component id="oc-6c">
         <name>.debug_line</name>
         <load_address>0x32bf</load_address>
         <run_address>0x32bf</run_address>
         <size>0x7a</size>
         <input_file_ref idref="fl-132"/>
      </object_component>
      <object_component id="oc-34">
         <name>.debug_line</name>
         <load_address>0x3339</load_address>
         <run_address>0x3339</run_address>
         <size>0x88</size>
         <input_file_ref idref="fl-133"/>
      </object_component>
      <object_component id="oc-50">
         <name>.debug_line</name>
         <load_address>0x33c1</load_address>
         <run_address>0x33c1</run_address>
         <size>0x79</size>
         <input_file_ref idref="fl-134"/>
      </object_component>
      <object_component id="oc-5c">
         <name>.debug_line</name>
         <load_address>0x343a</load_address>
         <run_address>0x343a</run_address>
         <size>0x40</size>
         <input_file_ref idref="fl-135"/>
      </object_component>
      <object_component id="oc-af">
         <name>.debug_line</name>
         <load_address>0x347a</load_address>
         <run_address>0x347a</run_address>
         <size>0x33</size>
         <input_file_ref idref="fl-136"/>
      </object_component>
      <object_component id="oc-174">
         <name>.debug_line</name>
         <load_address>0x34ad</load_address>
         <run_address>0x34ad</run_address>
         <size>0x5b</size>
         <input_file_ref idref="fl-137"/>
      </object_component>
      <object_component id="oc-183">
         <name>.debug_line</name>
         <load_address>0x3508</load_address>
         <run_address>0x3508</run_address>
         <size>0x20</size>
         <input_file_ref idref="fl-138"/>
      </object_component>
      <object_component id="oc-127">
         <name>.debug_line</name>
         <load_address>0x3528</load_address>
         <run_address>0x3528</run_address>
         <size>0x2b</size>
         <input_file_ref idref="fl-138"/>
      </object_component>
      <object_component id="oc-124">
         <name>.debug_line</name>
         <load_address>0x3553</load_address>
         <run_address>0x3553</run_address>
         <size>0x68</size>
         <input_file_ref idref="fl-138"/>
      </object_component>
      <object_component id="oc-11a">
         <name>.debug_line</name>
         <load_address>0x35bb</load_address>
         <run_address>0x35bb</run_address>
         <size>0x2b</size>
         <input_file_ref idref="fl-139"/>
      </object_component>
      <object_component id="oc-68">
         <name>.debug_line</name>
         <load_address>0x35e6</load_address>
         <run_address>0x35e6</run_address>
         <size>0x50</size>
         <input_file_ref idref="fl-139"/>
      </object_component>
      <object_component id="oc-11e">
         <name>.debug_line</name>
         <load_address>0x3636</load_address>
         <run_address>0x3636</run_address>
         <size>0x2b</size>
         <input_file_ref idref="fl-139"/>
      </object_component>
      <object_component id="oc-b8">
         <name>.debug_line</name>
         <load_address>0x3661</load_address>
         <run_address>0x3661</run_address>
         <size>0x8f</size>
         <input_file_ref idref="fl-13a"/>
      </object_component>
      <object_component id="oc-62">
         <name>.debug_line</name>
         <load_address>0x36f0</load_address>
         <run_address>0x36f0</run_address>
         <size>0x79</size>
         <input_file_ref idref="fl-13a"/>
      </object_component>
      <object_component id="oc-bc">
         <name>.debug_line</name>
         <load_address>0x3769</load_address>
         <run_address>0x3769</run_address>
         <size>0x2e</size>
         <input_file_ref idref="fl-13a"/>
      </object_component>
      <object_component id="oc-c1">
         <name>.debug_line</name>
         <load_address>0x3797</load_address>
         <run_address>0x3797</run_address>
         <size>0x81</size>
         <input_file_ref idref="fl-13a"/>
      </object_component>
      <object_component id="oc-12f">
         <name>.debug_line</name>
         <load_address>0x3818</load_address>
         <run_address>0x3818</run_address>
         <size>0x8e</size>
         <input_file_ref idref="fl-13b"/>
      </object_component>
      <object_component id="oc-99">
         <name>.debug_line</name>
         <load_address>0x38a6</load_address>
         <run_address>0x38a6</run_address>
         <size>0x68</size>
         <input_file_ref idref="fl-13b"/>
      </object_component>
      <object_component id="oc-133">
         <name>.debug_line</name>
         <load_address>0x390e</load_address>
         <run_address>0x390e</run_address>
         <size>0x2e</size>
         <input_file_ref idref="fl-13b"/>
      </object_component>
      <object_component id="oc-197">
         <name>.debug_line</name>
         <load_address>0x393c</load_address>
         <run_address>0x393c</run_address>
         <size>0x3b</size>
         <input_file_ref idref="fl-13c"/>
      </object_component>
      <object_component id="oc-a2">
         <name>.debug_frame</name>
         <load_address>0x0</load_address>
         <run_address>0x0</run_address>
         <size>0xeb3</size>
         <input_file_ref idref="fl-2"/>
      </object_component>
      <object_component id="oc-2f">
         <name>.debug_frame</name>
         <load_address>0xeb3</load_address>
         <run_address>0xeb3</run_address>
         <size>0xb2</size>
         <input_file_ref idref="fl-3"/>
      </object_component>
      <object_component id="oc-114">
         <name>.debug_frame</name>
         <load_address>0xf65</load_address>
         <run_address>0xf65</run_address>
         <size>0x12a</size>
         <input_file_ref idref="fl-4"/>
      </object_component>
      <object_component id="oc-ef">
         <name>.debug_frame</name>
         <load_address>0x108f</load_address>
         <run_address>0x108f</run_address>
         <size>0x7f</size>
         <input_file_ref idref="fl-a"/>
      </object_component>
      <object_component id="oc-102">
         <name>.debug_frame</name>
         <load_address>0x110e</load_address>
         <run_address>0x110e</run_address>
         <size>0x7f</size>
         <input_file_ref idref="fl-b"/>
      </object_component>
      <object_component id="oc-164">
         <name>.debug_frame</name>
         <load_address>0x118d</load_address>
         <run_address>0x118d</run_address>
         <size>0x7f</size>
         <input_file_ref idref="fl-b"/>
      </object_component>
      <object_component id="oc-15e">
         <name>.debug_frame</name>
         <load_address>0x120c</load_address>
         <run_address>0x120c</run_address>
         <size>0x8f</size>
         <input_file_ref idref="fl-b"/>
      </object_component>
      <object_component id="oc-10e">
         <name>.debug_frame</name>
         <load_address>0x129b</load_address>
         <run_address>0x129b</run_address>
         <size>0x86</size>
         <input_file_ref idref="fl-b"/>
      </object_component>
      <object_component id="oc-fc">
         <name>.debug_frame</name>
         <load_address>0x1321</load_address>
         <run_address>0x1321</run_address>
         <size>0x8a</size>
         <input_file_ref idref="fl-b"/>
      </object_component>
      <object_component id="oc-108">
         <name>.debug_frame</name>
         <load_address>0x13ab</load_address>
         <run_address>0x13ab</run_address>
         <size>0x86</size>
         <input_file_ref idref="fl-b"/>
      </object_component>
      <object_component id="oc-14a">
         <name>.debug_frame</name>
         <load_address>0x1431</load_address>
         <run_address>0x1431</run_address>
         <size>0x7f</size>
         <input_file_ref idref="fl-c"/>
      </object_component>
      <object_component id="oc-e3">
         <name>.debug_frame</name>
         <load_address>0x14b0</load_address>
         <run_address>0x14b0</run_address>
         <size>0x7f</size>
         <input_file_ref idref="fl-c"/>
      </object_component>
      <object_component id="oc-d1">
         <name>.debug_frame</name>
         <load_address>0x152f</load_address>
         <run_address>0x152f</run_address>
         <size>0x8e</size>
         <input_file_ref idref="fl-c"/>
      </object_component>
      <object_component id="oc-d3">
         <name>.debug_frame</name>
         <load_address>0x15bd</load_address>
         <run_address>0x15bd</run_address>
         <size>0x7f</size>
         <input_file_ref idref="fl-c"/>
      </object_component>
      <object_component id="oc-d9">
         <name>.debug_frame</name>
         <load_address>0x163c</load_address>
         <run_address>0x163c</run_address>
         <size>0x7f</size>
         <input_file_ref idref="fl-c"/>
      </object_component>
      <object_component id="oc-17">
         <name>.debug_frame</name>
         <load_address>0x16bb</load_address>
         <run_address>0x16bb</run_address>
         <size>0x7f</size>
         <input_file_ref idref="fl-12f"/>
      </object_component>
      <object_component id="oc-44">
         <name>.debug_frame</name>
         <load_address>0x173a</load_address>
         <run_address>0x173a</run_address>
         <size>0x8e</size>
         <input_file_ref idref="fl-130"/>
      </object_component>
      <object_component id="oc-1d">
         <name>.debug_frame</name>
         <load_address>0x17c8</load_address>
         <run_address>0x17c8</run_address>
         <size>0x7f</size>
         <input_file_ref idref="fl-130"/>
      </object_component>
      <object_component id="oc-23">
         <name>.debug_frame</name>
         <load_address>0x1847</load_address>
         <run_address>0x1847</run_address>
         <size>0x7f</size>
         <input_file_ref idref="fl-131"/>
      </object_component>
      <object_component id="oc-6b">
         <name>.debug_frame</name>
         <load_address>0x18c6</load_address>
         <run_address>0x18c6</run_address>
         <size>0xb3</size>
         <input_file_ref idref="fl-132"/>
      </object_component>
      <object_component id="oc-5d">
         <name>.debug_frame</name>
         <load_address>0x1979</load_address>
         <run_address>0x1979</run_address>
         <size>0x7f</size>
         <input_file_ref idref="fl-135"/>
      </object_component>
      <object_component id="oc-125">
         <name>.debug_frame</name>
         <load_address>0x19f8</load_address>
         <run_address>0x19f8</run_address>
         <size>0xa1</size>
         <input_file_ref idref="fl-138"/>
      </object_component>
      <object_component id="oc-69">
         <name>.debug_frame</name>
         <load_address>0x1a99</load_address>
         <run_address>0x1a99</run_address>
         <size>0x7f</size>
         <input_file_ref idref="fl-139"/>
      </object_component>
      <object_component id="oc-63">
         <name>.debug_frame</name>
         <load_address>0x1b18</load_address>
         <run_address>0x1b18</run_address>
         <size>0x8a</size>
         <input_file_ref idref="fl-13a"/>
      </object_component>
      <object_component id="oc-9a">
         <name>.debug_frame</name>
         <load_address>0x1ba2</load_address>
         <run_address>0x1ba2</run_address>
         <size>0x8e</size>
         <input_file_ref idref="fl-13b"/>
      </object_component>
      <object_component id="oc-19b">
         <name>.debug_frame</name>
         <load_address>0x1c30</load_address>
         <run_address>0x1c30</run_address>
         <size>0x7f</size>
         <input_file_ref idref="fl-13c"/>
      </object_component>
      <object_component id="oc-14c">
         <name>.debug_abbrev</name>
         <load_address>0x0</load_address>
         <run_address>0x0</run_address>
         <size>0xe9</size>
         <input_file_ref idref="fl-2"/>
      </object_component>
      <object_component id="oc-135">
         <name>.debug_abbrev</name>
         <load_address>0xe9</load_address>
         <run_address>0xe9</run_address>
         <size>0x27</size>
         <input_file_ref idref="fl-2"/>
      </object_component>
      <object_component id="oc-137">
         <name>.debug_abbrev</name>
         <load_address>0x110</load_address>
         <run_address>0x110</run_address>
         <size>0x3b</size>
         <input_file_ref idref="fl-2"/>
      </object_component>
      <object_component id="oc-139">
         <name>.debug_abbrev</name>
         <load_address>0x14b</load_address>
         <run_address>0x14b</run_address>
         <size>0x27</size>
         <input_file_ref idref="fl-2"/>
      </object_component>
      <object_component id="oc-155">
         <name>.debug_abbrev</name>
         <load_address>0x172</load_address>
         <run_address>0x172</run_address>
         <size>0x27</size>
         <input_file_ref idref="fl-2"/>
      </object_component>
      <object_component id="oc-157">
         <name>.debug_abbrev</name>
         <load_address>0x199</load_address>
         <run_address>0x199</run_address>
         <size>0x27</size>
         <input_file_ref idref="fl-2"/>
      </object_component>
      <object_component id="oc-152">
         <name>.debug_abbrev</name>
         <load_address>0x1c0</load_address>
         <run_address>0x1c0</run_address>
         <size>0x27</size>
         <input_file_ref idref="fl-2"/>
      </object_component>
      <object_component id="oc-17f">
         <name>.debug_abbrev</name>
         <load_address>0x1e7</load_address>
         <run_address>0x1e7</run_address>
         <size>0x27</size>
         <input_file_ref idref="fl-2"/>
      </object_component>
      <object_component id="oc-118">
         <name>.debug_abbrev</name>
         <load_address>0x20e</load_address>
         <run_address>0x20e</run_address>
         <size>0x1e4</size>
         <input_file_ref idref="fl-2"/>
      </object_component>
      <object_component id="oc-14f">
         <name>.debug_abbrev</name>
         <load_address>0x3f2</load_address>
         <run_address>0x3f2</run_address>
         <size>0x38</size>
         <input_file_ref idref="fl-2"/>
      </object_component>
      <object_component id="oc-b2">
         <name>.debug_abbrev</name>
         <load_address>0x42a</load_address>
         <run_address>0x42a</run_address>
         <size>0x1f</size>
         <input_file_ref idref="fl-2"/>
      </object_component>
      <object_component id="oc-7e">
         <name>.debug_abbrev</name>
         <load_address>0x449</load_address>
         <run_address>0x449</run_address>
         <size>0x35</size>
         <input_file_ref idref="fl-2"/>
      </object_component>
      <object_component id="oc-17c">
         <name>.debug_abbrev</name>
         <load_address>0x47e</load_address>
         <run_address>0x47e</run_address>
         <size>0x4b</size>
         <input_file_ref idref="fl-2"/>
      </object_component>
      <object_component id="oc-75">
         <name>.debug_abbrev</name>
         <load_address>0x4c9</load_address>
         <run_address>0x4c9</run_address>
         <size>0x5d</size>
         <input_file_ref idref="fl-3"/>
      </object_component>
      <object_component id="oc-30">
         <name>.debug_abbrev</name>
         <load_address>0x526</load_address>
         <run_address>0x526</run_address>
         <size>0x29</size>
         <input_file_ref idref="fl-3"/>
      </object_component>
      <object_component id="oc-74">
         <name>.debug_abbrev</name>
         <load_address>0x54f</load_address>
         <run_address>0x54f</run_address>
         <size>0x79</size>
         <input_file_ref idref="fl-3"/>
      </object_component>
      <object_component id="oc-79">
         <name>.debug_abbrev</name>
         <load_address>0x5c8</load_address>
         <run_address>0x5c8</run_address>
         <size>0x1f</size>
         <input_file_ref idref="fl-3"/>
      </object_component>
      <object_component id="oc-19d">
         <name>.debug_abbrev</name>
         <load_address>0x5e7</load_address>
         <run_address>0x5e7</run_address>
         <size>0xb7</size>
         <input_file_ref idref="fl-4"/>
      </object_component>
      <object_component id="oc-194">
         <name>.debug_abbrev</name>
         <load_address>0x69e</load_address>
         <run_address>0x69e</run_address>
         <size>0x27</size>
         <input_file_ref idref="fl-4"/>
      </object_component>
      <object_component id="oc-192">
         <name>.debug_abbrev</name>
         <load_address>0x6c5</load_address>
         <run_address>0x6c5</run_address>
         <size>0x27</size>
         <input_file_ref idref="fl-4"/>
      </object_component>
      <object_component id="oc-178">
         <name>.debug_abbrev</name>
         <load_address>0x6ec</load_address>
         <run_address>0x6ec</run_address>
         <size>0xba</size>
         <input_file_ref idref="fl-4"/>
      </object_component>
      <object_component id="oc-154">
         <name>.debug_abbrev</name>
         <load_address>0x7a6</load_address>
         <run_address>0x7a6</run_address>
         <size>0x50</size>
         <input_file_ref idref="fl-a"/>
      </object_component>
      <object_component id="oc-18d">
         <name>.debug_abbrev</name>
         <load_address>0x7f6</load_address>
         <run_address>0x7f6</run_address>
         <size>0x72</size>
         <input_file_ref idref="fl-b"/>
      </object_component>
      <object_component id="oc-18f">
         <name>.debug_abbrev</name>
         <load_address>0x868</load_address>
         <run_address>0x868</run_address>
         <size>0x27</size>
         <input_file_ref idref="fl-b"/>
      </object_component>
      <object_component id="oc-167">
         <name>.debug_abbrev</name>
         <load_address>0x88f</load_address>
         <run_address>0x88f</run_address>
         <size>0x6c</size>
         <input_file_ref idref="fl-b"/>
      </object_component>
      <object_component id="oc-18c">
         <name>.debug_abbrev</name>
         <load_address>0x8fb</load_address>
         <run_address>0x8fb</run_address>
         <size>0x6c</size>
         <input_file_ref idref="fl-b"/>
      </object_component>
      <object_component id="oc-18b">
         <name>.debug_abbrev</name>
         <load_address>0x967</load_address>
         <run_address>0x967</run_address>
         <size>0x6c</size>
         <input_file_ref idref="fl-b"/>
      </object_component>
      <object_component id="oc-16c">
         <name>.debug_abbrev</name>
         <load_address>0x9d3</load_address>
         <run_address>0x9d3</run_address>
         <size>0x6c</size>
         <input_file_ref idref="fl-b"/>
      </object_component>
      <object_component id="oc-165">
         <name>.debug_abbrev</name>
         <load_address>0xa3f</load_address>
         <run_address>0xa3f</run_address>
         <size>0x7a</size>
         <input_file_ref idref="fl-b"/>
      </object_component>
      <object_component id="oc-16b">
         <name>.debug_abbrev</name>
         <load_address>0xab9</load_address>
         <run_address>0xab9</run_address>
         <size>0x6c</size>
         <input_file_ref idref="fl-b"/>
      </object_component>
      <object_component id="oc-186">
         <name>.debug_abbrev</name>
         <load_address>0xb25</load_address>
         <run_address>0xb25</run_address>
         <size>0x8e</size>
         <input_file_ref idref="fl-c"/>
      </object_component>
      <object_component id="oc-188">
         <name>.debug_abbrev</name>
         <load_address>0xbb3</load_address>
         <run_address>0xbb3</run_address>
         <size>0x27</size>
         <input_file_ref idref="fl-c"/>
      </object_component>
      <object_component id="oc-184">
         <name>.debug_abbrev</name>
         <load_address>0xbda</load_address>
         <run_address>0xbda</run_address>
         <size>0x29</size>
         <input_file_ref idref="fl-c"/>
      </object_component>
      <object_component id="oc-18a">
         <name>.debug_abbrev</name>
         <load_address>0xc03</load_address>
         <run_address>0xc03</run_address>
         <size>0x40</size>
         <input_file_ref idref="fl-c"/>
      </object_component>
      <object_component id="oc-14b">
         <name>.debug_abbrev</name>
         <load_address>0xc43</load_address>
         <run_address>0xc43</run_address>
         <size>0x6c</size>
         <input_file_ref idref="fl-c"/>
      </object_component>
      <object_component id="oc-13e">
         <name>.debug_abbrev</name>
         <load_address>0xcaf</load_address>
         <run_address>0xcaf</run_address>
         <size>0x6c</size>
         <input_file_ref idref="fl-c"/>
      </object_component>
      <object_component id="oc-143">
         <name>.debug_abbrev</name>
         <load_address>0xd1b</load_address>
         <run_address>0xd1b</run_address>
         <size>0x6c</size>
         <input_file_ref idref="fl-c"/>
      </object_component>
      <object_component id="oc-144">
         <name>.debug_abbrev</name>
         <load_address>0xd87</load_address>
         <run_address>0xd87</run_address>
         <size>0x6c</size>
         <input_file_ref idref="fl-c"/>
      </object_component>
      <object_component id="oc-73">
         <name>.debug_abbrev</name>
         <load_address>0xdf3</load_address>
         <run_address>0xdf3</run_address>
         <size>0x3e</size>
         <input_file_ref idref="fl-12e"/>
      </object_component>
      <object_component id="oc-87">
         <name>.debug_abbrev</name>
         <load_address>0xe31</load_address>
         <run_address>0xe31</run_address>
         <size>0x52</size>
         <input_file_ref idref="fl-12f"/>
      </object_component>
      <object_component id="oc-38">
         <name>.debug_abbrev</name>
         <load_address>0xe83</load_address>
         <run_address>0xe83</run_address>
         <size>0x74</size>
         <input_file_ref idref="fl-12f"/>
      </object_component>
      <object_component id="oc-3b">
         <name>.debug_abbrev</name>
         <load_address>0xef7</load_address>
         <run_address>0xef7</run_address>
         <size>0x24</size>
         <input_file_ref idref="fl-12f"/>
      </object_component>
      <object_component id="oc-84">
         <name>.debug_abbrev</name>
         <load_address>0xf1b</load_address>
         <run_address>0xf1b</run_address>
         <size>0x24</size>
         <input_file_ref idref="fl-12f"/>
      </object_component>
      <object_component id="oc-8a">
         <name>.debug_abbrev</name>
         <load_address>0xf3f</load_address>
         <run_address>0xf3f</run_address>
         <size>0x52</size>
         <input_file_ref idref="fl-130"/>
      </object_component>
      <object_component id="oc-89">
         <name>.debug_abbrev</name>
         <load_address>0xf91</load_address>
         <run_address>0xf91</run_address>
         <size>0x7b</size>
         <input_file_ref idref="fl-130"/>
      </object_component>
      <object_component id="oc-45">
         <name>.debug_abbrev</name>
         <load_address>0x100c</load_address>
         <run_address>0x100c</run_address>
         <size>0x66</size>
         <input_file_ref idref="fl-130"/>
      </object_component>
      <object_component id="oc-49">
         <name>.debug_abbrev</name>
         <load_address>0x1072</load_address>
         <run_address>0x1072</run_address>
         <size>0x24</size>
         <input_file_ref idref="fl-130"/>
      </object_component>
      <object_component id="oc-8e">
         <name>.debug_abbrev</name>
         <load_address>0x1096</load_address>
         <run_address>0x1096</run_address>
         <size>0x24</size>
         <input_file_ref idref="fl-130"/>
      </object_component>
      <object_component id="oc-92">
         <name>.debug_abbrev</name>
         <load_address>0x10ba</load_address>
         <run_address>0x10ba</run_address>
         <size>0x52</size>
         <input_file_ref idref="fl-131"/>
      </object_component>
      <object_component id="oc-51">
         <name>.debug_abbrev</name>
         <load_address>0x110c</load_address>
         <run_address>0x110c</run_address>
         <size>0x74</size>
         <input_file_ref idref="fl-131"/>
      </object_component>
      <object_component id="oc-54">
         <name>.debug_abbrev</name>
         <load_address>0x1180</load_address>
         <run_address>0x1180</run_address>
         <size>0x24</size>
         <input_file_ref idref="fl-131"/>
      </object_component>
      <object_component id="oc-12c">
         <name>.debug_abbrev</name>
         <load_address>0x11a4</load_address>
         <run_address>0x11a4</run_address>
         <size>0x6b</size>
         <input_file_ref idref="fl-132"/>
      </object_component>
      <object_component id="oc-12a">
         <name>.debug_abbrev</name>
         <load_address>0x120f</load_address>
         <run_address>0x120f</run_address>
         <size>0x29</size>
         <input_file_ref idref="fl-132"/>
      </object_component>
      <object_component id="oc-ab">
         <name>.debug_abbrev</name>
         <load_address>0x1238</load_address>
         <run_address>0x1238</run_address>
         <size>0xba</size>
         <input_file_ref idref="fl-132"/>
      </object_component>
      <object_component id="oc-81">
         <name>.debug_abbrev</name>
         <load_address>0x12f2</load_address>
         <run_address>0x12f2</run_address>
         <size>0x3e</size>
         <input_file_ref idref="fl-133"/>
      </object_component>
      <object_component id="oc-91">
         <name>.debug_abbrev</name>
         <load_address>0x1330</load_address>
         <run_address>0x1330</run_address>
         <size>0x4f</size>
         <input_file_ref idref="fl-134"/>
      </object_component>
      <object_component id="oc-94">
         <name>.debug_abbrev</name>
         <load_address>0x137f</load_address>
         <run_address>0x137f</run_address>
         <size>0x55</size>
         <input_file_ref idref="fl-135"/>
      </object_component>
      <object_component id="oc-ae">
         <name>.debug_abbrev</name>
         <load_address>0x13d4</load_address>
         <run_address>0x13d4</run_address>
         <size>0x27</size>
         <input_file_ref idref="fl-136"/>
      </object_component>
      <object_component id="oc-19c">
         <name>.debug_abbrev</name>
         <load_address>0x13fb</load_address>
         <run_address>0x13fb</run_address>
         <size>0x4a</size>
         <input_file_ref idref="fl-137"/>
      </object_component>
[...]
         <object_component_ref idref="oc-9d"/>
      </symbol>
      <symbol id="sm-2b1">
         <name>glcd_data</name>
         <value>0x2155</value>
         <object_component_ref idref="oc-9d"/>
      </symbol>
      <symbol id="sm-2b2">
         <name>UARTClockSourceSet</name>
         <value>0x7d1</value>
         <object_component_ref idref="oc-9d"/>
      </symbol>
      <symbol id="sm-2b3">
         <name>SysCtlDeepSleep</name>
         <value>0x15d1</value>
         <object_component_ref idref="oc-9d"/>
      </symbol>
      <symbol id="sm-2b4">
         <name>ADCBusy</name>
         <value>0xfdb</value>
         <object_component_ref idref="oc-9d"/>
      </symbol>
      <symbol id="sm-2b5">
         <name>SysCtlLDODeepSleepSet</name>
         <value>0x1587</value>
         <object_component_ref idref="oc-9d"/>
      </symbol>
      <symbol id="sm-2b6">
         <name>UARTTxIntModeGet</name>
         <value>0x5d9</value>
         <object_component_ref idref="oc-9d"/>
      </symbol>
      <symbol id="sm-2b7">
         <name>SysCtlPeripheralPowerOn</name>
         <value>0x1203</value>
         <object_component_ref idref="oc-9d"/>
      </symbol>
      <symbol id="sm-2b8">
         <name>UARTModemStatusGet</name>
         <value>0x57b</value>
         <object_component_ref idref="oc-9d"/>
      </symbol>
      <symbol id="sm-2b9">
         <name>SysCtlPeripheralDeepSleepDisable</name>
         <value>0x1455</value>
         <object_component_ref idref="oc-9d"/>
      </symbol>
      <symbol id="sm-2ba">
         <name>ADCComparatorReset</name>
         <value>0xe3b</value>
         <object_component_ref idref="oc-9d"/>
      </symbol>
      <symbol id="sm-2bb">
         <name>SysCtlPeripheralSleepDisable</name>
         <value>0x13c9</value>
         <object_component_ref idref="oc-9d"/>
      </symbol>
      <symbol id="sm-2bc">
         <name>UARTIntDisable</name>
         <value>0x737</value>
         <object_component_ref idref="oc-9d"/>
      </symbol>
      <symbol id="sm-2bd">
         <name>UARTCharPut</name>
         <value>0x67d</value>
         <object_component_ref idref="oc-9d"/>
      </symbol>
      <symbol id="sm-2be">
         <name>SysCtlResetBehaviorSet</name>
         <value>0x166d</value>
         <object_component_ref idref="oc-9d"/>
      </symbol>
      <symbol id="sm-2bf">
         <name>UARTParityModeSet</name>
         <value>0x2cf</value>
         <object_component_ref idref="oc-9d"/>
      </symbol>
      <symbol id="sm-2c0">
         <name>SysCtlReset</name>
         <value>0x15c1</value>
         <object_component_ref idref="oc-9d"/>
      </symbol>
      <symbol id="sm-2c1">
         <name>UARTRxErrorGet</name>
         <value>0x7af</value>
         <object_component_ref idref="oc-9d"/>
      </symbol>
      <symbol id="sm-2c2">
         <name>UARTConfigGetExpClk</name>
         <value>0x3b3</value>
         <object_component_ref idref="oc-9d"/>
      </symbol>
      <symbol id="sm-2c3">
         <name>UARTEnableSIR</name>
         <value>0x479</value>
         <object_component_ref idref="oc-9d"/>
      </symbol>
      <symbol id="sm-2c4">
         <name>ADCReferenceSet</name>
         <value>0xf55</value>
         <object_component_ref idref="oc-9d"/>
      </symbol>
      <symbol id="sm-2c5">
         <name>SysCtlGPIOAHBDisable</name>
         <value>0x1e53</value>
         <object_component_ref idref="oc-9d"/>
      </symbol>
      <symbol id="sm-2c6">
         <name>SysCtlSRAMSizeGet</name>
         <value>0x1125</value>
         <object_component_ref idref="oc-9d"/>
      </symbol>
      <symbol id="sm-2c7">
         <name>UARTEnable</name>
         <value>0x3ff</value>
         <object_component_ref idref="oc-9d"/>
      </symbol>
      <symbol id="sm-2c8">
         <name>SysCtlClockGet</name>
         <value>0x1bb5</value>
         <object_component_ref idref="oc-9d"/>
      </symbol>
      <symbol id="sm-2c9">
         <name>UART9BitAddrSend</name>
         <value>0x847</value>
         <object_component_ref idref="oc-9d"/>
      </symbol>
      <symbol id="sm-2ca">
         <name>UARTModemControlGet</name>
         <value>0x569</value>
         <object_component_ref idref="oc-9d"/>
      </symbol>
      <symbol id="sm-2cb">
         <name>SysCtlPeripheralDisable</name>
         <value>0x133f</value>
         <object_component_ref idref="oc-9d"/>
      </symbol>
      <symbol id="sm-2cc">
         <name>UARTSmartCardEnable</name>
         <value>0x4bd</value>
         <object_component_ref idref="oc-9d"/>
      </symbol>
      <symbol id="sm-2cd">
         <name>UARTFlowControlGet</name>
         <value>0x5ab</value>
         <object_component_ref idref="oc-9d"/>
      </symbol>
      <symbol id="sm-2ce">
         <name>ADCPhaseDelayGet</name>
         <value>0xf95</value>
         <object_component_ref idref="oc-9d"/>
      </symbol>
      <symbol id="sm-2cf">
         <name>UARTFIFOEnable</name>
         <value>0x44d</value>
         <object_component_ref idref="oc-9d"/>
      </symbol>
      <symbol id="sm-2d0">
         <name>ADCSequenceStepConfigure</name>
         <value>0xaad</value>
         <object_component_ref idref="oc-9d"/>
      </symbol>
      <symbol id="sm-2d1">
         <name>UARTIntClear</name>
         <value>0x76d</value>
         <object_component_ref idref="oc-9d"/>
      </symbol>
      <symbol id="sm-2d2">
         <name>UARTIntStatus</name>
         <value>0x74f</value>
         <object_component_ref idref="oc-9d"/>
      </symbol>
      <symbol id="sm-2d3">
         <name>UARTDMADisable</name>
         <value>0x797</value>
         <object_component_ref idref="oc-9d"/>
      </symbol>
      <symbol id="sm-2d4">
         <name>SysCtlPWMClockSet</name>
         <value>0x1e07</value>
         <object_component_ref idref="oc-9d"/>
      </symbol>
      <symbol id="sm-2d5">
         <name>ADCSequenceDMADisable</name>
         <value>0xfbf</value>
         <object_component_ref idref="oc-9d"/>
      </symbol>
      <symbol id="sm-2d6">
         <name>ADCIntClear</name>
         <value>0x9df</value>
         <object_component_ref idref="oc-9d"/>
      </symbol>
      <symbol id="sm-2d7">
         <name>SysCtlUSBPLLEnable</name>
         <value>0x1e6f</value>
         <object_component_ref idref="oc-9d"/>
      </symbol>
      <symbol id="sm-2d8">
         <name>ADCHardwareOversampleConfigure</name>
         <value>0xdc9</value>
         <object_component_ref idref="oc-9d"/>
      </symbol>
      <symbol id="sm-2d9">
         <name>SysCtlPeripheralSleepEnable</name>
         <value>0x1385</value>
         <object_component_ref idref="oc-9d"/>
      </symbol>
      <symbol id="sm-2da">
         <name>SysCtlIntUnregister</name>
         <value>0x1509</value>
         <object_component_ref idref="oc-9d"/>
      </symbol>
      <symbol id="sm-2db">
         <name>UART9BitEnable</name>
         <value>0x7f5</value>
         <object_component_ref idref="oc-9d"/>
      </symbol>
      <symbol id="sm-2dc">
         <name>ADCIntStatus</name>
         <value>0x987</value>
         <object_component_ref idref="oc-9d"/>
      </symbol>
      <symbol id="sm-2dd">
         <name>ADCIntRegister</name>
         <value>0x8ff</value>
         <object_component_ref idref="oc-9d"/>
      </symbol>
      <symbol id="sm-2de">
         <name>UARTSpaceAvail</name>
         <value>0x609</value>
         <object_component_ref idref="oc-9d"/>
      </symbol>
      <symbol id="sm-2df">
         <name>UARTCharGet</name>
         <value>0x643</value>
         <object_component_ref idref="oc-9d"/>
      </symbol>
      <symbol id="sm-2e0">
         <name>ADCSequenceDisable</name>
         <value>0xa0f</value>
         <object_component_ref idref="oc-9d"/>
      </symbol>
      <symbol id="sm-2e1">
         <name>UARTFIFOLevelSet</name>
         <value>0x2fd</value>
         <object_component_ref idref="oc-9d"/>
      </symbol>
      <symbol id="sm-2e2">
         <name>ADCClockConfigSet</name>
         <value>0xff9</value>
         <object_component_ref idref="oc-9d"/>
      </symbol>
      <symbol id="sm-2e3">
         <name>ADCSoftwareOversampleDataGet</name>
         <value>0xd5b</value>
         <object_component_ref idref="oc-9d"/>
      </symbol>
      <symbol id="sm-2e4">
         <name>UARTModemControlClear</name>
         <value>0x545</value>
         <object_component_ref idref="oc-9d"/>
      </symbol>
      <symbol id="sm-2e5">
         <name>SysCtlUSBPLLDisable</name>
         <value>0x1e7b</value>
         <object_component_ref idref="oc-9d"/>
      </symbol>
      <symbol id="sm-2e6">
         <name>UARTParityModeGet</name>
         <value>0x2eb</value>
         <object_component_ref idref="oc-9d"/>
      </symbol>
      <symbol id="sm-2e7">
         <name>UARTIntRegister</name>
         <value>0x6e3</value>
         <object_component_ref idref="oc-9d"/>
      </symbol>
      <symbol id="sm-2e8">
         <name>SysCtlPeripheralReady</name>
         <value>0x11c3</value>
         <object_component_ref idref="oc-9d"/>
      </symbol>
      <symbol id="sm-2e9">
         <name>SysCtlPIOSCCalibrate</name>
         <value>0x161d</value>
         <object_component_ref idref="oc-9d"/>
      </symbol>
      <symbol id="sm-2ea">
         <name>SysCtlResetCauseClear</name>
         <value>0x15f3</value>
         <object_component_ref idref="oc-9d"/>
      </symbol>
      <symbol id="sm-2eb">
         <name>ADCSequenceDataGet</name>
         <value>0xbfd</value>
         <object_component_ref idref="oc-9d"/>
      </symbol>
      <symbol id="sm-2ec">
         <name>SysCtlLDOSleepGet</name>
         <value>0x1581</value>
         <object_component_ref idref="oc-9d"/>
      </symbol>
      <symbol id="sm-2ed">
         <name>SysCtlClockFreqSet</name>
         <value>0x16d1</value>
         <object_component_ref idref="oc-9d"/>
      </symbol>
      <symbol id="sm-2ee">
         <name>SysCtlPeripheralReset</name>
         <value>0x127b</value>
         <object_component_ref idref="oc-9d"/>
      </symbol>
      <symbol id="sm-2ef">
         <name>UARTBreakCtl</name>
         <value>0x69b</value>
         <object_component_ref idref="oc-9d"/>
      </symbol>
      <symbol id="sm-2f0">
         <name>UART9BitAddrSet</name>
         <value>0x821</value>
         <object_component_ref idref="oc-9d"/>
      </symbol>
      <symbol id="sm-2f1">
         <name>glcd_cmd</name>
         <value>0x20f5</value>
         <object_component_ref idref="oc-9d"/>
      </symbol>
      <symbol id="sm-312">
         <name>ResetISR</name>
         <value>0x2de1</value>
         <object_component_ref idref="oc-2a"/>
      </symbol>
      <symbol id="sm-313">
         <name>g_pfnVectors</name>
         <value>0x0</value>
         <object_component_ref idref="oc-f"/>
      </symbol>
      <symbol id="sm-378">
         <name>UARTgetc</name>
         <value>0x244f</value>
         <object_component_ref idref="oc-10f"/>
      </symbol>
      <symbol id="sm-379">
         <name>UARTgets</name>
         <value>0x2395</value>
         <object_component_ref idref="oc-10f"/>
      </symbol>
      <symbol id="sm-37a">
         <name>UARTStdioConfig</name>
         <value>0x2309</value>
         <object_component_ref idref="oc-10f"/>
      </symbol>
      <symbol id="sm-37b">
         <name>UARTwrite</name>
         <value>0x234f</value>
         <object_component_ref idref="oc-10f"/>
      </symbol>
      <symbol id="sm-37c">
         <name>UARTprintf</name>
         <value>0x276f</value>
         <object_component_ref idref="oc-10f"/>
      </symbol>
      <symbol id="sm-37d">
         <name>UARTvprintf</name>
         <value>0x2475</value>
         <object_component_ref idref="oc-10f"/>
      </symbol>
      <symbol id="sm-387">
         <name>CPUwfi</name>
         <value>0x2dff</value>
         <object_component_ref idref="oc-ea"/>
      </symbol>
      <symbol id="sm-3c9">
         <name>GPIOPinConfigure</name>
         <value>0x2c31</value>
         <object_component_ref idref="oc-103"/>
      </symbol>
      <symbol id="sm-3ca">
         <name>GPIOPinTypeUART</name>
         <value>0x2db5</value>
         <object_component_ref idref="oc-109"/>
      </symbol>
      <symbol id="sm-3cb">
         <name>GPIOPinTypeGPIOOutput</name>
         <value>0x2d5b</value>
         <object_component_ref idref="oc-f7"/>
      </symbol>
      <symbol id="sm-3cc">
         <name>GPIODirModeSet</name>
         <value>0x2d31</value>
         <object_component_ref idref="oc-15f"/>
      </symbol>
      <symbol id="sm-3cd">
         <name>GPIOPinWrite</name>
         <value>0x2ded</value>
         <object_component_ref idref="oc-fd"/>
      </symbol>
      <symbol id="sm-3ce">
         <name>GPIOPadConfigSet</name>
         <value>0x27a5</value>
         <object_component_ref idref="oc-159"/>
      </symbol>
      <symbol id="sm-42f">
         <name>IntEnable</name>
         <value>0x2b2d</value>
         <object_component_ref idref="oc-d2"/>
      </symbol>
      <symbol id="sm-430">
         <name>IntDisable</name>
         <value>0x2ac5</value>
         <object_component_ref idref="oc-d8"/>
      </symbol>
      <symbol id="sm-431">
         <name>IntRegister</name>
         <value>0x2cfd</value>
         <object_component_ref idref="oc-cc"/>
      </symbol>
      <symbol id="sm-432">
         <name>IntUnregister</name>
         <value>0x2d8d</value>
         <object_component_ref idref="oc-de"/>
      </symbol>
      <symbol id="sm-433">
         <name>g_pfnRAMVectors</name>
         <value>0x20000000</value>
         <object_component_ref idref="oc-13b"/>
      </symbol>
      <symbol id="sm-445">
         <name>_c_int00</name>
         <value>0x2b95</value>
         <object_component_ref idref="oc-24"/>
      </symbol>
      <symbol id="sm-446">
         <name>__stack</name>
         <value>0x2000026c</value>
         <object_component_ref idref="oc-29"/>
      </symbol>
      <symbol id="sm-45d">
         <name>__TI_decompress_none</name>
         <value>0x2dc7</value>
         <object_component_ref idref="oc-12"/>
      </symbol>
      <symbol id="sm-485">
         <name>__TI_decompress_rle24</name>
         <value>0x2df9</value>
         <object_component_ref idref="oc-18"/>
      </symbol>
      <symbol id="sm-497">
         <name>__TI_zero_init</name>
         <value>0x2dd5</value>
         <object_component_ref idref="oc-1e"/>
      </symbol>
      <symbol id="sm-4b6">
         <name>C$$EXIT</name>
         <value>0x2c79</value>
         <object_component_ref idref="oc-6a"/>
      </symbol>
      <symbol id="sm-4b7">
         <name>abort</name>
         <value>0x2c7d</value>
         <object_component_ref idref="oc-6a"/>
      </symbol>
      <symbol id="sm-4b8">
         <name>exit</name>
         <value>0x2c85</value>
         <object_component_ref idref="oc-6a"/>
      </symbol>
      <symbol id="sm-4b9">
         <name>__TI_dtors_ptr</name>
         <value>0x20000478</value>
         <object_component_ref idref="oc-a8"/>
      </symbol>
      <symbol id="sm-4ba">
         <name>__TI_cleanup_ptr</name>
         <value>0x20000474</value>
         <object_component_ref idref="oc-a8"/>
      </symbol>
      <symbol id="sm-4d5">
         <name>memcpy</name>
         <value>0x28d7</value>
         <object_component_ref idref="oc-33"/>
      </symbol>
      <symbol id="sm-4d6">
         <name>__aeabi_memcpy</name>
         <value>0x28d7</value>
         <object_component_ref idref="oc-33"/>
      </symbol>
      <symbol id="sm-4d7">
         <name>__aeabi_memcpy8</name>
         <value>0x28d7</value>
         <object_component_ref idref="oc-33"/>
      </symbol>
      <symbol id="sm-4d8">
         <name>__aeabi_memcpy4</name>
         <value>0x28d7</value>
         <object_component_ref idref="oc-33"/>
      </symbol>
      <symbol id="sm-4e7">
         <name>__aeabi_memset</name>
         <value>0x2975</value>
         <object_component_ref idref="oc-4c"/>
      </symbol>
      <symbol id="sm-4e8">
         <name>memset</name>
         <value>0x297b</value>
         <object_component_ref idref="oc-4c"/>
      </symbol>
      <symbol id="sm-4e9">
         <name>__aeabi_memset8</name>
         <value>0x2975</value>
         <object_component_ref idref="oc-4c"/>
      </symbol>
      <symbol id="sm-4ea">
         <name>__aeabi_memset4</name>
         <value>0x2975</value>
         <object_component_ref idref="oc-4c"/>
      </symbol>
      <symbol id="sm-4eb">
         <name>__aeabi_memclr8</name>
         <value>0x2973</value>
         <object_component_ref idref="oc-4c"/>
      </symbol>
      <symbol id="sm-4ec">
         <name>__aeabi_memclr4</name>
         <value>0x2973</value>
         <object_component_ref idref="oc-4c"/>
      </symbol>
      <symbol id="sm-4ed">
         <name>__aeabi_memclr</name>
         <value>0x2973</value>
         <object_component_ref idref="oc-4c"/>
      </symbol>
      <symbol id="sm-4f7">
         <name>_system_pre_init</name>
         <value>0x2e03</value>
         <object_component_ref idref="oc-58"/>
      </symbol>
      <symbol id="sm-4ff">
         <name>main_func_sp</name>
         <value>0x20000484</value>
         <object_component_ref idref="oc-70"/>
      </symbol>
      <symbol id="sm-511">
         <name>__aeabi_uidivmod</name>
         <value>0x2cbd</value>
         <object_component_ref idref="oc-173"/>
      </symbol>
      <symbol id="sm-512">
         <name>__aeabi_uidiv</name>
         <value>0x2cbd</value>
         <object_component_ref idref="oc-173"/>
      </symbol>
      <symbol id="sm-52b">
         <name>_nop</name>
         <value>0x2daf</value>
         <object_component_ref idref="oc-120"/>
      </symbol>
      <symbol id="sm-52c">
         <name>_lock</name>
         <value>0x2000046c</value>
         <object_component_ref idref="oc-a5"/>
      </symbol>
      <symbol id="sm-52d">
         <name>_unlock</name>
         <value>0x20000470</value>
         <object_component_ref idref="oc-a5"/>
      </symbol>
      <symbol id="sm-52e">
         <name>_register_lock</name>
         <value>0x2da7</value>
         <object_component_ref idref="oc-120"/>
      </symbol>
      <symbol id="sm-52f">
         <name>_register_unlock</name>
         <value>0x2da1</value>
         <object_component_ref idref="oc-120"/>
      </symbol>
      <symbol id="sm-544">
         <name>_args_main</name>
         <value>0x2d75</value>
         <object_component_ref idref="oc-64"/>
      </symbol>
      <symbol id="sm-56a">
         <name>__TI_auto_init</name>
         <value>0x29ed</value>
         <object_component_ref idref="oc-5e"/>
      </symbol>
      <symbol id="sm-584">
         <name>copy_in</name>
         <value>0x2be5</value>
         <object_component_ref idref="oc-95"/>
      </symbol>
      <symbol id="sm-58e">
         <name>__aeabi_idiv0</name>
         <value>0x2d73</value>
         <object_component_ref idref="oc-196"/>
      </symbol>
      <symbol id="sm-58f">
         <name>__TI_static_base__</name>
         <value>0x0</value>
      </symbol>
      <symbol id="sm-592">
         <name>SHT$$INIT_ARRAY$$Limit</name>
         <value>0x0</value>
      </symbol>
      <symbol id="sm-593">
         <name>SHT$$INIT_ARRAY$$Base</name>
         <value>0x0</value>
      </symbol>
   </symbol_table>
   <title>Link successful</title>
</link_info>
